<?xml version="1.0"?>
<link_info>
   <banner>TI ARM Linker PC v16.9.6.LTS</banner>
   <copyright>Copyright (c) 1996-2017 Texas Instruments Incorporated</copyright>
   <link_time>0x616fd71f</link_time>
   <link_errors>0x0</link_errors>
   <output_file>Lab4_ADC_IRSensors.out</output_file>
   <entry_point>
      <name>_c_int00</name>
      <address>0x35a5</address>
   </entry_point>
   <input_file_list>
      <input_file id="fl-2">
         <path>.\</path>
         <kind>object</kind>
         <file>ADC14.obj</file>
         <name>ADC14.obj</name>
      </input_file>
      <input_file id="fl-3">
         <path>.\</path>
         <kind>object</kind>
         <file>Clock.obj</file>
         <name>Clock.obj</name>
      </input_file>
      <input_file id="fl-4">
         <path>.\</path>
         <kind>object</kind>
         <file>CortexM.obj</file>
         <name>CortexM.obj</name>
      </input_file>
      <input_file id="fl-5">
         <path>.\</path>
         <kind>object</kind>
         <file>IRDistance.obj</file>
         <name>IRDistance.obj</name>
      </input_file>
      <input_file id="fl-6">
         <path>.\</path>
         <kind>object</kind>
         <file>LPF.obj</file>
         <name>LPF.obj</name>
      </input_file>
      <input_file id="fl-7">
         <path>.\</path>
         <kind>object</kind>
         <file>Lab4_ADCmain.obj</file>
         <name>Lab4_ADCmain.obj</name>
      </input_file>
      <input_file id="fl-8">
         <path>.\</path>
         <kind>object</kind>
         <file>LaunchPad.obj</file>
         <name>LaunchPad.obj</name>
      </input_file>
      <input_file id="fl-9">
         <path>.\</path>
         <kind>object</kind>
         <file>TimerA1.obj</file>
         <name>TimerA1.obj</name>
      </input_file>
      <input_file id="fl-a">
         <path>.\</path>
         <kind>object</kind>
         <file>UART0.obj</file>
         <name>UART0.obj</name>
      </input_file>
      <input_file id="fl-b">
         <path>.\</path>
         <kind>object</kind>
         <file>startup_msp432p401r_ccs.obj</file>
         <name>startup_msp432p401r_ccs.obj</name>
      </input_file>
      <input_file id="fl-c">
         <path>.\</path>
         <kind>object</kind>
         <file>system_msp432p401r.obj</file>
         <name>system_msp432p401r.obj</name>
      </input_file>
      <input_file id="fl-10">
         <kind>object</kind>
         <file>&lt;internal&gt;</file>
         <name>&lt;internal&gt;</name>
      </input_file>
      <input_file id="fl-c6">
         <path>C:\ti\ccsv7\tools\compiler\ti-cgt-arm_16.9.6.LTS\lib\</path>
         <kind>archive</kind>
         <file>rtsv7M4_T_le_v4SPD16_eabi.lib</file>
         <name>add_device.obj</name>
      </input_file>
      <input_file id="fl-c7">
         <path>C:\ti\ccsv7\tools\compiler\ti-cgt-arm_16.9.6.LTS\lib\</path>
         <kind>archive</kind>
         <file>rtsv7M4_T_le_v4SPD16_eabi.lib</file>
         <name>boot.obj</name>
      </input_file>
      <input_file id="fl-c8">
         <path>C:\ti\ccsv7\tools\compiler\ti-cgt-arm_16.9.6.LTS\lib\</path>
         <kind>archive</kind>
         <file>rtsv7M4_T_le_v4SPD16_eabi.lib</file>
         <name>copy_decompress_lzss.obj</name>
      </input_file>
      <input_file id="fl-c9">
         <path>C:\ti\ccsv7\tools\compiler\ti-cgt-arm_16.9.6.LTS\lib\</path>
         <kind>archive</kind>
         <file>rtsv7M4_T_le_v4SPD16_eabi.lib</file>
         <name>copy_decompress_none.obj</name>
      </input_file>
      <input_file id="fl-ca">
         <path>C:\ti\ccsv7\tools\compiler\ti-cgt-arm_16.9.6.LTS\lib\</path>
         <kind>archive</kind>
         <file>rtsv7M4_T_le_v4SPD16_eabi.lib</file>
         <name>copy_zero_init.obj</name>
      </input_file>
      <input_file id="fl-cb">
         <path>C:\ti\ccsv7\tools\compiler\ti-cgt-arm_16.9.6.LTS\lib\</path>
         <kind>archive</kind>
         <file>rtsv7M4_T_le_v4SPD16_eabi.lib</file>
         <name>defs.obj</name>
      </input_file>
      <input_file id="fl-cc">
         <path>C:\ti\ccsv7\tools\compiler\ti-cgt-arm_16.9.6.LTS\lib\</path>
         <kind>archive</kind>
         <file>rtsv7M4_T_le_v4SPD16_eabi.lib</file>
         <name>e_pow.obj</name>
      </input_file>
      <input_file id="fl-cd">
         <path>C:\ti\ccsv7\tools\compiler\ti-cgt-arm_16.9.6.LTS\lib\</path>
         <kind>archive</kind>
         <file>rtsv7M4_T_le_v4SPD16_eabi.lib</file>
         <name>e_sqrt.obj</name>
      </input_file>
      <input_file id="fl-ce">
         <path>C:\ti\ccsv7\tools\compiler\ti-cgt-arm_16.9.6.LTS\lib\</path>
         <kind>archive</kind>
         <file>rtsv7M4_T_le_v4SPD16_eabi.lib</file>
         <name>errno.obj</name>
      </input_file>
      <input_file id="fl-cf">
         <path>C:\ti\ccsv7\tools\compiler\ti-cgt-arm_16.9.6.LTS\lib\</path>
         <kind>archive</kind>
         <file>rtsv7M4_T_le_v4SPD16_eabi.lib</file>
         <name>exit.obj</name>
      </input_file>
      <input_file id="fl-d0">
         <path>C:\ti\ccsv7\tools\compiler\ti-cgt-arm_16.9.6.LTS\lib\</path>
         <kind>archive</kind>
         <file>rtsv7M4_T_le_v4SPD16_eabi.lib</file>
         <name>fd_add_t2.obj</name>
      </input_file>
      <input_file id="fl-d1">
         <path>C:\ti\ccsv7\tools\compiler\ti-cgt-arm_16.9.6.LTS\lib\</path>
         <kind>archive</kind>
         <file>rtsv7M4_T_le_v4SPD16_eabi.lib</file>
         <name>fd_cmp_t2.obj</name>
      </input_file>
      <input_file id="fl-d2">
         <path>C:\ti\ccsv7\tools\compiler\ti-cgt-arm_16.9.6.LTS\lib\</path>
         <kind>archive</kind>
         <file>rtsv7M4_T_le_v4SPD16_eabi.lib</file>
         <name>fd_div_t2.obj</name>
      </input_file>
      <input_file id="fl-d3">
         <path>C:\ti\ccsv7\tools\compiler\ti-cgt-arm_16.9.6.LTS\lib\</path>
         <kind>archive</kind>
         <file>rtsv7M4_T_le_v4SPD16_eabi.lib</file>
         <name>fd_mul_t2.obj</name>
      </input_file>
      <input_file id="fl-d4">
         <path>C:\ti\ccsv7\tools\compiler\ti-cgt-arm_16.9.6.LTS\lib\</path>
         <kind>archive</kind>
         <file>rtsv7M4_T_le_v4SPD16_eabi.lib</file>
         <name>fd_toi_t2.obj</name>
      </input_file>
      <input_file id="fl-d5">
         <path>C:\ti\ccsv7\tools\compiler\ti-cgt-arm_16.9.6.LTS\lib\</path>
         <kind>archive</kind>
         <file>rtsv7M4_T_le_v4SPD16_eabi.lib</file>
         <name>fopen.obj</name>
      </input_file>
      <input_file id="fl-d6">
         <path>C:\ti\ccsv7\tools\compiler\ti-cgt-arm_16.9.6.LTS\lib\</path>
         <kind>archive</kind>
         <file>rtsv7M4_T_le_v4SPD16_eabi.lib</file>
         <name>getdevice.obj</name>
      </input_file>
      <input_file id="fl-d7">
         <path>C:\ti\ccsv7\tools\compiler\ti-cgt-arm_16.9.6.LTS\lib\</path>
         <kind>archive</kind>
         <file>rtsv7M4_T_le_v4SPD16_eabi.lib</file>
         <name>i_tofd_t2.obj</name>
      </input_file>
      <input_file id="fl-d8">
         <path>C:\ti\ccsv7\tools\compiler\ti-cgt-arm_16.9.6.LTS\lib\</path>
         <kind>archive</kind>
         <file>rtsv7M4_T_le_v4SPD16_eabi.lib</file>
         <name>memcpy_t2.obj</name>
      </input_file>
      <input_file id="fl-d9">
         <path>C:\ti\ccsv7\tools\compiler\ti-cgt-arm_16.9.6.LTS\lib\</path>
         <kind>archive</kind>
         <file>rtsv7M4_T_le_v4SPD16_eabi.lib</file>
         <name>memset_t2.obj</name>
      </input_file>
      <input_file id="fl-da">
         <path>C:\ti\ccsv7\tools\compiler\ti-cgt-arm_16.9.6.LTS\lib\</path>
         <kind>archive</kind>
         <file>rtsv7M4_T_le_v4SPD16_eabi.lib</file>
         <name>mpu_init.obj</name>
      </input_file>
      <input_file id="fl-db">
         <path>C:\ti\ccsv7\tools\compiler\ti-cgt-arm_16.9.6.LTS\lib\</path>
         <kind>archive</kind>
         <file>rtsv7M4_T_le_v4SPD16_eabi.lib</file>
         <name>open.obj</name>
      </input_file>
      <input_file id="fl-dc">
         <path>C:\ti\ccsv7\tools\compiler\ti-cgt-arm_16.9.6.LTS\lib\</path>
         <kind>archive</kind>
         <file>rtsv7M4_T_le_v4SPD16_eabi.lib</file>
         <name>pre_init.obj</name>
      </input_file>
      <input_file id="fl-dd">
         <path>C:\ti\ccsv7\tools\compiler\ti-cgt-arm_16.9.6.LTS\lib\</path>
         <kind>archive</kind>
         <file>rtsv7M4_T_le_v4SPD16_eabi.lib</file>
         <name>s_scalbn.obj</name>
      </input_file>
      <input_file id="fl-de">
         <path>C:\ti\ccsv7\tools\compiler\ti-cgt-arm_16.9.6.LTS\lib\</path>
         <kind>archive</kind>
         <file>rtsv7M4_T_le_v4SPD16_eabi.lib</file>
         <name>setvbuf.obj</name>
      </input_file>
      <input_file id="fl-df">
         <path>C:\ti\ccsv7\tools\compiler\ti-cgt-arm_16.9.6.LTS\lib\</path>
         <kind>archive</kind>
         <file>rtsv7M4_T_le_v4SPD16_eabi.lib</file>
         <name>stkdepth_vars.obj</name>
      </input_file>
      <input_file id="fl-e0">
         <path>C:\ti\ccsv7\tools\compiler\ti-cgt-arm_16.9.6.LTS\lib\</path>
         <kind>archive</kind>
         <file>rtsv7M4_T_le_v4SPD16_eabi.lib</file>
         <name>strchr.obj</name>
      </input_file>
      <input_file id="fl-e1">
         <path>C:\ti\ccsv7\tools\compiler\ti-cgt-arm_16.9.6.LTS\lib\</path>
         <kind>archive</kind>
         <file>rtsv7M4_T_le_v4SPD16_eabi.lib</file>
         <name>strcmp.obj</name>
      </input_file>
      <input_file id="fl-e2">
         <path>C:\ti\ccsv7\tools\compiler\ti-cgt-arm_16.9.6.LTS\lib\</path>
         <kind>archive</kind>
         <file>rtsv7M4_T_le_v4SPD16_eabi.lib</file>
         <name>strncpy.obj</name>
      </input_file>
      <input_file id="fl-e3">
         <path>C:\ti\ccsv7\tools\compiler\ti-cgt-arm_16.9.6.LTS\lib\</path>
         <kind>archive</kind>
         <file>rtsv7M4_T_le_v4SPD16_eabi.lib</file>
         <name>write.obj</name>
      </input_file>
      <input_file id="fl-e4">
         <path>C:\ti\ccsv7\tools\compiler\ti-cgt-arm_16.9.6.LTS\lib\</path>
         <kind>archive</kind>
         <file>rtsv7M4_T_le_v4SPD16_eabi.lib</file>
         <name>_lock.obj</name>
      </input_file>
      <input_file id="fl-e5">
         <path>C:\ti\ccsv7\tools\compiler\ti-cgt-arm_16.9.6.LTS\lib\</path>
         <kind>archive</kind>
         <file>rtsv7M4_T_le_v4SPD16_eabi.lib</file>
         <name>args_main.obj</name>
      </input_file>
      <input_file id="fl-e6">
         <path>C:\ti\ccsv7\tools\compiler\ti-cgt-arm_16.9.6.LTS\lib\</path>
         <kind>archive</kind>
         <file>rtsv7M4_T_le_v4SPD16_eabi.lib</file>
         <name>autoinit.obj</name>
      </input_file>
      <input_file id="fl-e7">
         <path>C:\ti\ccsv7\tools\compiler\ti-cgt-arm_16.9.6.LTS\lib\</path>
         <kind>archive</kind>
         <file>rtsv7M4_T_le_v4SPD16_eabi.lib</file>
         <name>cpy_tbl.obj</name>
      </input_file>
      <input_file id="fl-e8">
         <path>C:\ti\ccsv7\tools\compiler\ti-cgt-arm_16.9.6.LTS\lib\</path>
         <kind>archive</kind>
         <file>rtsv7M4_T_le_v4SPD16_eabi.lib</file>
         <name>fclose.obj</name>
      </input_file>
      <input_file id="fl-e9">
         <path>C:\ti\ccsv7\tools\compiler\ti-cgt-arm_16.9.6.LTS\lib\</path>
         <kind>archive</kind>
         <file>rtsv7M4_T_le_v4SPD16_eabi.lib</file>
         <name>fflush.obj</name>
      </input_file>
      <input_file id="fl-ea">
         <path>C:\ti\ccsv7\tools\compiler\ti-cgt-arm_16.9.6.LTS\lib\</path>
         <kind>archive</kind>
         <file>rtsv7M4_T_le_v4SPD16_eabi.lib</file>
         <name>hostclose.obj</name>
      </input_file>
      <input_file id="fl-eb">
         <path>C:\ti\ccsv7\tools\compiler\ti-cgt-arm_16.9.6.LTS\lib\</path>
         <kind>archive</kind>
         <file>rtsv7M4_T_le_v4SPD16_eabi.lib</file>
         <name>hostlseek.obj</name>
      </input_file>
      <input_file id="fl-ec">
         <path>C:\ti\ccsv7\tools\compiler\ti-cgt-arm_16.9.6.LTS\lib\</path>
         <kind>archive</kind>
         <file>rtsv7M4_T_le_v4SPD16_eabi.lib</file>
         <name>hostopen.obj</name>
      </input_file>
      <input_file id="fl-ed">
         <path>C:\ti\ccsv7\tools\compiler\ti-cgt-arm_16.9.6.LTS\lib\</path>
         <kind>archive</kind>
         <file>rtsv7M4_T_le_v4SPD16_eabi.lib</file>
         <name>hostread.obj</name>
      </input_file>
      <input_file id="fl-ee">
         <path>C:\ti\ccsv7\tools\compiler\ti-cgt-arm_16.9.6.LTS\lib\</path>
         <kind>archive</kind>
         <file>rtsv7M4_T_le_v4SPD16_eabi.lib</file>
         <name>hostrename.obj</name>
      </input_file>
      <input_file id="fl-ef">
         <path>C:\ti\ccsv7\tools\compiler\ti-cgt-arm_16.9.6.LTS\lib\</path>
         <kind>archive</kind>
         <file>rtsv7M4_T_le_v4SPD16_eabi.lib</file>
         <name>hostunlink.obj</name>
      </input_file>
      <input_file id="fl-f0">
         <path>C:\ti\ccsv7\tools\compiler\ti-cgt-arm_16.9.6.LTS\lib\</path>
         <kind>archive</kind>
         <file>rtsv7M4_T_le_v4SPD16_eabi.lib</file>
         <name>hostwrite.obj</name>
      </input_file>
      <input_file id="fl-f1">
         <path>C:\ti\ccsv7\tools\compiler\ti-cgt-arm_16.9.6.LTS\lib\</path>
         <kind>archive</kind>
         <file>rtsv7M4_T_le_v4SPD16_eabi.lib</file>
         <name>memory.obj</name>
      </input_file>
      <input_file id="fl-f2">
         <path>C:\ti\ccsv7\tools\compiler\ti-cgt-arm_16.9.6.LTS\lib\</path>
         <kind>archive</kind>
         <file>rtsv7M4_T_le_v4SPD16_eabi.lib</file>
         <name>remove.obj</name>
      </input_file>
      <input_file id="fl-f3">
         <path>C:\ti\ccsv7\tools\compiler\ti-cgt-arm_16.9.6.LTS\lib\</path>
         <kind>archive</kind>
         <file>rtsv7M4_T_le_v4SPD16_eabi.lib</file>
         <name>s_copysign.obj</name>
      </input_file>
      <input_file id="fl-f4">
         <path>C:\ti\ccsv7\tools\compiler\ti-cgt-arm_16.9.6.LTS\lib\</path>
         <kind>archive</kind>
         <file>rtsv7M4_T_le_v4SPD16_eabi.lib</file>
         <name>startup.obj</name>
      </input_file>
      <input_file id="fl-f5">
         <path>C:\ti\ccsv7\tools\compiler\ti-cgt-arm_16.9.6.LTS\lib\</path>
         <kind>archive</kind>
         <file>rtsv7M4_T_le_v4SPD16_eabi.lib</file>
         <name>strcpy.obj</name>
      </input_file>
      <input_file id="fl-f6">
         <path>C:\ti\ccsv7\tools\compiler\ti-cgt-arm_16.9.6.LTS\lib\</path>
         <kind>archive</kind>
         <file>rtsv7M4_T_le_v4SPD16_eabi.lib</file>
         <name>strlen.obj</name>
      </input_file>
      <input_file id="fl-f7">
         <path>C:\ti\ccsv7\tools\compiler\ti-cgt-arm_16.9.6.LTS\lib\</path>
         <kind>archive</kind>
         <file>rtsv7M4_T_le_v4SPD16_eabi.lib</file>
         <name>trgmsg.obj</name>
      </input_file>
      <input_file id="fl-f8">
         <path>C:\ti\ccsv7\tools\compiler\ti-cgt-arm_16.9.6.LTS\lib\</path>
         <kind>archive</kind>
         <file>rtsv7M4_T_le_v4SPD16_eabi.lib</file>
         <name>unlink.obj</name>
      </input_file>
      <input_file id="fl-f9">
         <path>C:\ti\ccsv7\tools\compiler\ti-cgt-arm_16.9.6.LTS\lib\</path>
         <kind>archive</kind>
         <file>rtsv7M4_T_le_v4SPD16_eabi.lib</file>
         <name>close.obj</name>
      </input_file>
   </input_file_list>
   <object_component_list>
      <object_component id="oc-2c">
         <name>.intvecs:retain</name>
         <load_address>0x0</load_address>
         <run_address>0x0</run_address>
         <size>0xe4</size>
         <input_file_ref idref="fl-b"/>
      </object_component>
      <object_component id="oc-199">
         <name>.text</name>
         <load_address>0xe4</load_address>
         <run_address>0xe4</run_address>
         <size>0x9ac</size>
         <input_file_ref idref="fl-cc"/>
      </object_component>
      <object_component id="oc-105">
         <name>.text</name>
         <load_address>0xa90</load_address>
         <run_address>0xa90</run_address>
         <size>0x6bc</size>
         <input_file_ref idref="fl-a"/>
      </object_component>
      <object_component id="oc-1dd">
         <name>.text</name>
         <load_address>0x114c</load_address>
         <run_address>0x114c</run_address>
         <size>0x3d0</size>
         <input_file_ref idref="fl-f1"/>
      </object_component>
      <object_component id="oc-c4">
         <name>.text</name>
         <load_address>0x151c</load_address>
         <run_address>0x151c</run_address>
         <size>0x32c</size>
         <input_file_ref idref="fl-c"/>
      </object_component>
      <object_component id="oc-f9">
         <name>.text</name>
         <load_address>0x1848</load_address>
         <run_address>0x1848</run_address>
         <size>0x308</size>
         <input_file_ref idref="fl-6"/>
      </object_component>
      <object_component id="oc-f3">
         <name>.text</name>
         <load_address>0x1b50</load_address>
         <run_address>0x1b50</run_address>
         <size>0x260</size>
         <input_file_ref idref="fl-2"/>
      </object_component>
      <object_component id="oc-ff">
         <name>.text</name>
         <load_address>0x1db0</load_address>
         <run_address>0x1db0</run_address>
         <size>0x1e0</size>
         <input_file_ref idref="fl-3"/>
      </object_component>
      <object_component id="oc-173">
         <name>.text</name>
         <load_address>0x1f90</load_address>
         <run_address>0x1f90</run_address>
         <size>0x1c4</size>
         <input_file_ref idref="fl-d5"/>
      </object_component>
      <object_component id="oc-1f1">
         <name>.text</name>
         <load_address>0x2154</load_address>
         <run_address>0x2154</run_address>
         <size>0x1b6</size>
         <input_file_ref idref="fl-d0"/>
      </object_component>
      <object_component id="oc-56">
         <name>.text</name>
         <load_address>0x230a</load_address>
         <run_address>0x230a</run_address>
         <size>0x2</size>
         <input_file_ref idref="fl-da"/>
      </object_component>
      <object_component id="oc-b1">
         <name>.text</name>
         <load_address>0x230c</load_address>
         <run_address>0x230c</run_address>
         <size>0x184</size>
         <input_file_ref idref="fl-7"/>
      </object_component>
      <object_component id="oc-1f6">
         <name>.text</name>
         <load_address>0x2490</load_address>
         <run_address>0x2490</run_address>
         <size>0x170</size>
         <input_file_ref idref="fl-cd"/>
      </object_component>
      <object_component id="oc-194">
         <name>.text</name>
         <load_address>0x2600</load_address>
         <run_address>0x2600</run_address>
         <size>0x136</size>
         <input_file_ref idref="fl-d2"/>
      </object_component>
      <object_component id="oc-a9">
         <name>.text</name>
         <load_address>0x2736</load_address>
         <run_address>0x2736</run_address>
         <size>0x2</size>
         <input_file_ref idref="fl-f4"/>
      </object_component>
      <object_component id="oc-117">
         <name>.text</name>
         <load_address>0x2738</load_address>
         <run_address>0x2738</run_address>
         <size>0x118</size>
         <input_file_ref idref="fl-5"/>
      </object_component>
      <object_component id="oc-18f">
         <name>.text</name>
         <load_address>0x2850</load_address>
         <run_address>0x2850</run_address>
         <size>0xfc</size>
         <input_file_ref idref="fl-d3"/>
      </object_component>
      <object_component id="oc-20c">
         <name>.text</name>
         <load_address>0x294c</load_address>
         <run_address>0x294c</run_address>
         <size>0xfc</size>
         <input_file_ref idref="fl-dd"/>
      </object_component>
      <object_component id="oc-10b">
         <name>.text</name>
         <load_address>0x2a48</load_address>
         <run_address>0x2a48</run_address>
         <size>0xf4</size>
         <input_file_ref idref="fl-8"/>
      </object_component>
      <object_component id="oc-179">
         <name>.text</name>
         <load_address>0x2b3c</load_address>
         <run_address>0x2b3c</run_address>
         <size>0xdc</size>
         <input_file_ref idref="fl-de"/>
      </object_component>
      <object_component id="oc-26a">
         <name>.text</name>
         <load_address>0x2c18</load_address>
         <run_address>0x2c18</run_address>
         <size>0xc8</size>
         <input_file_ref idref="fl-e9"/>
      </object_component>
      <object_component id="oc-1cb">
         <name>.text</name>
         <load_address>0x2ce0</load_address>
         <run_address>0x2ce0</run_address>
         <size>0xbc</size>
         <input_file_ref idref="fl-db"/>
      </object_component>
      <object_component id="oc-16d">
         <name>.text</name>
         <load_address>0x2d9c</load_address>
         <run_address>0x2d9c</run_address>
         <size>0xb8</size>
         <input_file_ref idref="fl-c6"/>
      </object_component>
      <object_component id="oc-7e">
         <name>.text</name>
         <load_address>0x2e54</load_address>
         <run_address>0x2e54</run_address>
         <size>0xa8</size>
         <input_file_ref idref="fl-9"/>
      </object_component>
      <object_component id="oc-3e">
         <name>.text</name>
         <load_address>0x2efc</load_address>
         <run_address>0x2efc</run_address>
         <size>0x9c</size>
         <input_file_ref idref="fl-d8"/>
      </object_component>
      <object_component id="oc-1d1">
         <name>.text</name>
         <load_address>0x2f98</load_address>
         <run_address>0x2f98</run_address>
         <size>0x98</size>
         <input_file_ref idref="fl-e8"/>
      </object_component>
      <object_component id="oc-202">
         <name>.text:__aeabi_cdcmple</name>
         <load_address>0x3030</load_address>
         <run_address>0x3030</run_address>
         <size>0x86</size>
         <input_file_ref idref="fl-d1"/>
      </object_component>
      <object_component id="oc-207">
         <name>.text:__aeabi_cdrcmple</name>
         <load_address>0x30b6</load_address>
         <run_address>0x30b6</run_address>
         <size>0x86</size>
         <input_file_ref idref="fl-d1"/>
      </object_component>
      <object_component id="oc-4a">
         <name>.text</name>
         <load_address>0x313c</load_address>
         <run_address>0x313c</run_address>
         <size>0x7a</size>
         <input_file_ref idref="fl-d9"/>
      </object_component>
      <object_component id="oc-62">
         <name>.text</name>
         <load_address>0x31b8</load_address>
         <run_address>0x31b8</run_address>
         <size>0x70</size>
         <input_file_ref idref="fl-e6"/>
      </object_component>
      <object_component id="oc-1b9">
         <name>.text</name>
         <load_address>0x3228</load_address>
         <run_address>0x3228</run_address>
         <size>0x70</size>
         <input_file_ref idref="fl-d6"/>
      </object_component>
      <object_component id="oc-14">
         <name>.text:decompress:lzss</name>
         <load_address>0x3298</load_address>
         <run_address>0x3298</run_address>
         <size>0x68</size>
         <input_file_ref idref="fl-c8"/>
      </object_component>
      <object_component id="oc-243">
         <name>.text</name>
         <load_address>0x3300</load_address>
         <run_address>0x3300</run_address>
         <size>0x68</size>
         <input_file_ref idref="fl-eb"/>
      </object_component>
      <object_component id="oc-24f">
         <name>.text</name>
         <load_address>0x3368</load_address>
         <run_address>0x3368</run_address>
         <size>0x68</size>
         <input_file_ref idref="fl-ee"/>
      </object_component>
      <object_component id="oc-2b6">
         <name>.text</name>
         <load_address>0x33d0</load_address>
         <run_address>0x33d0</run_address>
         <size>0x68</size>
         <input_file_ref idref="fl-f7"/>
      </object_component>
      <object_component id="oc-22b">
         <name>.text</name>
         <load_address>0x3438</load_address>
         <run_address>0x3438</run_address>
         <size>0x60</size>
         <input_file_ref idref="fl-ec"/>
      </object_component>
      <object_component id="oc-270">
         <name>.text</name>
         <load_address>0x3498</load_address>
         <run_address>0x3498</run_address>
         <size>0x5c</size>
         <input_file_ref idref="fl-f9"/>
      </object_component>
      <object_component id="oc-237">
         <name>.text</name>
         <load_address>0x34f4</load_address>
         <run_address>0x34f4</run_address>
         <size>0x58</size>
         <input_file_ref idref="fl-ed"/>
      </object_component>
      <object_component id="oc-23d">
         <name>.text</name>
         <load_address>0x354c</load_address>
         <run_address>0x354c</run_address>
         <size>0x58</size>
         <input_file_ref idref="fl-f0"/>
      </object_component>
      <object_component id="oc-26">
         <name>.text</name>
         <load_address>0x35a4</load_address>
         <run_address>0x35a4</run_address>
         <size>0x54</size>
         <input_file_ref idref="fl-c7"/>
      </object_component>
      <object_component id="oc-6e">
         <name>.text</name>
         <load_address>0x35f8</load_address>
         <run_address>0x35f8</run_address>
         <size>0x54</size>
         <input_file_ref idref="fl-cf"/>
      </object_component>
      <object_component id="oc-a3">
         <name>.text</name>
         <load_address>0x364c</load_address>
         <run_address>0x364c</run_address>
         <size>0x4c</size>
         <input_file_ref idref="fl-e7"/>
      </object_component>
      <object_component id="oc-19f">
         <name>.text</name>
         <load_address>0x3698</load_address>
         <run_address>0x3698</run_address>
         <size>0x48</size>
         <input_file_ref idref="fl-d4"/>
      </object_component>
      <object_component id="oc-231">
         <name>.text</name>
         <load_address>0x36e0</load_address>
         <run_address>0x36e0</run_address>
         <size>0x44</size>
         <input_file_ref idref="fl-ea"/>
      </object_component>
      <object_component id="oc-249">
         <name>.text</name>
         <load_address>0x3724</load_address>
         <run_address>0x3724</run_address>
         <size>0x44</size>
         <input_file_ref idref="fl-ef"/>
      </object_component>
      <object_component id="oc-1bf">
         <name>.text</name>
         <load_address>0x3768</load_address>
         <run_address>0x3768</run_address>
         <size>0x36</size>
         <input_file_ref idref="fl-e2"/>
      </object_component>
      <object_component id="oc-18a">
         <name>.text</name>
         <load_address>0x379e</load_address>
         <run_address>0x379e</run_address>
         <size>0x2e</size>
         <input_file_ref idref="fl-d7"/>
      </object_component>
      <object_component id="oc-276">
         <name>.text</name>
         <load_address>0x37cc</load_address>
         <run_address>0x37cc</run_address>
         <size>0x2c</size>
         <input_file_ref idref="fl-f8"/>
      </object_component>
      <object_component id="oc-2dd">
         <name>.text</name>
         <load_address>0x37f8</load_address>
         <run_address>0x37f8</run_address>
         <size>0x28</size>
         <input_file_ref idref="fl-e3"/>
      </object_component>
      <object_component id="oc-111">
         <name>.text</name>
         <load_address>0x3820</load_address>
         <run_address>0x3820</run_address>
         <size>0x24</size>
         <input_file_ref idref="fl-4"/>
      </object_component>
      <object_component id="oc-68">
         <name>.text</name>
         <load_address>0x3844</load_address>
         <run_address>0x3844</run_address>
         <size>0x18</size>
         <input_file_ref idref="fl-e5"/>
      </object_component>
      <object_component id="oc-21b">
         <name>.text</name>
         <load_address>0x385c</load_address>
         <run_address>0x385c</run_address>
         <size>0x18</size>
         <input_file_ref idref="fl-e1"/>
      </object_component>
      <object_component id="oc-221">
         <name>.text</name>
         <load_address>0x3874</load_address>
         <run_address>0x3874</run_address>
         <size>0x16</size>
         <input_file_ref idref="fl-e0"/>
      </object_component>
      <object_component id="oc-12d">
         <name>.text</name>
         <load_address>0x388c</load_address>
         <run_address>0x388c</run_address>
         <size>0x14</size>
         <input_file_ref idref="fl-e4"/>
      </object_component>
      <object_component id="oc-299">
         <name>.text</name>
         <load_address>0x38a0</load_address>
         <run_address>0x38a0</run_address>
         <size>0x14</size>
         <input_file_ref idref="fl-f3"/>
      </object_component>
      <object_component id="oc-2ca">
         <name>.text</name>
         <load_address>0x38b4</load_address>
         <run_address>0x38b4</run_address>
         <size>0x14</size>
         <input_file_ref idref="fl-f5"/>
      </object_component>
      <object_component id="oc-2b0">
         <name>.text</name>
         <load_address>0x38c8</load_address>
         <run_address>0x38c8</run_address>
         <size>0x14</size>
         <input_file_ref idref="fl-f6"/>
      </object_component>
      <object_component id="oc-1a">
         <name>.text:decompress:none</name>
         <load_address>0x38dc</load_address>
         <run_address>0x38dc</run_address>
         <size>0xe</size>
         <input_file_ref idref="fl-c9"/>
      </object_component>
      <object_component id="oc-78">
         <name>.text</name>
         <load_address>0x38ea</load_address>
         <run_address>0x38ea</run_address>
         <size>0xe</size>
         <input_file_ref idref="fl-b"/>
      </object_component>
      <object_component id="oc-20">
         <name>.text:decompress:ZI</name>
         <load_address>0x38f8</load_address>
         <run_address>0x38f8</run_address>
         <size>0xc</size>
         <input_file_ref idref="fl-ca"/>
      </object_component>
      <object_component id="oc-5c">
         <name>.text</name>
         <load_address>0x3904</load_address>
         <run_address>0x3904</run_address>
         <size>0x4</size>
         <input_file_ref idref="fl-dc"/>
      </object_component>
      <object_component id="oc-1ff">
         <name>.const:$O1$$</name>
         <load_address>0x3908</load_address>
         <run_address>0x3908</run_address>
         <size>0x30</size>
         <input_file_ref idref="fl-cc"/>
      </object_component>
      <object_component id="oc-343">
         <name>.cinit..data.load</name>
         <load_address>0x3938</load_address>
         <run_address>0x3938</run_address>
         <size>0x77</size>
      </object_component>
      <object_component id="oc-341">
         <name>__TI_handler_table</name>
         <load_address>0x39b0</load_address>
         <run_address>0x39b0</run_address>
         <size>0xc</size>
      </object_component>
      <object_component id="oc-344">
         <name>.cinit..bss.load</name>
         <load_address>0x39c0</load_address>
         <run_address>0x39c0</run_address>
         <size>0x8</size>
      </object_component>
      <object_component id="oc-342">
         <name>__TI_cinit_table</name>
         <load_address>0x39c8</load_address>
         <run_address>0x39c8</run_address>
         <size>0x10</size>
      </object_component>
      <object_component id="oc-31e">
         <name>.binit</name>
         <load_address>0x0</load_address>
         <run_address>0x0</run_address>
         <size>0x0</size>
      </object_component>
      <object_component id="oc-165">
         <name>.data</name>
         <load_address>0x200037c0</load_address>
         <run_address>0x200037c0</run_address>
         <size>0x18</size>
         <input_file_ref idref="fl-3"/>
      </object_component>
      <object_component id="oc-139">
         <name>.data</name>
         <load_address>0x2000381c</load_address>
         <run_address>0x2000381c</run_address>
         <size>0x4</size>
         <input_file_ref idref="fl-c"/>
      </object_component>
      <object_component id="oc-1c5">
         <name>.data</name>
         <load_address>0x20003808</load_address>
         <run_address>0x20003808</run_address>
         <size>0x4</size>
         <input_file_ref idref="fl-c6"/>
      </object_component>
      <object_component id="oc-17f">
         <name>.data:_ftable</name>
         <load_address>0x20003608</load_address>
         <run_address>0x20003608</run_address>
         <size>0xf0</size>
         <input_file_ref idref="fl-cb"/>
      </object_component>
      <object_component id="oc-1d7">
         <name>.data</name>
         <load_address>0x200037d8</load_address>
         <run_address>0x200037d8</run_address>
         <size>0x10</size>
         <input_file_ref idref="fl-cb"/>
      </object_component>
      <object_component id="oc-1fc">
         <name>.data</name>
         <load_address>0x2000380c</load_address>
         <run_address>0x2000380c</run_address>
         <size>0x4</size>
         <input_file_ref idref="fl-ce"/>
      </object_component>
      <object_component id="oc-b9">
         <name>.data:$O1$$</name>
         <load_address>0x200037e8</load_address>
         <run_address>0x200037e8</run_address>
         <size>0xc</size>
         <input_file_ref idref="fl-cf"/>
      </object_component>
      <object_component id="oc-1da">
         <name>.data</name>
         <load_address>0x20003810</load_address>
         <run_address>0x20003810</run_address>
         <size>0x4</size>
         <input_file_ref idref="fl-d5"/>
      </object_component>
      <object_component id="oc-264">
         <name>.data</name>
         <load_address>0x20003814</load_address>
         <run_address>0x20003814</run_address>
         <size>0x4</size>
         <input_file_ref idref="fl-db"/>
      </object_component>
      <object_component id="oc-74">
         <name>.data</name>
         <load_address>0x20003818</load_address>
         <run_address>0x20003818</run_address>
         <size>0x4</size>
         <input_file_ref idref="fl-df"/>
      </object_component>
      <object_component id="oc-1c6">
         <name>.data:_device</name>
         <load_address>0x200036f8</load_address>
         <run_address>0x200036f8</run_address>
         <size>0x78</size>
         <input_file_ref idref="fl-e3"/>
      </object_component>
      <object_component id="oc-265">
         <name>.data:_stream</name>
         <load_address>0x20003770</load_address>
         <run_address>0x20003770</run_address>
         <size>0x50</size>
         <input_file_ref idref="fl-e3"/>
      </object_component>
      <object_component id="oc-bc">
         <name>.data:$O1$$</name>
         <load_address>0x20003800</load_address>
         <run_address>0x20003800</run_address>
         <size>0x8</size>
         <input_file_ref idref="fl-e4"/>
      </object_component>
      <object_component id="oc-288">
         <name>.data:$O1$$</name>
         <load_address>0x200037f4</load_address>
         <run_address>0x200037f4</run_address>
         <size>0xc</size>
         <input_file_ref idref="fl-f1"/>
      </object_component>
      <object_component id="oc-2f8">
         <name>.bss:_CIOBUF_</name>
         <uninitialized>true</uninitialized>
         <run_address>0x20003000</run_address>
         <size>0x120</size>
         <input_file_ref idref="fl-f7"/>
      </object_component>
      <object_component id="oc-15c">
         <name>.common:Size</name>
         <uninitialized>true</uninitialized>
         <run_address>0x200031f4</run_address>
         <size>0x4</size>
      </object_component>
      <object_component id="oc-15a">
         <name>.common:x</name>
         <uninitialized>true</uninitialized>
         <run_address>0x20000000</run_address>
         <size>0x1000</size>
      </object_component>
      <object_component id="oc-157">
         <name>.common:Pt</name>
         <uninitialized>true</uninitialized>
         <run_address>0x200031e8</run_address>
         <size>0x4</size>
      </object_component>
      <object_component id="oc-15d">
         <name>.common:I1</name>
         <uninitialized>true</uninitialized>
         <run_address>0x200031d4</run_address>
         <size>0x4</size>
      </object_component>
      <object_component id="oc-15b">
         <name>.common:LPFSum</name>
         <uninitialized>true</uninitialized>
         <run_address>0x200031d8</run_address>
         <size>0x4</size>
      </object_component>
      <object_component id="oc-15f">
         <name>.common:x2</name>
         <uninitialized>true</uninitialized>
         <run_address>0x20001000</run_address>
         <size>0x1000</size>
      </object_component>
      <object_component id="oc-15e">
         <name>.common:Pt2</name>
         <uninitialized>true</uninitialized>
         <run_address>0x200031ec</run_address>
         <size>0x4</size>
      </object_component>
      <object_component id="oc-160">
         <name>.common:LPFSum2</name>
         <uninitialized>true</uninitialized>
         <run_address>0x200031dc</run_address>
         <size>0x4</size>
      </object_component>
      <object_component id="oc-162">
         <name>.common:x3</name>
         <uninitialized>true</uninitialized>
         <run_address>0x20002000</run_address>
         <size>0x1000</size>
      </object_component>
      <object_component id="oc-161">
         <name>.common:Pt3</name>
         <uninitialized>true</uninitialized>
         <run_address>0x200031f0</run_address>
         <size>0x4</size>
      </object_component>
      <object_component id="oc-163">
         <name>.common:LPFSum3</name>
         <uninitialized>true</uninitialized>
         <run_address>0x200031e0</run_address>
         <size>0x4</size>
      </object_component>
      <object_component id="oc-122">
         <name>.common:ADCflag</name>
         <uninitialized>true</uninitialized>
         <run_address>0x200031d0</run_address>
         <size>0x4</size>
      </object_component>
      <object_component id="oc-11d">
         <name>.common:nr</name>
         <uninitialized>true</uninitialized>
         <run_address>0x20003204</run_address>
         <size>0x4</size>
      </object_component>
      <object_component id="oc-120">
         <name>.common:nc</name>
         <uninitialized>true</uninitialized>
         <run_address>0x200031fc</run_address>
         <size>0x4</size>
      </object_component>
      <object_component id="oc-121">
         <name>.common:nl</name>
         <uninitialized>true</uninitialized>
         <run_address>0x20003200</run_address>
         <size>0x4</size>
      </object_component>
      <object_component id="oc-cb">
         <name>.common:TimerA1Task</name>
         <uninitialized>true</uninitialized>
         <run_address>0x200031f8</run_address>
         <size>0x4</size>
      </object_component>
      <object_component id="oc-16c">
         <name>.common:Messageindexb</name>
         <uninitialized>true</uninitialized>
         <run_address>0x200031e4</run_address>
         <size>0x4</size>
      </object_component>
      <object_component id="oc-169">
         <name>.common:Messageb</name>
         <uninitialized>true</uninitialized>
         <run_address>0x200031c0</run_address>
         <size>0x8</size>
      </object_component>
      <object_component id="oc-27c">
         <name>.common:__TI_tmpnams</name>
         <uninitialized>true</uninitialized>
         <run_address>0x20003120</run_address>
         <size>0xa0</size>
      </object_component>
      <object_component id="oc-2bc">
         <name>.common:parmbuf</name>
         <uninitialized>true</uninitialized>
         <run_address>0x200031c8</run_address>
         <size>0x8</size>
      </object_component>
      <object_component id="oc-30">
         <name>.sysmem</name>
         <uninitialized>true</uninitialized>
         <run_address>0x20003208</run_address>
         <size>0x8</size>
         <input_file_ref idref="fl-f1"/>
      </object_component>
      <object_component id="oc-346">
         <name>.sysmem</name>
         <uninitialized>true</uninitialized>
         <run_address>0x20003208</run_address>
         <size>0x0</size>
      </object_component>
      <object_component id="oc-2f">
         <name>.stack</name>
         <uninitialized>true</uninitialized>
         <run_address>0x2000fe00</run_address>
         <size>0x0</size>
         <input_file_ref idref="fl-c7"/>
      </object_component>
      <object_component id="oc-345">
         <name>.stack</name>
         <uninitialized>true</uninitialized>
         <run_address>0x2000fe00</run_address>
         <size>0x0</size>
      </object_component>
      <object_component id="oc-156">
         <name>.debug_info</name>
         <load_address>0x0</load_address>
         <run_address>0x0</run_address>
         <size>0x528</size>
         <input_file_ref idref="fl-2"/>
      </object_component>
      <object_component id="oc-f4">
         <name>.debug_info</name>
         <load_address>0x528</load_address>
         <run_address>0x528</run_address>
         <size>0x563</size>
         <input_file_ref idref="fl-2"/>
      </object_component>
      <object_component id="oc-13f">
         <name>.debug_info</name>
         <load_address>0xa8b</load_address>
         <run_address>0xa8b</run_address>
         <size>0x37e2</size>
         <input_file_ref idref="fl-2"/>
      </object_component>
      <object_component id="oc-144">
         <name>.debug_info</name>
         <load_address>0x426d</load_address>
         <run_address>0x426d</run_address>
         <size>0x1055</size>
         <input_file_ref idref="fl-2"/>
      </object_component>
      <object_component id="oc-39">
         <name>.debug_info</name>
         <load_address>0x52c2</load_address>
         <run_address>0x52c2</run_address>
         <size>0x84</size>
         <input_file_ref idref="fl-2"/>
      </object_component>
      <object_component id="oc-cf">
         <name>.debug_info</name>
         <load_address>0x5346</load_address>
         <run_address>0x5346</run_address>
         <size>0x18b</size>
         <input_file_ref idref="fl-2"/>
      </object_component>
      <object_component id="oc-166">
         <name>.debug_info</name>
         <load_address>0x54d1</load_address>
         <run_address>0x54d1</run_address>
         <size>0x190</size>
         <input_file_ref idref="fl-3"/>
      </object_component>
      <object_component id="oc-102">
         <name>.debug_info</name>
         <load_address>0x5661</load_address>
         <run_address>0x5661</run_address>
         <size>0x37c</size>
         <input_file_ref idref="fl-3"/>
      </object_component>
      <object_component id="oc-113">
         <name>.debug_info</name>
         <load_address>0x59dd</load_address>
         <run_address>0x59dd</run_address>
         <size>0x33d</size>
         <input_file_ref idref="fl-4"/>
      </object_component>
      <object_component id="oc-119">
         <name>.debug_info</name>
         <load_address>0x5d1a</load_address>
         <run_address>0x5d1a</run_address>
         <size>0x41a</size>
         <input_file_ref idref="fl-5"/>
      </object_component>
      <object_component id="oc-158">
         <name>.debug_info</name>
         <load_address>0x6134</load_address>
         <run_address>0x6134</run_address>
         <size>0x63f</size>
         <input_file_ref idref="fl-6"/>
      </object_component>
      <object_component id="oc-fa">
         <name>.debug_info</name>
         <load_address>0x6773</load_address>
         <run_address>0x6773</run_address>
         <size>0x666</size>
         <input_file_ref idref="fl-6"/>
      </object_component>
      <object_component id="oc-11e">
         <name>.debug_info</name>
         <load_address>0x6dd9</load_address>
         <run_address>0x6dd9</run_address>
         <size>0x8b4</size>
         <input_file_ref idref="fl-7"/>
      </object_component>
      <object_component id="oc-b3">
         <name>.debug_info</name>
         <load_address>0x768d</load_address>
         <run_address>0x768d</run_address>
         <size>0x3d0</size>
         <input_file_ref idref="fl-7"/>
      </object_component>
      <object_component id="oc-10e">
         <name>.debug_info</name>
         <load_address>0x7a5d</load_address>
         <run_address>0x7a5d</run_address>
         <size>0x31a</size>
         <input_file_ref idref="fl-8"/>
      </object_component>
      <object_component id="oc-cc">
         <name>.debug_info</name>
         <load_address>0x7d77</load_address>
         <run_address>0x7d77</run_address>
         <size>0x553</size>
         <input_file_ref idref="fl-9"/>
      </object_component>
      <object_component id="oc-7f">
         <name>.debug_info</name>
         <load_address>0x82ca</load_address>
         <run_address>0x82ca</run_address>
         <size>0x28e</size>
         <input_file_ref idref="fl-9"/>
      </object_component>
      <object_component id="oc-16a">
         <name>.debug_info</name>
         <load_address>0x8558</load_address>
         <run_address>0x8558</run_address>
         <size>0x766</size>
         <input_file_ref idref="fl-a"/>
      </object_component>
      <object_component id="oc-108">
         <name>.debug_info</name>
         <load_address>0x8cbe</load_address>
         <run_address>0x8cbe</run_address>
         <size>0x174c</size>
         <input_file_ref idref="fl-a"/>
      </object_component>
      <object_component id="oc-1b4">
         <name>.debug_info</name>
         <load_address>0xa40a</load_address>
         <run_address>0xa40a</run_address>
         <size>0xc8</size>
         <input_file_ref idref="fl-a"/>
      </object_component>
      <object_component id="oc-183">
         <name>.debug_info</name>
         <load_address>0xa4d2</load_address>
         <run_address>0xa4d2</run_address>
         <size>0x2c</size>
         <input_file_ref idref="fl-a"/>
      </object_component>
      <object_component id="oc-86">
         <name>.debug_info</name>
         <load_address>0xa4fe</load_address>
         <run_address>0xa4fe</run_address>
         <size>0x2ad</size>
         <input_file_ref idref="fl-b"/>
      </object_component>
      <object_component id="oc-2d">
         <name>.debug_info</name>
         <load_address>0xa7ab</load_address>
         <run_address>0xa7ab</run_address>
         <size>0xeb</size>
         <input_file_ref idref="fl-b"/>
      </object_component>
      <object_component id="oc-79">
         <name>.debug_info</name>
         <load_address>0xa896</load_address>
         <run_address>0xa896</run_address>
         <size>0x1b2</size>
         <input_file_ref idref="fl-b"/>
      </object_component>
      <object_component id="oc-13a">
         <name>.debug_info</name>
         <load_address>0xaa48</load_address>
         <run_address>0xaa48</run_address>
         <size>0xe4</size>
         <input_file_ref idref="fl-c"/>
      </object_component>
      <object_component id="oc-c6">
         <name>.debug_info</name>
         <load_address>0xab2c</load_address>
         <run_address>0xab2c</run_address>
         <size>0x256</size>
         <input_file_ref idref="fl-c"/>
      </object_component>
      <object_component id="oc-1ca">
         <name>.debug_info</name>
         <load_address>0xad82</load_address>
         <run_address>0xad82</run_address>
         <size>0x430</size>
         <input_file_ref idref="fl-c6"/>
      </object_component>
      <object_component id="oc-16e">
         <name>.debug_info</name>
         <load_address>0xb1b2</load_address>
         <run_address>0xb1b2</run_address>
         <size>0x2d0</size>
         <input_file_ref idref="fl-c6"/>
      </object_component>
      <object_component id="oc-25f">
         <name>.debug_info</name>
         <load_address>0xb482</load_address>
         <run_address>0xb482</run_address>
         <size>0xea</size>
         <input_file_ref idref="fl-c6"/>
      </object_component>
      <object_component id="oc-25a">
         <name>.debug_info</name>
         <load_address>0xb56c</load_address>
         <run_address>0xb56c</run_address>
         <size>0x2c</size>
         <input_file_ref idref="fl-c6"/>
      </object_component>
      <object_component id="oc-27">
         <name>.debug_info</name>
         <load_address>0xb598</load_address>
         <run_address>0xb598</run_address>
         <size>0x160</size>
         <input_file_ref idref="fl-c7"/>
      </object_component>
      <object_component id="oc-90">
         <name>.debug_info</name>
         <load_address>0xb6f8</load_address>
         <run_address>0xb6f8</run_address>
         <size>0x293</size>
         <input_file_ref idref="fl-c8"/>
      </object_component>
      <object_component id="oc-18">
         <name>.debug_info</name>
         <load_address>0xb98b</load_address>
         <run_address>0xb98b</run_address>
         <size>0x245</size>
         <input_file_ref idref="fl-c8"/>
      </object_component>
      <object_component id="oc-34">
         <name>.debug_info</name>
         <load_address>0xbbd0</load_address>
         <run_address>0xbbd0</run_address>
         <size>0x60</size>
         <input_file_ref idref="fl-c8"/>
      </object_component>
      <object_component id="oc-8b">
         <name>.debug_info</name>
         <load_address>0xbc30</load_address>
         <run_address>0xbc30</run_address>
         <size>0x46</size>
         <input_file_ref idref="fl-c8"/>
      </object_component>
      <object_component id="oc-49">
         <name>.debug_info</name>
         <load_address>0xbc76</load_address>
         <run_address>0xbc76</run_address>
         <size>0x2da</size>
         <input_file_ref idref="fl-c9"/>
      </object_component>
      <object_component id="oc-1d">
         <name>.debug_info</name>
         <load_address>0xbf50</load_address>
         <run_address>0xbf50</run_address>
         <size>0x1df</size>
         <input_file_ref idref="fl-c9"/>
      </object_component>
      <object_component id="oc-44">
         <name>.debug_info</name>
         <load_address>0xc12f</load_address>
         <run_address>0xc12f</run_address>
         <size>0x46</size>
         <input_file_ref idref="fl-c9"/>
      </object_component>
      <object_component id="oc-92">
         <name>.debug_info</name>
         <load_address>0xc175</load_address>
         <run_address>0xc175</run_address>
         <size>0x2c</size>
         <input_file_ref idref="fl-c9"/>
      </object_component>
      <object_component id="oc-55">
         <name>.debug_info</name>
         <load_address>0xc1a1</load_address>
         <run_address>0xc1a1</run_address>
         <size>0x2c9</size>
         <input_file_ref idref="fl-ca"/>
      </object_component>
      <object_component id="oc-21">
         <name>.debug_info</name>
         <load_address>0xc46a</load_address>
         <run_address>0xc46a</run_address>
         <size>0x1aa</size>
         <input_file_ref idref="fl-ca"/>
      </object_component>
      <object_component id="oc-50">
         <name>.debug_info</name>
         <load_address>0xc614</load_address>
         <run_address>0xc614</run_address>
         <size>0x46</size>
         <input_file_ref idref="fl-ca"/>
      </object_component>
      <object_component id="oc-9a">
         <name>.debug_info</name>
         <load_address>0xc65a</load_address>
         <run_address>0xc65a</run_address>
         <size>0x2c</size>
         <input_file_ref idref="fl-ca"/>
      </object_component>
      <object_component id="oc-1ec">
         <name>.debug_info</name>
         <load_address>0xc686</load_address>
         <run_address>0xc686</run_address>
         <size>0x139</size>
         <input_file_ref idref="fl-cb"/>
      </object_component>
      <object_component id="oc-180">
         <name>.debug_info</name>
         <load_address>0xc7bf</load_address>
         <run_address>0xc7bf</run_address>
         <size>0xf7</size>
         <input_file_ref idref="fl-cb"/>
      </object_component>
      <object_component id="oc-1d8">
         <name>.debug_info</name>
         <load_address>0xc8b6</load_address>
         <run_address>0xc8b6</run_address>
         <size>0x184</size>
         <input_file_ref idref="fl-cb"/>
      </object_component>
      <object_component id="oc-283">
         <name>.debug_info</name>
         <load_address>0xca3a</load_address>
         <run_address>0xca3a</run_address>
         <size>0xae</size>
         <input_file_ref idref="fl-cb"/>
      </object_component>
      <object_component id="oc-218">
         <name>.debug_info</name>
         <load_address>0xcae8</load_address>
         <run_address>0xcae8</run_address>
         <size>0x39b</size>
         <input_file_ref idref="fl-cc"/>
      </object_component>
      <object_component id="oc-200">
         <name>.debug_info</name>
         <load_address>0xce83</load_address>
         <run_address>0xce83</run_address>
         <size>0x11d</size>
         <input_file_ref idref="fl-cc"/>
      </object_component>
      <object_component id="oc-19d">
         <name>.debug_info</name>
         <load_address>0xcfa0</load_address>
         <run_address>0xcfa0</run_address>
         <size>0xb75</size>
         <input_file_ref idref="fl-cc"/>
      </object_component>
      <object_component id="oc-213">
         <name>.debug_info</name>
         <load_address>0xdb15</load_address>
         <run_address>0xdb15</run_address>
         <size>0x39</size>
         <input_file_ref idref="fl-cc"/>
      </object_component>
      <object_component id="oc-292">
         <name>.debug_info</name>
         <load_address>0xdb4e</load_address>
         <run_address>0xdb4e</run_address>
         <size>0x2e3</size>
         <input_file_ref idref="fl-cd"/>
      </object_component>
      <object_component id="oc-1f7">
         <name>.debug_info</name>
         <load_address>0xde31</load_address>
         <run_address>0xde31</run_address>
         <size>0x240</size>
         <input_file_ref idref="fl-cd"/>
      </object_component>
      <object_component id="oc-1fd">
         <name>.debug_info</name>
         <load_address>0xe071</load_address>
         <run_address>0xe071</run_address>
         <size>0xf3</size>
         <input_file_ref idref="fl-ce"/>
      </object_component>
      <object_component id="oc-c0">
         <name>.debug_info</name>
         <load_address>0xe164</load_address>
         <run_address>0xe164</run_address>
         <size>0x3ce</size>
         <input_file_ref idref="fl-cf"/>
      </object_component>
      <object_component id="oc-ba">
         <name>.debug_info</name>
         <load_address>0xe532</load_address>
         <run_address>0xe532</run_address>
         <size>0x185</size>
         <input_file_ref idref="fl-cf"/>
      </object_component>
      <object_component id="oc-71">
         <name>.debug_info</name>
         <load_address>0xe6b7</load_address>
         <run_address>0xe6b7</run_address>
         <size>0x214</size>
         <input_file_ref idref="fl-cf"/>
      </object_component>
      <object_component id="oc-1f4">
         <name>.debug_info</name>
         <load_address>0xe8cb</load_address>
         <run_address>0xe8cb</run_address>
         <size>0x144</size>
         <input_file_ref idref="fl-d0"/>
      </object_component>
      <object_component id="oc-203">
         <name>.debug_info</name>
         <load_address>0xea0f</load_address>
         <run_address>0xea0f</run_address>
         <size>0x120</size>
         <input_file_ref idref="fl-d1"/>
      </object_component>
      <object_component id="oc-208">
         <name>.debug_info</name>
         <load_address>0xeb2f</load_address>
         <run_address>0xeb2f</run_address>
         <size>0x122</size>
         <input_file_ref idref="fl-d1"/>
      </object_component>
      <object_component id="oc-195">
         <name>.debug_info</name>
         <load_address>0xec51</load_address>
         <run_address>0xec51</run_address>
         <size>0x132</size>
         <input_file_ref idref="fl-d2"/>
      </object_component>
      <object_component id="oc-190">
         <name>.debug_info</name>
         <load_address>0xed83</load_address>
         <run_address>0xed83</run_address>
         <size>0x132</size>
         <input_file_ref idref="fl-d3"/>
      </object_component>
      <object_component id="oc-1a0">
         <name>.debug_info</name>
         <load_address>0xeeb5</load_address>
         <run_address>0xeeb5</run_address>
         <size>0x126</size>
         <input_file_ref idref="fl-d4"/>
      </object_component>
      <object_component id="oc-1dc">
         <name>.debug_info</name>
         <load_address>0xefdb</load_address>
         <run_address>0xefdb</run_address>
         <size>0x3d6</size>
         <input_file_ref idref="fl-d5"/>
      </object_component>
      <object_component id="oc-176">
         <name>.debug_info</name>
         <load_address>0xf3b1</load_address>
         <run_address>0xf3b1</run_address>
         <size>0x455</size>
         <input_file_ref idref="fl-d5"/>
      </object_component>
      <object_component id="oc-d8">
         <name>.debug_info</name>
         <load_address>0xf806</load_address>
         <run_address>0xf806</run_address>
         <size>0x2c</size>
         <input_file_ref idref="fl-d5"/>
      </object_component>
      <object_component id="oc-228">
         <name>.debug_info</name>
         <load_address>0xf832</load_address>
         <run_address>0xf832</run_address>
         <size>0x417</size>
         <input_file_ref idref="fl-d6"/>
      </object_component>
      <object_component id="oc-1bb">
         <name>.debug_info</name>
         <load_address>0xfc49</load_address>
         <run_address>0xfc49</run_address>
         <size>0x282</size>
         <input_file_ref idref="fl-d6"/>
      </object_component>
      <object_component id="oc-18b">
         <name>.debug_info</name>
         <load_address>0xfecb</load_address>
         <run_address>0xfecb</run_address>
         <size>0x124</size>
         <input_file_ref idref="fl-d7"/>
      </object_component>
      <object_component id="oc-41">
         <name>.debug_info</name>
         <load_address>0xffef</load_address>
         <run_address>0xffef</run_address>
         <size>0x111</size>
         <input_file_ref idref="fl-d8"/>
      </object_component>
      <object_component id="oc-4b">
         <name>.debug_info</name>
         <load_address>0x10100</load_address>
         <run_address>0x10100</run_address>
         <size>0x13f</size>
         <input_file_ref idref="fl-d9"/>
      </object_component>
      <object_component id="oc-58">
         <name>.debug_info</name>
         <load_address>0x1023f</load_address>
         <run_address>0x1023f</run_address>
         <size>0x138</size>
         <input_file_ref idref="fl-da"/>
      </object_component>
      <object_component id="oc-269">
         <name>.debug_info</name>
         <load_address>0x10377</load_address>
         <run_address>0x10377</run_address>
         <size>0x3f7</size>
         <input_file_ref idref="fl-db"/>
      </object_component>
      <object_component id="oc-1ce">
         <name>.debug_info</name>
         <load_address>0x1076e</load_address>
         <run_address>0x1076e</run_address>
         <size>0x23a</size>
         <input_file_ref idref="fl-db"/>
      </object_component>
      <object_component id="oc-2d4">
         <name>.debug_info</name>
         <load_address>0x109a8</load_address>
         <run_address>0x109a8</run_address>
         <size>0x120</size>
         <input_file_ref idref="fl-db"/>
      </object_component>
      <object_component id="oc-5d">
         <name>.debug_info</name>
         <load_address>0x10ac8</load_address>
         <run_address>0x10ac8</run_address>
         <size>0x148</size>
         <input_file_ref idref="fl-dc"/>
      </object_component>
      <object_component id="oc-2a0">
         <name>.debug_info</name>
         <load_address>0x10c10</load_address>
         <run_address>0x10c10</run_address>
         <size>0x316</size>
         <input_file_ref idref="fl-dd"/>
      </object_component>
      <object_component id="oc-20e">
         <name>.debug_info</name>
         <load_address>0x10f26</load_address>
         <run_address>0x10f26</run_address>
         <size>0x1d5</size>
         <input_file_ref idref="fl-dd"/>
      </object_component>
      <object_component id="oc-2a1">
         <name>.debug_info</name>
         <load_address>0x110fb</load_address>
         <run_address>0x110fb</run_address>
         <size>0x2c</size>
         <input_file_ref idref="fl-dd"/>
      </object_component>
      <object_component id="oc-1e4">
         <name>.debug_info</name>
         <load_address>0x11127</load_address>
         <run_address>0x11127</run_address>
         <size>0x35a</size>
         <input_file_ref idref="fl-de"/>
      </object_component>
      <object_component id="oc-17b">
         <name>.debug_info</name>
         <load_address>0x11481</load_address>
         <run_address>0x11481</run_address>
         <size>0x200</size>
         <input_file_ref idref="fl-de"/>
      </object_component>
      <object_component id="oc-1e5">
         <name>.debug_info</name>
         <load_address>0x11681</load_address>
         <run_address>0x11681</run_address>
         <size>0xbb</size>
         <input_file_ref idref="fl-de"/>
      </object_component>
      <object_component id="oc-75">
         <name>.debug_info</name>
         <load_address>0x1173c</load_address>
         <run_address>0x1173c</run_address>
         <size>0x109</size>
         <input_file_ref idref="fl-df"/>
      </object_component>
      <object_component id="oc-2ab">
         <name>.debug_info</name>
         <load_address>0x11845</load_address>
         <run_address>0x11845</run_address>
         <size>0x28f</size>
         <input_file_ref idref="fl-e0"/>
      </object_component>
      <object_component id="oc-224">
         <name>.debug_info</name>
         <load_address>0x11ad4</load_address>
         <run_address>0x11ad4</run_address>
         <size>0x244</size>
         <input_file_ref idref="fl-e0"/>
      </object_component>
      <object_component id="oc-2a9">
         <name>.debug_info</name>
         <load_address>0x11d18</load_address>
         <run_address>0x11d18</run_address>
         <size>0x27f</size>
         <input_file_ref idref="fl-e1"/>
      </object_component>
      <object_component id="oc-21c">
         <name>.debug_info</name>
         <load_address>0x11f97</load_address>
         <run_address>0x11f97</run_address>
         <size>0x258</size>
         <input_file_ref idref="fl-e1"/>
      </object_component>
      <object_component id="oc-22a">
         <name>.debug_info</name>
         <load_address>0x121ef</load_address>
         <run_address>0x121ef</run_address>
         <size>0x290</size>
         <input_file_ref idref="fl-e2"/>
      </object_component>
      <object_component id="oc-1c0">
         <name>.debug_info</name>
         <load_address>0x1247f</load_address>
         <run_address>0x1247f</run_address>
         <size>0x259</size>
         <input_file_ref idref="fl-e2"/>
      </object_component>
      <object_component id="oc-257">
         <name>.debug_info</name>
         <load_address>0x126d8</load_address>
         <run_address>0x126d8</run_address>
         <size>0x4c5</size>
         <input_file_ref idref="fl-e3"/>
      </object_component>
      <object_component id="oc-1c7">
         <name>.debug_info</name>
         <load_address>0x12b9d</load_address>
         <run_address>0x12b9d</run_address>
         <size>0xf8</size>
         <input_file_ref idref="fl-e3"/>
      </object_component>
      <object_component id="oc-266">
         <name>.debug_info</name>
         <load_address>0x12c95</load_address>
         <run_address>0x12c95</run_address>
         <size>0xf8</size>
         <input_file_ref idref="fl-e3"/>
      </object_component>
      <object_component id="oc-2e1">
         <name>.debug_info</name>
         <load_address>0x12d8d</load_address>
         <run_address>0x12d8d</run_address>
         <size>0x184</size>
         <input_file_ref idref="fl-e3"/>
      </object_component>
      <object_component id="oc-135">
         <name>.debug_info</name>
         <load_address>0x12f11</load_address>
         <run_address>0x12f11</run_address>
         <size>0x2be</size>
         <input_file_ref idref="fl-e4"/>
      </object_component>
      <object_component id="oc-bd">
         <name>.debug_info</name>
         <load_address>0x131cf</load_address>
         <run_address>0x131cf</run_address>
         <size>0x113</size>
         <input_file_ref idref="fl-e4"/>
      </object_component>
      <object_component id="oc-12f">
         <name>.debug_info</name>
         <load_address>0x132e2</load_address>
         <run_address>0x132e2</run_address>
         <size>0x21f</size>
         <input_file_ref idref="fl-e4"/>
      </object_component>
      <object_component id="oc-b8">
         <name>.debug_info</name>
         <load_address>0x13501</load_address>
         <run_address>0x13501</run_address>
         <size>0x300</size>
         <input_file_ref idref="fl-e5"/>
      </object_component>
      <object_component id="oc-6a">
         <name>.debug_info</name>
         <load_address>0x13801</load_address>
         <run_address>0x13801</run_address>
         <size>0x167</size>
         <input_file_ref idref="fl-e5"/>
      </object_component>
      <object_component id="oc-126">
         <name>.debug_info</name>
         <load_address>0x13968</load_address>
         <run_address>0x13968</run_address>
         <size>0x5e</size>
         <input_file_ref idref="fl-e5"/>
      </object_component>
      <object_component id="oc-b0">
         <name>.debug_info</name>
         <load_address>0x139c6</load_address>
         <run_address>0x139c6</run_address>
         <size>0x483</size>
         <input_file_ref idref="fl-e6"/>
      </object_component>
      <object_component id="oc-64">
         <name>.debug_info</name>
         <load_address>0x13e49</load_address>
         <run_address>0x13e49</run_address>
         <size>0x190</size>
         <input_file_ref idref="fl-e6"/>
      </object_component>
      <object_component id="oc-e9">
         <name>.debug_info</name>
         <load_address>0x13fd9</load_address>
         <run_address>0x13fd9</run_address>
         <size>0x39</size>
         <input_file_ref idref="fl-e6"/>
      </object_component>
      <object_component id="oc-150">
         <name>.debug_info</name>
         <load_address>0x14012</load_address>
         <run_address>0x14012</run_address>
         <size>0x39</size>
         <input_file_ref idref="fl-e6"/>
      </object_component>
      <object_component id="oc-ee">
         <name>.debug_info</name>
         <load_address>0x1404b</load_address>
         <run_address>0x1404b</run_address>
         <size>0xcd</size>
         <input_file_ref idref="fl-e6"/>
      </object_component>
      <object_component id="oc-e5">
         <name>.debug_info</name>
         <load_address>0x14118</load_address>
         <run_address>0x14118</run_address>
         <size>0x37a</size>
         <input_file_ref idref="fl-e7"/>
      </object_component>
      <object_component id="oc-a4">
         <name>.debug_info</name>
         <load_address>0x14492</load_address>
         <run_address>0x14492</run_address>
         <size>0x183</size>
         <input_file_ref idref="fl-e7"/>
      </object_component>
      <object_component id="oc-14b">
         <name>.debug_info</name>
         <load_address>0x14615</load_address>
         <run_address>0x14615</run_address>
         <size>0x2c</size>
         <input_file_ref idref="fl-e7"/>
      </object_component>
      <object_component id="oc-27e">
         <name>.debug_info</name>
         <load_address>0x14641</load_address>
         <run_address>0x14641</run_address>
         <size>0x39a</size>
         <input_file_ref idref="fl-e8"/>
      </object_component>
      <object_component id="oc-1d2">
         <name>.debug_info</name>
         <load_address>0x149db</load_address>
         <run_address>0x149db</run_address>
         <size>0x298</size>
         <input_file_ref idref="fl-e8"/>
      </object_component>
      <object_component id="oc-2e4">
         <name>.debug_info</name>
         <load_address>0x14c73</load_address>
         <run_address>0x14c73</run_address>
         <size>0x33c</size>
         <input_file_ref idref="fl-e9"/>
      </object_component>
      <object_component id="oc-26b">
         <name>.debug_info</name>
         <load_address>0x14faf</load_address>
         <run_address>0x14faf</run_address>
         <size>0x25a</size>
         <input_file_ref idref="fl-e9"/>
      </object_component>
      <object_component id="oc-2c1">
         <name>.debug_info</name>
         <load_address>0x15209</load_address>
         <run_address>0x15209</run_address>
         <size>0x368</size>
         <input_file_ref idref="fl-ea"/>
      </object_component>
      <object_component id="oc-233">
         <name>.debug_info</name>
         <load_address>0x15571</load_address>
         <run_address>0x15571</run_address>
         <size>0x1b1</size>
         <input_file_ref idref="fl-ea"/>
      </object_component>
      <object_component id="oc-2c7">
         <name>.debug_info</name>
         <load_address>0x15722</load_address>
         <run_address>0x15722</run_address>
         <size>0x36d</size>
         <input_file_ref idref="fl-eb"/>
      </object_component>
      <object_component id="oc-244">
         <name>.debug_info</name>
         <load_address>0x15a8f</load_address>
         <run_address>0x15a8f</run_address>
         <size>0x205</size>
         <input_file_ref idref="fl-eb"/>
      </object_component>
      <object_component id="oc-2bd">
         <name>.debug_info</name>
         <load_address>0x15c94</load_address>
         <run_address>0x15c94</run_address>
         <size>0x3cb</size>
         <input_file_ref idref="fl-ec"/>
      </object_component>
      <object_component id="oc-22d">
         <name>.debug_info</name>
         <load_address>0x1605f</load_address>
         <run_address>0x1605f</run_address>
         <size>0x201</size>
         <input_file_ref idref="fl-ec"/>
      </object_component>
      <object_component id="oc-2c3">
         <name>.debug_info</name>
         <load_address>0x16260</load_address>
         <run_address>0x16260</run_address>
         <size>0x36c</size>
         <input_file_ref idref="fl-ed"/>
      </object_component>
      <object_component id="oc-238">
         <name>.debug_info</name>
         <load_address>0x165cc</load_address>
         <run_address>0x165cc</run_address>
         <size>0x1f0</size>
         <input_file_ref idref="fl-ed"/>
      </object_component>
      <object_component id="oc-2d1">
         <name>.debug_info</name>
         <load_address>0x167bc</load_address>
         <run_address>0x167bc</run_address>
         <size>0x3f3</size>
         <input_file_ref idref="fl-ee"/>
      </object_component>
      <object_component id="oc-250">
         <name>.debug_info</name>
         <load_address>0x16baf</load_address>
         <run_address>0x16baf</run_address>
         <size>0x22b</size>
         <input_file_ref idref="fl-ee"/>
      </object_component>
      <object_component id="oc-2c9">
         <name>.debug_info</name>
         <load_address>0x16dda</load_address>
         <run_address>0x16dda</run_address>
         <size>0x3be</size>
         <input_file_ref idref="fl-ef"/>
      </object_component>
      <object_component id="oc-24a">
         <name>.debug_info</name>
         <load_address>0x17198</load_address>
         <run_address>0x17198</run_address>
         <size>0x1bb</size>
         <input_file_ref idref="fl-ef"/>
      </object_component>
      <object_component id="oc-2c5">
         <name>.debug_info</name>
         <load_address>0x17353</load_address>
         <run_address>0x17353</run_address>
         <size>0x36d</size>
         <input_file_ref idref="fl-f0"/>
      </object_component>
      <object_component id="oc-23e">
         <name>.debug_info</name>
         <load_address>0x176c0</load_address>
         <run_address>0x176c0</run_address>
         <size>0x1f5</size>
         <input_file_ref idref="fl-f0"/>
      </object_component>
      <object_component id="oc-89">
         <name>.debug_info</name>
         <load_address>0x178b5</load_address>
         <run_address>0x178b5</run_address>
         <size>0x3bc</size>
         <input_file_ref idref="fl-f1"/>
      </object_component>
      <object_component id="oc-31">
         <name>.debug_info</name>
         <load_address>0x17c71</load_address>
         <run_address>0x17c71</run_address>
         <size>0x101</size>
         <input_file_ref idref="fl-f1"/>
      </object_component>
      <object_component id="oc-289">
         <name>.debug_info</name>
         <load_address>0x17d72</load_address>
         <run_address>0x17d72</run_address>
         <size>0x14c</size>
         <input_file_ref idref="fl-f1"/>
      </object_component>
      <object_component id="oc-1df">
         <name>.debug_info</name>
         <load_address>0x17ebe</load_address>
         <run_address>0x17ebe</run_address>
         <size>0x885</size>
         <input_file_ref idref="fl-f1"/>
      </object_component>
      <object_component id="oc-dd">
         <name>.debug_info</name>
         <load_address>0x18743</load_address>
         <run_address>0x18743</run_address>
         <size>0x62</size>
         <input_file_ref idref="fl-f1"/>
      </object_component>
      <object_component id="oc-29c">
         <name>.debug_info</name>
         <load_address>0x187a5</load_address>
         <run_address>0x187a5</run_address>
         <size>0x156</size>
         <input_file_ref idref="fl-f3"/>
      </object_component>
      <object_component id="oc-aa">
         <name>.debug_info</name>
         <load_address>0x188fb</load_address>
         <run_address>0x188fb</run_address>
         <size>0x145</size>
         <input_file_ref idref="fl-f4"/>
      </object_component>
      <object_component id="oc-30a">
         <name>.debug_info</name>
         <load_address>0x18a40</load_address>
         <run_address>0x18a40</run_address>
         <size>0x28a</size>
         <input_file_ref idref="fl-f5"/>
      </object_component>
      <object_component id="oc-2cb">
         <name>.debug_info</name>
         <load_address>0x18cca</load_address>
         <run_address>0x18cca</run_address>
         <size>0x231</size>
         <input_file_ref idref="fl-f5"/>
      </object_component>
      <object_component id="oc-2f7">
         <name>.debug_info</name>
         <load_address>0x18efb</load_address>
         <run_address>0x18efb</run_address>
         <size>0x284</size>
         <input_file_ref idref="fl-f6"/>
      </object_component>
      <object_component id="oc-2b2">
         <name>.debug_info</name>
         <load_address>0x1917f</load_address>
         <run_address>0x1917f</run_address>
         <size>0x22a</size>
         <input_file_ref idref="fl-f6"/>
      </object_component>
      <object_component id="oc-2fc">
         <name>.debug_info</name>
         <load_address>0x193a9</load_address>
         <run_address>0x193a9</run_address>
         <size>0x2b0</size>
         <input_file_ref idref="fl-f7"/>
      </object_component>
      <object_component id="oc-2f9">
         <name>.debug_info</name>
         <load_address>0x19659</load_address>
         <run_address>0x19659</run_address>
         <size>0xfd</size>
         <input_file_ref idref="fl-f7"/>
      </object_component>
      <object_component id="oc-2b8">
         <name>.debug_info</name>
         <load_address>0x19756</load_address>
         <run_address>0x19756</run_address>
         <size>0x281</size>
         <input_file_ref idref="fl-f7"/>
      </object_component>
      <object_component id="oc-2e8">
         <name>.debug_info</name>
         <load_address>0x199d7</load_address>
         <run_address>0x199d7</run_address>
         <size>0x3c6</size>
         <input_file_ref idref="fl-f8"/>
      </object_component>
      <object_component id="oc-278">
         <name>.debug_info</name>
         <load_address>0x19d9d</load_address>
         <run_address>0x19d9d</run_address>
         <size>0x19a</size>
         <input_file_ref idref="fl-f8"/>
      </object_component>
      <object_component id="oc-2e6">
         <name>.debug_info</name>
         <load_address>0x19f37</load_address>
         <run_address>0x19f37</run_address>
         <size>0x3c4</size>
         <input_file_ref idref="fl-f9"/>
      </object_component>
      <object_component id="oc-274">
         <name>.debug_info</name>
         <load_address>0x1a2fb</load_address>
         <run_address>0x1a2fb</run_address>
         <size>0x18a</size>
         <input_file_ref idref="fl-f9"/>
      </object_component>
      <object_component id="oc-347">
         <name>.debug_info</name>
         <load_address>0x1a485</load_address>
         <run_address>0x1a485</run_address>
         <size>0x9a</size>
      </object_component>
      <object_component id="oc-1ad">
         <name>.debug_line</name>
         <load_address>0x0</load_address>
         <run_address>0x0</run_address>
         <size>0x20</size>
         <input_file_ref idref="fl-2"/>
      </object_component>
      <object_component id="oc-f7">
         <name>.debug_line</name>
         <load_address>0x20</load_address>
         <run_address>0x20</run_address>
         <size>0x162</size>
         <input_file_ref idref="fl-2"/>
      </object_component>
      <object_component id="oc-142">
         <name>.debug_line</name>
         <load_address>0x182</load_address>
         <run_address>0x182</run_address>
         <size>0x52</size>
         <input_file_ref idref="fl-2"/>
      </object_component>
      <object_component id="oc-147">
         <name>.debug_line</name>
         <load_address>0x1d4</load_address>
         <run_address>0x1d4</run_address>
         <size>0x55</size>
         <input_file_ref idref="fl-2"/>
      </object_component>
      <object_component id="oc-3c">
         <name>.debug_line</name>
         <load_address>0x229</load_address>
         <run_address>0x229</run_address>
         <size>0x20</size>
         <input_file_ref idref="fl-2"/>
      </object_component>
      <object_component id="oc-d2">
         <name>.debug_line</name>
         <load_address>0x249</load_address>
         <run_address>0x249</run_address>
         <size>0x65</size>
         <input_file_ref idref="fl-2"/>
      </object_component>
      <object_component id="oc-1b1">
         <name>.debug_line</name>
         <load_address>0x2ae</load_address>
         <run_address>0x2ae</run_address>
         <size>0x42</size>
         <input_file_ref idref="fl-3"/>
      </object_component>
      <object_component id="oc-100">
         <name>.debug_line</name>
         <load_address>0x2f0</load_address>
         <run_address>0x2f0</run_address>
         <size>0x10f</size>
         <input_file_ref idref="fl-3"/>
      </object_component>
      <object_component id="oc-116">
         <name>.debug_line</name>
         <load_address>0x3ff</load_address>
         <run_address>0x3ff</run_address>
         <size>0xc6</size>
         <input_file_ref idref="fl-4"/>
      </object_component>
      <object_component id="oc-118">
         <name>.debug_line</name>
         <load_address>0x4c5</load_address>
         <run_address>0x4c5</run_address>
         <size>0xa9</size>
         <input_file_ref idref="fl-5"/>
      </object_component>
      <object_component id="oc-1af">
         <name>.debug_line</name>
         <load_address>0x56e</load_address>
         <run_address>0x56e</run_address>
[...]
         <object_component_ref idref="oc-1d7"/>
      </symbol>
      <symbol id="sm-3c8">
         <name>pow</name>
         <value>0xe5</value>
         <object_component_ref idref="oc-199"/>
      </symbol>
      <symbol id="sm-3c9">
         <name>powl</name>
         <value>0xe5</value>
         <object_component_ref idref="oc-199"/>
      </symbol>
      <symbol id="sm-3ed">
         <name>sqrtl</name>
         <value>0x2491</value>
         <object_component_ref idref="oc-1f6"/>
      </symbol>
      <symbol id="sm-3ee">
         <name>sqrt</name>
         <value>0x2491</value>
         <object_component_ref idref="oc-1f6"/>
      </symbol>
      <symbol id="sm-3f6">
         <name>errno</name>
         <value>0x2000380c</value>
         <object_component_ref idref="oc-1fc"/>
      </symbol>
      <symbol id="sm-417">
         <name>C$$EXIT</name>
         <value>0x35f9</value>
         <object_component_ref idref="oc-6e"/>
      </symbol>
      <symbol id="sm-418">
         <name>abort</name>
         <value>0x35fd</value>
         <object_component_ref idref="oc-6e"/>
      </symbol>
      <symbol id="sm-419">
         <name>exit</name>
         <value>0x3605</value>
         <object_component_ref idref="oc-6e"/>
      </symbol>
      <symbol id="sm-41a">
         <name>__TI_dtors_ptr</name>
         <value>0x200037ec</value>
         <object_component_ref idref="oc-b9"/>
      </symbol>
      <symbol id="sm-41b">
         <name>__TI_cleanup_ptr</name>
         <value>0x200037e8</value>
         <object_component_ref idref="oc-b9"/>
      </symbol>
      <symbol id="sm-41c">
         <name>__TI_enable_exit_profile_output</name>
         <value>0x200037f0</value>
         <object_component_ref idref="oc-b9"/>
      </symbol>
      <symbol id="sm-433">
         <name>__aeabi_dsub</name>
         <value>0x2155</value>
         <object_component_ref idref="oc-1f1"/>
      </symbol>
      <symbol id="sm-434">
         <name>__aeabi_dadd</name>
         <value>0x215f</value>
         <object_component_ref idref="oc-1f1"/>
      </symbol>
      <symbol id="sm-456">
         <name>__aeabi_cdcmpeq</name>
         <value>0x3031</value>
         <object_component_ref idref="oc-202"/>
      </symbol>
      <symbol id="sm-457">
         <name>__aeabi_cdcmple</name>
         <value>0x3031</value>
         <object_component_ref idref="oc-202"/>
      </symbol>
      <symbol id="sm-458">
         <name>__aeabi_cdrcmple</name>
         <value>0x30b7</value>
         <object_component_ref idref="oc-207"/>
      </symbol>
      <symbol id="sm-46c">
         <name>__aeabi_ddiv</name>
         <value>0x2601</value>
         <object_component_ref idref="oc-194"/>
      </symbol>
      <symbol id="sm-477">
         <name>__aeabi_dmul</name>
         <value>0x2851</value>
         <object_component_ref idref="oc-18f"/>
      </symbol>
      <symbol id="sm-481">
         <name>__aeabi_d2iz</name>
         <value>0x3699</value>
         <object_component_ref idref="oc-19f"/>
      </symbol>
      <symbol id="sm-4b8">
         <name>__TI_cleanup</name>
         <value>0x2059</value>
         <object_component_ref idref="oc-173"/>
      </symbol>
      <symbol id="sm-4b9">
         <name>freopen</name>
         <value>0x2085</value>
         <object_component_ref idref="oc-173"/>
      </symbol>
      <symbol id="sm-4ba">
         <name>fopen</name>
         <value>0x20af</value>
         <object_component_ref idref="oc-173"/>
      </symbol>
      <symbol id="sm-4cf">
         <name>finddevice</name>
         <value>0x3229</value>
         <object_component_ref idref="oc-1b9"/>
      </symbol>
      <symbol id="sm-4d0">
         <name>getdevice</name>
         <value>0x3253</value>
         <object_component_ref idref="oc-1b9"/>
      </symbol>
      <symbol id="sm-4da">
         <name>__aeabi_i2d</name>
         <value>0x379f</value>
         <object_component_ref idref="oc-18a"/>
      </symbol>
      <symbol id="sm-4f5">
         <name>memcpy</name>
         <value>0x2efd</value>
         <object_component_ref idref="oc-3e"/>
      </symbol>
      <symbol id="sm-4f6">
         <name>__aeabi_memcpy</name>
         <value>0x2efd</value>
         <object_component_ref idref="oc-3e"/>
      </symbol>
      <symbol id="sm-4f7">
         <name>__aeabi_memcpy8</name>
         <value>0x2efd</value>
         <object_component_ref idref="oc-3e"/>
      </symbol>
      <symbol id="sm-4f8">
         <name>__aeabi_memcpy4</name>
         <value>0x2efd</value>
         <object_component_ref idref="oc-3e"/>
      </symbol>
      <symbol id="sm-507">
         <name>__aeabi_memset</name>
         <value>0x313f</value>
         <object_component_ref idref="oc-4a"/>
      </symbol>
      <symbol id="sm-508">
         <name>memset</name>
         <value>0x3145</value>
         <object_component_ref idref="oc-4a"/>
      </symbol>
      <symbol id="sm-509">
         <name>__aeabi_memset8</name>
         <value>0x313f</value>
         <object_component_ref idref="oc-4a"/>
      </symbol>
      <symbol id="sm-50a">
         <name>__aeabi_memset4</name>
         <value>0x313f</value>
         <object_component_ref idref="oc-4a"/>
      </symbol>
      <symbol id="sm-50b">
         <name>__aeabi_memclr8</name>
         <value>0x313d</value>
         <object_component_ref idref="oc-4a"/>
      </symbol>
      <symbol id="sm-50c">
         <name>__aeabi_memclr4</name>
         <value>0x313d</value>
         <object_component_ref idref="oc-4a"/>
      </symbol>
      <symbol id="sm-50d">
         <name>__aeabi_memclr</name>
         <value>0x313d</value>
         <object_component_ref idref="oc-4a"/>
      </symbol>
      <symbol id="sm-517">
         <name>__mpu_init</name>
         <value>0x230b</value>
         <object_component_ref idref="oc-56"/>
      </symbol>
      <symbol id="sm-539">
         <name>open</name>
         <value>0x2ce1</value>
         <object_component_ref idref="oc-1cb"/>
      </symbol>
      <symbol id="sm-543">
         <name>_system_pre_init</name>
         <value>0x3905</value>
         <object_component_ref idref="oc-5c"/>
      </symbol>
      <symbol id="sm-565">
         <name>scalbn</name>
         <value>0x294d</value>
         <object_component_ref idref="oc-20c"/>
      </symbol>
      <symbol id="sm-566">
         <name>scalbnl</name>
         <value>0x294d</value>
         <object_component_ref idref="oc-20c"/>
      </symbol>
      <symbol id="sm-567">
         <name>ldexpl</name>
         <value>0x294d</value>
         <object_component_ref idref="oc-20c"/>
      </symbol>
      <symbol id="sm-568">
         <name>ldexp</name>
         <value>0x294d</value>
         <object_component_ref idref="oc-20c"/>
      </symbol>
      <symbol id="sm-589">
         <name>setvbuf</name>
         <value>0x2b3d</value>
         <object_component_ref idref="oc-179"/>
      </symbol>
      <symbol id="sm-591">
         <name>main_func_sp</name>
         <value>0x20003818</value>
         <object_component_ref idref="oc-74"/>
      </symbol>
      <symbol id="sm-5a1">
         <name>strchr</name>
         <value>0x3875</value>
         <object_component_ref idref="oc-221"/>
      </symbol>
      <symbol id="sm-5b0">
         <name>strcmp</name>
         <value>0x385d</value>
         <object_component_ref idref="oc-21b"/>
      </symbol>
      <symbol id="sm-5c0">
         <name>strncpy</name>
         <value>0x3769</value>
         <object_component_ref idref="oc-1bf"/>
      </symbol>
      <symbol id="sm-5dc">
         <name>_stream</name>
         <value>0x20003770</value>
         <object_component_ref idref="oc-265"/>
      </symbol>
      <symbol id="sm-5dd">
         <name>_device</name>
         <value>0x200036f8</value>
         <object_component_ref idref="oc-1c6"/>
      </symbol>
      <symbol id="sm-5de">
         <name>write</name>
         <value>0x37f9</value>
         <object_component_ref idref="oc-2dd"/>
      </symbol>
      <symbol id="sm-5f7">
         <name>_nop</name>
         <value>0x389b</value>
         <object_component_ref idref="oc-12d"/>
      </symbol>
      <symbol id="sm-5f8">
         <name>_lock</name>
         <value>0x20003800</value>
         <object_component_ref idref="oc-bc"/>
      </symbol>
      <symbol id="sm-5f9">
         <name>_unlock</name>
         <value>0x20003804</value>
         <object_component_ref idref="oc-bc"/>
      </symbol>
      <symbol id="sm-5fa">
         <name>_register_lock</name>
         <value>0x3893</value>
         <object_component_ref idref="oc-12d"/>
      </symbol>
      <symbol id="sm-5fb">
         <name>_register_unlock</name>
         <value>0x388d</value>
         <object_component_ref idref="oc-12d"/>
      </symbol>
      <symbol id="sm-60f">
         <name>_args_main</name>
         <value>0x3845</value>
         <object_component_ref idref="oc-68"/>
      </symbol>
      <symbol id="sm-639">
         <name>__TI_auto_init</name>
         <value>0x31b9</value>
         <object_component_ref idref="oc-62"/>
      </symbol>
      <symbol id="sm-653">
         <name>copy_in</name>
         <value>0x364d</value>
         <object_component_ref idref="oc-a3"/>
      </symbol>
      <symbol id="sm-669">
         <name>__TI_closefile</name>
         <value>0x2f99</value>
         <object_component_ref idref="oc-1d1"/>
      </symbol>
      <symbol id="sm-66a">
         <name>fclose</name>
         <value>0x2fff</value>
         <object_component_ref idref="oc-1d1"/>
      </symbol>
      <symbol id="sm-684">
         <name>__TI_doflush</name>
         <value>0x2c19</value>
         <object_component_ref idref="oc-26a"/>
      </symbol>
      <symbol id="sm-685">
         <name>fflush</name>
         <value>0x2c65</value>
         <object_component_ref idref="oc-26a"/>
      </symbol>
      <symbol id="sm-696">
         <name>HOSTclose</name>
         <value>0x36e1</value>
         <object_component_ref idref="oc-231"/>
      </symbol>
      <symbol id="sm-6a7">
         <name>HOSTlseek</name>
         <value>0x3301</value>
         <object_component_ref idref="oc-243"/>
      </symbol>
      <symbol id="sm-6b9">
         <name>parmbuf</name>
         <value>0x200031c8</value>
      </symbol>
      <symbol id="sm-6ba">
         <name>HOSTopen</name>
         <value>0x3439</value>
         <object_component_ref idref="oc-22b"/>
      </symbol>
      <symbol id="sm-6cb">
         <name>HOSTread</name>
         <value>0x34f5</value>
         <object_component_ref idref="oc-237"/>
      </symbol>
      <symbol id="sm-6dc">
         <name>HOSTrename</name>
         <value>0x3369</value>
         <object_component_ref idref="oc-24f"/>
      </symbol>
      <symbol id="sm-6ed">
         <name>HOSTunlink</name>
         <value>0x3725</value>
         <object_component_ref idref="oc-249"/>
      </symbol>
      <symbol id="sm-6fe">
         <name>HOSTwrite</name>
         <value>0x354d</value>
         <object_component_ref idref="oc-23d"/>
      </symbol>
      <symbol id="sm-770">
         <name>_sys_memory</name>
         <value>0x20003208</value>
         <object_component_ref idref="oc-30"/>
      </symbol>
      <symbol id="sm-771">
         <name>free</name>
         <value>0x1237</value>
         <object_component_ref idref="oc-1dd"/>
      </symbol>
      <symbol id="sm-772">
         <name>realloc</name>
         <value>0x12f7</value>
         <object_component_ref idref="oc-1dd"/>
      </symbol>
      <symbol id="sm-773">
         <name>memalign</name>
         <value>0x1401</value>
         <object_component_ref idref="oc-1dd"/>
      </symbol>
      <symbol id="sm-774">
         <name>calloc</name>
         <value>0x14ed</value>
         <object_component_ref idref="oc-1dd"/>
      </symbol>
      <symbol id="sm-775">
         <name>malloc</name>
         <value>0x11cd</value>
         <object_component_ref idref="oc-1dd"/>
      </symbol>
      <symbol id="sm-776">
         <name>minit</name>
         <value>0x114d</value>
         <object_component_ref idref="oc-1dd"/>
      </symbol>
      <symbol id="sm-781">
         <name>copysign</name>
         <value>0x38a1</value>
         <object_component_ref idref="oc-299"/>
      </symbol>
      <symbol id="sm-782">
         <name>copysignl</name>
         <value>0x38a1</value>
         <object_component_ref idref="oc-299"/>
      </symbol>
      <symbol id="sm-78c">
         <name>_system_post_cinit</name>
         <value>0x2737</value>
         <object_component_ref idref="oc-a9"/>
      </symbol>
      <symbol id="sm-79a">
         <name>strcpy</name>
         <value>0x38b5</value>
         <object_component_ref idref="oc-2ca"/>
      </symbol>
      <symbol id="sm-7a8">
         <name>strlen</name>
         <value>0x38c9</value>
         <object_component_ref idref="oc-2b0"/>
      </symbol>
      <symbol id="sm-7c3">
         <name>__TI_readmsg</name>
         <value>0x3403</value>
         <object_component_ref idref="oc-2b6"/>
      </symbol>
      <symbol id="sm-7c4">
         <name>C$$IO$$</name>
         <value>0x33ff</value>
         <object_component_ref idref="oc-2b6"/>
      </symbol>
      <symbol id="sm-7c5">
         <name>__CIOBUF_</name>
         <value>0x20003000</value>
         <object_component_ref idref="oc-2f8"/>
      </symbol>
      <symbol id="sm-7c6">
         <name>__TI_writemsg</name>
         <value>0x33d1</value>
         <object_component_ref idref="oc-2b6"/>
      </symbol>
      <symbol id="sm-7d6">
         <name>unlink</name>
         <value>0x37cd</value>
         <object_component_ref idref="oc-276"/>
      </symbol>
      <symbol id="sm-7ea">
         <name>close</name>
         <value>0x3499</value>
         <object_component_ref idref="oc-270"/>
      </symbol>
      <symbol id="sm-7eb">
         <name>__TI_static_base__</name>
         <value>0x0</value>
      </symbol>
      <symbol id="sm-7ee">
         <name>SHT$$INIT_ARRAY$$Limit</name>
         <value>0x0</value>
      </symbol>
      <symbol id="sm-7ef">
         <name>SHT$$INIT_ARRAY$$Base</name>
         <value>0x0</value>
      </symbol>
      <symbol id="sm-7f0">
         <name>NMI_Handler</name>
         <value>0x38f7</value>
      </symbol>
      <symbol id="sm-7f1">
         <name>HardFault_Handler</name>
         <value>0x38f7</value>
      </symbol>
      <symbol id="sm-7f2">
         <name>MemManage_Handler</name>
         <value>0x38f7</value>
      </symbol>
      <symbol id="sm-7f3">
         <name>BusFault_Handler</name>
         <value>0x38f7</value>
      </symbol>
      <symbol id="sm-7f4">
         <name>UsageFault_Handler</name>
         <value>0x38f7</value>
      </symbol>
      <symbol id="sm-7f5">
         <name>SVC_Handler</name>
         <value>0x38f7</value>
      </symbol>
      <symbol id="sm-7f6">
         <name>DebugMon_Handler</name>
         <value>0x38f7</value>
      </symbol>
      <symbol id="sm-7f7">
         <name>PendSV_Handler</name>
         <value>0x38f7</value>
      </symbol>
      <symbol id="sm-7f8">
         <name>SysTick_Handler</name>
         <value>0x38f7</value>
      </symbol>
      <symbol id="sm-7f9">
         <name>PSS_IRQHandler</name>
         <value>0x38f7</value>
      </symbol>
      <symbol id="sm-7fa">
         <name>CS_IRQHandler</name>
         <value>0x38f7</value>
      </symbol>
      <symbol id="sm-7fb">
         <name>PCM_IRQHandler</name>
         <value>0x38f7</value>
      </symbol>
      <symbol id="sm-7fc">
         <name>WDT_A_IRQHandler</name>
         <value>0x38f7</value>
      </symbol>
      <symbol id="sm-7fd">
         <name>FPU_IRQHandler</name>
         <value>0x38f7</value>
      </symbol>
      <symbol id="sm-7fe">
         <name>FLCTL_IRQHandler</name>
         <value>0x38f7</value>
      </symbol>
      <symbol id="sm-7ff">
         <name>COMP_E0_IRQHandler</name>
         <value>0x38f7</value>
      </symbol>
      <symbol id="sm-800">
         <name>COMP_E1_IRQHandler</name>
         <value>0x38f7</value>
      </symbol>
      <symbol id="sm-801">
         <name>TA0_0_IRQHandler</name>
         <value>0x38f7</value>
      </symbol>
      <symbol id="sm-802">
         <name>TA0_N_IRQHandler</name>
         <value>0x38f7</value>
      </symbol>
      <symbol id="sm-803">
         <name>TA1_0_IRQHandler</name>
         <value>0x2ec7</value>
      </symbol>
      <symbol id="sm-804">
         <name>TA1_N_IRQHandler</name>
         <value>0x38f7</value>
      </symbol>
      <symbol id="sm-805">
         <name>TA2_0_IRQHandler</name>
         <value>0x38f7</value>
      </symbol>
      <symbol id="sm-806">
         <name>TA2_N_IRQHandler</name>
         <value>0x38f7</value>
      </symbol>
      <symbol id="sm-807">
         <name>TA3_0_IRQHandler</name>
         <value>0x38f7</value>
      </symbol>
      <symbol id="sm-808">
         <name>TA3_N_IRQHandler</name>
         <value>0x38f7</value>
      </symbol>
      <symbol id="sm-809">
         <name>EUSCIA0_IRQHandler</name>
         <value>0x38f7</value>
      </symbol>
      <symbol id="sm-80a">
         <name>EUSCIA1_IRQHandler</name>
         <value>0x38f7</value>
      </symbol>
      <symbol id="sm-80b">
         <name>EUSCIA2_IRQHandler</name>
         <value>0x38f7</value>
      </symbol>
      <symbol id="sm-80c">
         <name>EUSCIA3_IRQHandler</name>
         <value>0x38f7</value>
      </symbol>
      <symbol id="sm-80d">
         <name>EUSCIB0_IRQHandler</name>
         <value>0x38f7</value>
      </symbol>
      <symbol id="sm-80e">
         <name>EUSCIB1_IRQHandler</name>
         <value>0x38f7</value>
      </symbol>
      <symbol id="sm-80f">
         <name>EUSCIB2_IRQHandler</name>
         <value>0x38f7</value>
      </symbol>
      <symbol id="sm-810">
         <name>EUSCIB3_IRQHandler</name>
         <value>0x38f7</value>
      </symbol>
      <symbol id="sm-811">
         <name>ADC14_IRQHandler</name>
         <value>0x38f7</value>
      </symbol>
      <symbol id="sm-812">
         <name>T32_INT1_IRQHandler</name>
         <value>0x38f7</value>
      </symbol>
      <symbol id="sm-813">
         <name>T32_INT2_IRQHandler</name>
         <value>0x38f7</value>
      </symbol>
      <symbol id="sm-814">
         <name>T32_INTC_IRQHandler</name>
         <value>0x38f7</value>
      </symbol>
      <symbol id="sm-815">
         <name>AES256_IRQHandler</name>
         <value>0x38f7</value>
      </symbol>
      <symbol id="sm-816">
         <name>RTC_C_IRQHandler</name>
         <value>0x38f7</value>
      </symbol>
      <symbol id="sm-817">
         <name>DMA_ERR_IRQHandler</name>
         <value>0x38f7</value>
      </symbol>
      <symbol id="sm-818">
         <name>DMA_INT3_IRQHandler</name>
         <value>0x38f7</value>
      </symbol>
      <symbol id="sm-819">
         <name>DMA_INT2_IRQHandler</name>
         <value>0x38f7</value>
      </symbol>
      <symbol id="sm-81a">
         <name>DMA_INT1_IRQHandler</name>
         <value>0x38f7</value>
      </symbol>
      <symbol id="sm-81b">
         <name>DMA_INT0_IRQHandler</name>
         <value>0x38f7</value>
      </symbol>
      <symbol id="sm-81c">
         <name>PORT1_IRQHandler</name>
         <value>0x38f7</value>
      </symbol>
      <symbol id="sm-81d">
         <name>PORT2_IRQHandler</name>
         <value>0x38f7</value>
      </symbol>
      <symbol id="sm-81e">
         <name>PORT3_IRQHandler</name>
         <value>0x38f7</value>
      </symbol>
      <symbol id="sm-81f">
         <name>PORT4_IRQHandler</name>
         <value>0x38f7</value>
      </symbol>
      <symbol id="sm-820">
         <name>PORT5_IRQHandler</name>
         <value>0x38f7</value>
      </symbol>
      <symbol id="sm-821">
         <name>PORT6_IRQHandler</name>
         <value>0x38f7</value>
      </symbol>
      <symbol id="sm-822">
         <name>remove</name>
         <value>0x37cd</value>
      </symbol>
   </symbol_table>
   <title>Link successful</title>
</link_info>
