******************************************************************************
                  TI ARM Linker PC v16.9.6                     
******************************************************************************
>> Linked Fri Oct 29 13:20:00 2021

OUTPUT FILE NAME:   <Lab5_UARTComms.out>
ENTRY POINT SYMBOL: "_c_int00"  address: 000058d9


MEMORY CONFIGURATION

         name            origin    length      used     unused   attr    fill
----------------------  --------  ---------  --------  --------  ----  --------
  MAIN                  00000000   00040000  00005dc0  0003a240  R  X
  INFO                  00200000   00004000  00000000  00004000  R  X
  SRAM_CODE             01000000   00010000  00003dec  0000c214  RW X
  SRAM_DATA             20000000   00010000  00003dec  0000c214  RW  


SEGMENT ALLOCATION MAP

run origin  load origin   length   init length attrs members
----------  ----------- ---------- ----------- ----- -------
00000000    00000000    00005dc0   00005dc0    r-x
  00000000    00000000    000000e4   000000e4    r-- .intvecs
  000000e4    000000e4    00005bdc   00005bdc    r-x .text
  00005cc0    00005cc0    00000050   00000050    r-- .const
  00005d10    00005d10    000000b0   000000b0    r-- .cinit
20000000    20000000    00003bec   00000000    rw-
  20000000    20000000    000035b0   00000000    rw- .bss
  200035b0    200035b0    00000400   00000000    rw- .sysmem
  200039b0    200039b0    0000023c   00000000    rw- .data
2000fe00    2000fe00    00000200   00000000    rw-
  2000fe00    2000fe00    00000200   00000000    rw- .stack


SECTION ALLOCATION MAP

 output                                  attributes/
section   page    origin      length       input sections
--------  ----  ----------  ----------   ----------------
.intvecs   0    00000000    000000e4     
                  00000000    000000e4     startup_msp432p401r_ccs.obj (.intvecs:retain)

.binit     0    00000000    00000000     

.text      0    000000e4    00005bdc     
                  000000e4    000014c8     Lab5_UARTmain.obj (.text)
                  000015ac    000009ac     rtsv7M4_T_le_v4SPD16_eabi.lib : e_pow.obj (.text)
                  00001f58    000006bc     UART0.obj (.text)
                  00002614    000005ba     EUSCIA0.obj (.text)
                  00002bce    00000002     rtsv7M4_T_le_v4SPD16_eabi.lib : mpu_init.obj (.text)
                  00002bd0    000003d0                                   : memory.obj (.text)
                  00002fa0    0000032c     system_msp432p401r.obj (.text)
                  000032cc    00000308     LPF.obj (.text)
                  000035d4    00000260     ADC14.obj (.text)
                  00003834    00000228     PWM.obj (.text)
                  00003a5c    00000210     FIFO0.obj (.text)
                  00003c6c    000001ec     Reflectance.obj (.text)
                  00003e58    000001e0     Clock.obj (.text)
                  00004038    000001c4     rtsv7M4_T_le_v4SPD16_eabi.lib : fopen.obj (.text)
                  000041fc    000001b6                                   : fd_add_t2.obj (.text)
                  000043b2    00000002                                   : startup.obj (.text)
                  000043b4    000001b0     Motor.obj (.text)
                  00004564    00000170     rtsv7M4_T_le_v4SPD16_eabi.lib : e_sqrt.obj (.text)
                  000046d4    00000136                                   : fd_div_t2.obj (.text)
                  0000480a    00000002     --HOLE-- [fill = 0]
                  0000480c    00000134     BumpInt.obj (.text)
                  00004940    0000012c     TA3InputCapture.obj (.text)
                  00004a6c    00000118     IRDistance.obj (.text)
                  00004b84    000000fc     rtsv7M4_T_le_v4SPD16_eabi.lib : fd_mul_t2.obj (.text)
                  00004c80    000000fc                                   : s_scalbn.obj (.text)
                  00004d7c    000000f4     LaunchPad.obj (.text)
                  00004e70    000000dc     rtsv7M4_T_le_v4SPD16_eabi.lib : setvbuf.obj (.text)
                  00004f4c    000000c8                                   : fflush.obj (.text)
                  00005014    000000bc                                   : open.obj (.text)
                  000050d0    000000b8                                   : add_device.obj (.text)
                  00005188    000000a8     TimerA1.obj (.text)
                  00005230    0000009c     rtsv7M4_T_le_v4SPD16_eabi.lib : memcpy_t2.obj (.text)
                  000052cc    00000098                                   : fclose.obj (.text)
                  00005364    00000086                                   : fd_cmp_t2.obj (.text:__aeabi_cdcmple)
                  000053ea    00000086                                   : fd_cmp_t2.obj (.text:__aeabi_cdrcmple)
                  00005470    0000007a                                   : memset_t2.obj (.text)
                  000054ea    00000002     --HOLE-- [fill = 0]
                  000054ec    00000070                                   : autoinit.obj (.text)
                  0000555c    00000070                                   : getdevice.obj (.text)
                  000055cc    00000068                                   : copy_decompress_lzss.obj (.text:decompress:lzss)
                  00005634    00000068                                   : hostlseek.obj (.text)
                  0000569c    00000068                                   : hostrename.obj (.text)
                  00005704    00000068                                   : trgmsg.obj (.text)
                  0000576c    00000060                                   : hostopen.obj (.text)
                  000057cc    0000005c                                   : close.obj (.text)
                  00005828    00000058                                   : hostread.obj (.text)
                  00005880    00000058                                   : hostwrite.obj (.text)
                  000058d8    00000054                                   : boot.obj (.text)
                  0000592c    00000054                                   : exit.obj (.text)
                  00005980    0000004c                                   : cpy_tbl.obj (.text)
                  000059cc    00000048                                   : fd_toi_t2.obj (.text)
                  00005a14    00000044                                   : fd_tou_t2.obj (.text)
                  00005a58    00000044                                   : hostclose.obj (.text)
                  00005a9c    00000044                                   : hostunlink.obj (.text)
                  00005ae0    00000040     SysTickInts.obj (.text)
                  00005b20    00000036     rtsv7M4_T_le_v4SPD16_eabi.lib : strncpy.obj (.text)
                  00005b56    0000002e                                   : i_tofd_t2.obj (.text)
                  00005b84    0000002c                                   : unlink.obj (.text)
                  00005bb0    00000028                                   : write.obj (.text)
                  00005bd8    00000024     CortexM.obj (.text)
                  00005bfc    00000018     rtsv7M4_T_le_v4SPD16_eabi.lib : args_main.obj (.text)
                  00005c14    00000018                                   : strcmp.obj (.text)
                  00005c2c    00000016                                   : strchr.obj (.text)
                  00005c42    00000002     --HOLE-- [fill = 0]
                  00005c44    00000014                                   : _lock.obj (.text)
                  00005c58    00000014                                   : s_copysign.obj (.text)
                  00005c6c    00000014                                   : strcpy.obj (.text)
                  00005c80    00000014                                   : strlen.obj (.text)
                  00005c94    0000000e                                   : copy_decompress_none.obj (.text:decompress:none)
                  00005ca2    0000000e     startup_msp432p401r_ccs.obj (.text)
                  00005cb0    0000000c     rtsv7M4_T_le_v4SPD16_eabi.lib : copy_zero_init.obj (.text:decompress:ZI)
                  00005cbc    00000004                                   : pre_init.obj (.text)

.const     0    00005cc0    00000050     
                  00005cc0    00000030     rtsv7M4_T_le_v4SPD16_eabi.lib : e_pow.obj (.const:$O1$$)
                  00005cf0    00000020     Reflectance.obj (.const:$P$T0$1)

.cinit     0    00005d10    000000b0     
                  00005d10    0000008a     (.cinit..data.load) [load image, compression = lzss]
                  00005d9a    00000002     --HOLE-- [fill = 0]
                  00005d9c    0000000c     (__TI_handler_table)
                  00005da8    00000008     (.cinit..bss.load) [load image, compression = zero_init]
                  00005db0    00000010     (__TI_cinit_table)

.init_array 
*          0    00000000    00000000     UNINITIALIZED

.bss       0    20000000    000035b0     UNINITIALIZED
                  20000000    00001000     (.common:x)
                  20001000    00001000     (.common:x2)
                  20002000    00001000     (.common:x3)
                  20003000    00000200     (.common:TxHistogram)
                  20003200    00000120     rtsv7M4_T_le_v4SPD16_eabi.lib : trgmsg.obj (.bss:_CIOBUF_)
                  20003320    000000a0     (.common:__TI_tmpnams)
                  200033c0    00000082     (.common:RxFifo0)
                  20003442    00000082     (.common:TxFifo0)
                  200034c4    00000040     (.common:String)
                  20003504    00000008     (.common:Messageb)
                  2000350c    00000008     (.common:Messagec)
                  20003514    00000004     (.common:ADCflag)
                  20003518    00000008     (.common:averagePeriod)
                  20003520    00000008     (.common:parmbuf)
                  20003528    00000008     (.common:speedCMPS)
                  20003530    00000008     (.common:speedRPM)
                  20003538    00000004     (.common:Done0)
                  2000353c    00000004     (.common:Done2)
                  20003540    00000004     (.common:Elapsed)
                  20003544    00000004     (.common:First)
                  20003548    00000004     (.common:I1)
                  2000354c    00000004     (.common:LPFSum)
                  20003550    00000004     (.common:LPFSum2)
                  20003554    00000004     (.common:LPFSum3)
                  20003558    00000004     (.common:MaxTime)
                  2000355c    00000004     (.common:Messageindexb)
                  20003560    00000004     (.common:Messageindexc)
                  20003564    00000004     (.common:NumErrors)
                  20003568    00000004     (.common:NumSuccess)
                  2000356c    00000004     (.common:Port4Task)
                  20003570    00000004     (.common:Pt)
                  20003574    00000004     (.common:Pt2)
                  20003578    00000004     (.common:Pt3)
                  2000357c    00000004     (.common:Size)
                  20003580    00000004     (.common:TimerA1Task)
                  20003584    00000004     (.common:centerDistance)
                  20003588    00000004     (.common:leftDistance)
                  2000358c    00000004     (.common:length)
                  20003590    00000004     (.common:nc)
                  20003594    00000004     (.common:nl)
                  20003598    00000004     (.common:nr)
                  2000359c    00000004     (.common:rightDistance)
                  200035a0    00000002     (.common:First0)
                  200035a2    00000002     (.common:First2)
                  200035a4    00000002     (.common:Period0)
                  200035a6    00000002     (.common:Period2)
                  200035a8    00000002     (.common:Power)
                  200035aa    00000001     (.common:CollisionData)
                  200035ab    00000001     (.common:CollisionFlag)
                  200035ac    00000001     (.common:CollisionRecord)
                  200035ad    00000001     (.common:Data)
                  200035ae    00000001     (.common:ReadData)
                  200035af    00000001     (.common:WriteData)

.sysmem    0    200035b0    00000400     UNINITIALIZED
                  200035b0    00000008     rtsv7M4_T_le_v4SPD16_eabi.lib : memory.obj (.sysmem)
                  200035b8    000003f8     --HOLE--

.data      0    200039b0    0000023c     UNINITIALIZED
                  200039b0    000000f0     rtsv7M4_T_le_v4SPD16_eabi.lib : defs.obj (.data:_ftable)
                  20003aa0    00000078                                   : write.obj (.data:_device)
                  20003b18    00000050                                   : write.obj (.data:_stream)
                  20003b68    0000001c     Lab5_UARTmain.obj (.data)
                  20003b84    00000018     Clock.obj (.data)
                  20003b9c    00000010     rtsv7M4_T_le_v4SPD16_eabi.lib : defs.obj (.data)
                  20003bac    0000000c                                   : exit.obj (.data:$O1$$)
                  20003bb8    0000000c                                   : memory.obj (.data:$O1$$)
                  20003bc4    00000008                                   : _lock.obj (.data:$O1$$)
                  20003bcc    00000008     TA3InputCapture.obj (.data)
                  20003bd4    00000004     rtsv7M4_T_le_v4SPD16_eabi.lib : add_device.obj (.data)
                  20003bd8    00000004                                   : errno.obj (.data)
                  20003bdc    00000004                                   : fopen.obj (.data)
                  20003be0    00000004                                   : open.obj (.data)
                  20003be4    00000004                                   : stkdepth_vars.obj (.data)
                  20003be8    00000004     system_msp432p401r.obj (.data)

.stack     0    2000fe00    00000200     UNINITIALIZED
                  2000fe00    00000200     --HOLE--

MODULE SUMMARY

       Module                        code    ro data   rw data
       ------                        ----    -------   -------
    .\
       LPF.obj                       776     0         24640  
       Lab5_UARTmain.obj             5320    0         384    
       FIFO0.obj                     528     0         1544   
       UART0.obj                     1724    0         24     
       EUSCIA0.obj                   1466    0         24     
       system_msp432p401r.obj        812     0         8      
       ADC14.obj                     608     0         0      
       PWM.obj                       552     0         0      
       Clock.obj                     480     0         48     
       Reflectance.obj               492     32        0      
       Motor.obj                     432     0         0      
       BumpInt.obj                   308     0         8      
       TA3InputCapture.obj           300     0         16     
       IRDistance.obj                280     0         0      
       LaunchPad.obj                 244     0         0      
       startup_msp432p401r_ccs.obj   14      228       0      
       TimerA1.obj                   168     0         8      
       SysTickInts.obj               64      0         0      
       CortexM.obj                   36      0         0      
    +--+-----------------------------+-------+---------+---------+
       Total:                        14604   260       26704  
                                                              
    C:\ti\ccsv7\tools\compiler\ti-cgt-arm_16.9.6.LTS\lib\rtsv7M4_T_le_v4SPD16_eabi.lib
       e_pow.obj                     2476    48        0      
       memory.obj                    976     0         24     
       defs.obj                      0       0         832    
       trgmsg.obj                    104     0         576    
       fopen.obj                     452     0         8      
       write.obj                     40      0         400    
       fd_add_t2.obj                 438     0         0      
       e_sqrt.obj                    368     0         0      
       fd_div_t2.obj                 310     0         0      
       fd_cmp_t2.obj                 268     0         0      
       fd_mul_t2.obj                 252     0         0      
       s_scalbn.obj                  252     0         0      
       setvbuf.obj                   220     0         0      
       fflush.obj                    200     0         0      
       open.obj                      188     0         8      
       add_device.obj                184     0         8      
       memcpy_t2.obj                 156     0         0      
       fclose.obj                    152     0         0      
       memset_t2.obj                 122     0         0      
       autoinit.obj                  112     0         0      
       getdevice.obj                 112     0         0      
       hostopen.obj                  96      0         16     
       exit.obj                      84      0         24     
       copy_decompress_lzss.obj      104     0         0      
       hostlseek.obj                 104     0         0      
       hostrename.obj                104     0         0      
       close.obj                     92      0         0      
       hostread.obj                  88      0         0      
       hostwrite.obj                 88      0         0      
       boot.obj                      84      0         0      
       cpy_tbl.obj                   76      0         0      
       fd_toi_t2.obj                 72      0         0      
       fd_tou_t2.obj                 68      0         0      
       hostclose.obj                 68      0         0      
       hostunlink.obj                68      0         0      
       strncpy.obj                   54      0         0      
       i_tofd_t2.obj                 46      0         0      
       unlink.obj                    44      0         0      
       _lock.obj                     20      0         16     
       args_main.obj                 24      0         0      
       strcmp.obj                    24      0         0      
       strchr.obj                    22      0         0      
       s_copysign.obj                20      0         0      
       strcpy.obj                    20      0         0      
       strlen.obj                    20      0         0      
       copy_decompress_none.obj      14      0         0      
       copy_zero_init.obj            12      0         0      
       errno.obj                     0       0         8      
       stkdepth_vars.obj             0       0         8      
       pre_init.obj                  4       0         0      
       mpu_init.obj                  2       0         0      
       startup.obj                   2       0         0      
    +--+-----------------------------+-------+---------+---------+
       Total:                        8906    48        1928   
                                                              
       Heap:                         0       0         2048   
       Stack:                        0       0         1024   
       Linker Generated:             0       174       0      
    +--+-----------------------------+-------+---------+---------+
       Grand Total:                  23510   482       31704  


LINKER GENERATED COPY TABLES

__TI_cinit_table @ 00005db0 records: 2, size/record: 8, table size: 16
	.data: load addr=00005d10, load size=0000008a bytes, run addr=200039b0, run size=0000023c bytes, compression=lzss
	.bss: load addr=00005da8, load size=00000008 bytes, run addr=20000000, run size=000035b0 bytes, compression=zero_init


LINKER GENERATED HANDLER TABLE

__TI_handler_table @ 00005d9c records: 3, size/record: 4, table size: 12
	index: 0, handler: __TI_decompress_lzss
	index: 1, handler: __TI_decompress_none
	index: 2, handler: __TI_zero_init


GLOBAL SYMBOLS: SORTED ALPHABETICALLY BY Name 

address   name                           
-------   ----                           
000036d1  ADC0_InitSWTriggerCh12         
00003741  ADC0_InitSWTriggerCh17_12_16   
000035d5  ADC0_InitSWTriggerCh6          
00003645  ADC0_InitSWTriggerCh67         
00005caf  ADC14_IRQHandler               
00003721  ADC_In12                       
000037b1  ADC_In17_12_16                 
00003625  ADC_In6                        
0000369b  ADC_In67                       
20003514  ADCflag                        
00005caf  AES256_IRQHandler              
0000480d  BumpInt_Init                   
00004883  Bump_Read                      
00005caf  BusFault_Handler               
0000592d  C$$EXIT                        
00005733  C$$IO$$                        
00005caf  COMP_E0_IRQHandler             
00005caf  COMP_E1_IRQHandler             
20003b8c  CPMwait                        
00005caf  CS_IRQHandler                  
20003bcc  CaptureTask0                   
20003bd0  CaptureTask2                   
00004ab7  CenterConvert                  
20003b84  ClockFrequency                 
00003fad  Clock_Delay1ms                 
00003f83  Clock_Delay1us                 
00003f6f  Clock_GetFreq                  
00003e59  Clock_Init48MHz                
200035aa  CollisionData                  
200035ab  CollisionFlag                  
200035ac  CollisionRecord                
20003b98  Crystalstable                  
00005caf  DMA_ERR_IRQHandler             
00005caf  DMA_INT0_IRQHandler            
00005caf  DMA_INT1_IRQHandler            
00005caf  DMA_INT2_IRQHandler            
00005caf  DMA_INT3_IRQHandler            
200035ad  Data                           
00005caf  DebugMon_Handler               
00005caf  Default_Handler                
00005bd9  DisableInterrupts              
20003538  Done0                          
2000353c  Done2                          
000026a7  EUSCIA0_IRQHandler             
000026a7  EUSCIA0_IRQHandler             
0000267b  EUSCIA0_InChar                 
00002b45  EUSCIA0_InString               
000026fb  EUSCIA0_InUDec                 
000029f9  EUSCIA0_InUHex                 
00002615  EUSCIA0_Init                   
0000268d  EUSCIA0_OutChar                
000026dd  EUSCIA0_OutString              
0000277f  EUSCIA0_OutUDec                
00002911  EUSCIA0_OutUDec4               
00002949  EUSCIA0_OutUDec5               
00002985  EUSCIA0_OutUFix1               
000029ad  EUSCIA0_OutUFix2               
00002ac1  EUSCIA0_OutUHex                
00002b27  EUSCIA0_OutUHex2               
00002b05  EUSCIA0outnibble               
00005caf  EUSCIA1_IRQHandler             
00005caf  EUSCIA2_IRQHandler             
00005caf  EUSCIA3_IRQHandler             
00005caf  EUSCIB0_IRQHandler             
00005caf  EUSCIB1_IRQHandler             
00005caf  EUSCIB2_IRQHandler             
00005caf  EUSCIB3_IRQHandler             
20003540  Elapsed                        
00005bdf  EnableInterrupts               
00005bef  EndCritical                    
00005caf  FLCTL_IRQHandler               
00005caf  FPU_IRQHandler                 
20003544  First                          
200035a0  First0                         
200035a2  First2                         
00005a59  HOSTclose                      
00005635  HOSTlseek                      
0000576d  HOSTopen                       
00005829  HOSTread                       
0000569d  HOSTrename                     
00005a9d  HOSTunlink                     
00005881  HOSTwrite                      
000004f5  HandleCollision                
00005caf  HardFault_Handler              
20003548  I1                             
20003b94  IFlags                         
000004b1  IRSensor_Init                  
2000354c  LPFSum                         
20003550  LPFSum2                        
20003554  LPFSum3                        
000033e1  LPF_Calc                       
00003489  LPF_Calc2                      
0000354d  LPF_Calc3                      
00003321  LPF_Calc_old                   
00003383  LPF_Init                       
00003435  LPF_Init2                      
000034eb  LPF_Init3                      
000032cd  LPF_Init_old                   
00004d7d  LaunchPad_Init                 
00004ded  LaunchPad_Input                
00004e07  LaunchPad_LED                  
00004e25  LaunchPad_Output               
00004a6d  LeftConvert                    
20003558  MaxTime                        
00005caf  MemManage_Handler              
20003504  Messageb                       
2000350c  Messagec                       
2000355c  Messageindexb                  
20003560  Messageindexc                  
00004505  Motor_Backward                 
00004461  Motor_Forward                  
000043b5  Motor_Init                     
000044cb  Motor_Left                     
00004491  Motor_Right                    
0000443d  Motor_Stop                     
00005caf  NMI_Handler                    
20003564  NumErrors                      
20003568  NumSuccess                     
00005caf  PCM_IRQHandler                 
00005caf  PORT1_IRQHandler               
00005caf  PORT2_IRQHandler               
00005caf  PORT3_IRQHandler               
00004903  PORT4_IRQHandler               
00004903  PORT4_IRQHandler               
00005caf  PORT5_IRQHandler               
00005caf  PORT6_IRQHandler               
00005caf  PSS_IRQHandler                 
0000391f  PWM_Duty1                      
0000393f  PWM_Duty2                      
000039e3  PWM_Duty3                      
00003a03  PWM_Duty4                      
00003835  PWM_Init1                      
0000389b  PWM_Init12                     
0000395f  PWM_Init34                     
00005caf  PendSV_Handler                 
200035a4  Period0                        
200035a6  Period2                        
00000519  PeriodMeasure0                 
00000551  PeriodMeasure2                 
2000356c  Port4Task                      
00003c79  Port5_Init                     
00003cad  Port7_Init                     
00003ced  Port7_Input                    
00003cd7  Port7_Output                   
20003b90  Postwait                       
200035a8  Power                          
20003b88  Prewait                        
00000141  Program5_1                     
000001af  Program5_2                     
0000026f  Program5_3                     
00000359  Program5_4                     
20003570  Pt                             
20003574  Pt2                            
20003578  Pt3                            
00000669  RSLK_Reset                     
00005caf  RTC_C_IRQHandler               
000000e5  Random                         
200035ae  ReadData                       
00003d33  Reflectance_Center             
00003e0b  Reflectance_End                
00003c6d  Reflectance_Init               
00003d6d  Reflectance_Position           
00003cf9  Reflectance_Read               
00003def  Reflectance_Start              
00005ca3  Reset_Handler                  
00004b01  RightConvert                   
000005c9  Ruler                          
200033c0  RxFifo0                        
00003bd7  RxFifo0_Get                    
00003b7d  RxFifo0_Init                   
00003b89  RxFifo0_Put                    
00003c15  RxFifo0_Size                   
UNDEFED   SHT$$INIT_ARRAY$$Base          
UNDEFED   SHT$$INIT_ARRAY$$Limit         
00005caf  SVC_Handler                    
00000455  SensorRead_ISR                 
2000357c  Size                           
00005be5  StartCritical                  
200034c4  String                         
00005caf  SysTick_Handler                
00005ae1  SysTick_Init                   
20003be8  SystemCoreClock                
00002fa1  SystemCoreClockUpdate          
00003215  SystemInit                     
00005caf  T32_INT1_IRQHandler            
00005caf  T32_INT2_IRQHandler            
00005caf  T32_INTC_IRQHandler            
00005caf  TA0_0_IRQHandler               
00005caf  TA0_N_IRQHandler               
000051fb  TA1_0_IRQHandler               
000051fb  TA1_0_IRQHandler               
00005caf  TA1_N_IRQHandler               
00005caf  TA2_0_IRQHandler               
00005caf  TA2_N_IRQHandler               
000049f1  TA3_0_IRQHandler               
000049f1  TA3_0_IRQHandler               
00004a0b  TA3_N_IRQHandler               
00004a0b  TA3_N_IRQHandler               
00000595  Tachometer_Init                
000000fd  TestFifo                       
20003580  TimerA1Task                    
00005189  TimerA1_Init                   
000051e7  TimerA1_Stop                   
0000494d  TimerA3Capture_Init            
20003442  TxFifo0                        
00003ae9  TxFifo0_Get                    
00003a5d  TxFifo0_Init                   
00003a8f  TxFifo0_Put                    
00003b27  TxFifo0_Size                   
20003000  TxHistogram                    
00001f9f  UART0_InChar                   
00002429  UART0_InString                 
00001fe9  UART0_InUDec                   
000022dd  UART0_InUHex                   
00001f59  UART0_Init                     
00002589  UART0_Initprintf               
00001faf  UART0_OutChar                  
00001fcb  UART0_OutString                
0000206d  UART0_OutUDec                  
000021d9  UART0_OutUDec4                 
0000222d  UART0_OutUDec5                 
00002269  UART0_OutUFix1                 
00002291  UART0_OutUFix2                 
000023a1  UART0_OutUHex                  
0000240d  UART0_OutUHex2                 
00005caf  UsageFault_Handler             
4000480c  WDTCTL_SYM                     
00005caf  WDT_A_IRQHandler               
00005bf7  WaitForInterrupt               
200035af  WriteData                      
20003200  __CIOBUF_                      
20010000  __STACK_END                    
00000200  __STACK_SIZE                   
00000400  __SYSMEM_SIZE                  
00005db0  __TI_CINIT_Base                
00005dc0  __TI_CINIT_Limit               
00005d9c  __TI_Handler_Table_Base        
00005da8  __TI_Handler_Table_Limit       
000054ed  __TI_auto_init                 
00004101  __TI_cleanup                   
20003bac  __TI_cleanup_ptr               
000052cd  __TI_closefile                 
000055cd  __TI_decompress_lzss           
00005c95  __TI_decompress_none           
00004f4d  __TI_doflush                   
20003bb0  __TI_dtors_ptr                 
20003bb4  __TI_enable_exit_profile_output
20003b9c  __TI_ft_end                    
ffffffff  __TI_pprof_out_hndl            
ffffffff  __TI_prof_data_size            
ffffffff  __TI_prof_data_start           
00005737  __TI_readmsg                   
00000000  __TI_static_base__             
20003320  __TI_tmpnams                   
00005705  __TI_writemsg                  
00005cb1  __TI_zero_init                 
00005365  __aeabi_cdcmpeq                
00005365  __aeabi_cdcmple                
000053eb  __aeabi_cdrcmple               
000059cd  __aeabi_d2iz                   
00005a15  __aeabi_d2uiz                  
00004207  __aeabi_dadd                   
000046d5  __aeabi_ddiv                   
00004b85  __aeabi_dmul                   
000041fd  __aeabi_dsub                   
00005b57  __aeabi_i2d                    
00005471  __aeabi_memclr                 
00005471  __aeabi_memclr4                
00005471  __aeabi_memclr8                
00005231  __aeabi_memcpy                 
00005231  __aeabi_memcpy4                
00005231  __aeabi_memcpy8                
00005473  __aeabi_memset                 
00005473  __aeabi_memset4                
00005473  __aeabi_memset8                
20003ba8  __aeabi_stderr                 
20003ba0  __aeabi_stdin                  
20003ba4  __aeabi_stdout                 
ffffffff  __binit__                      
ffffffff  __c_args__                     
00002bcf  __mpu_init                     
2000fe00  __stack                        
00005bfd  _args_main                     
000058d9  _c_int00                       
20003aa0  _device                        
200039b0  _ftable                        
20003bc4  _lock                          
00005c53  _nop                           
00005c4b  _register_lock                 
00005c45  _register_unlock               
20003b18  _stream                        
200035b0  _sys_memory                    
000043b3  _system_post_cinit             
00005cbd  _system_pre_init               
20003bc8  _unlock                        
00005931  abort                          
000050d1  add_device                     
20003518  averagePeriod                  
ffffffff  binit                          
00002f71  calloc                         
20003584  centerDistance                 
000057cd  close                          
00005981  copy_in                        
00005c59  copysign                       
00005c59  copysignl                      
00003f75  delay                          
20003bd8  errno                          
00005939  exit                           
00005333  fclose                         
000024c3  ferror                         
00004f99  fflush                         
000024a3  fgetc                          
0000555d  finddevice                     
00004157  fopen                          
00002cbb  free                           
0000412d  freopen                        
00005587  getdevice                      
00000000  interruptVectors               
00004c81  ldexp                          
00004c81  ldexpl                         
20003588  leftDistance                   
2000358c  length                         
000007e5  main                           
20003b6c  main_count                     
20003be4  main_func_sp                   
00002c51  malloc                         
00002e85  memalign                       
00005231  memcpy                         
00005479  memset                         
00002bd1  minit                          
20003590  nc                             
20003594  nl                             
20003598  nr                             
00005015  open                           
000023e5  outnibble                      
20003520  parmbuf                        
20003b74  periodCount                    
20003b70  periodSum                      
000015ad  pow                            
000015ad  powl                           
20003b68  prev_x                         
00002d7b  realloc                        
00005b85  remove                         
2000359c  rightDistance                  
00004c81  scalbn                         
00004c81  scalbnl                        
00004e71  setvbuf                        
20003528  speedCMPS                      
20003530  speedRPM                       
00004565  sqrt                           
00004565  sqrtl                          
00005c2d  strchr                         
00005c15  strcmp                         
00005c6d  strcpy                         
00005c81  strlen                         
00005b21  strncpy                        
00004941  ta3dummy                       
00000589  toggle_GPIO                    
000024e1  uart_close                     
0000255f  uart_lseek                     
000024d1  uart_open                      
000024f3  uart_read                      
0000257b  uart_rename                    
0000256f  uart_unlink                    
0000251d  uart_write                     
00005b85  unlink                         
20003b78  wheelCircumference             
00005bb1  write                          
20000000  x                              
20001000  x2                             
20002000  x3                             


GLOBAL SYMBOLS: SORTED BY Symbol Address 

address   name                           
-------   ----                           
00000000  __TI_static_base__             
00000000  interruptVectors               
000000e5  Random                         
000000fd  TestFifo                       
00000141  Program5_1                     
000001af  Program5_2                     
00000200  __STACK_SIZE                   
0000026f  Program5_3                     
00000359  Program5_4                     
00000400  __SYSMEM_SIZE                  
00000455  SensorRead_ISR                 
000004b1  IRSensor_Init                  
000004f5  HandleCollision                
00000519  PeriodMeasure0                 
00000551  PeriodMeasure2                 
00000589  toggle_GPIO                    
00000595  Tachometer_Init                
000005c9  Ruler                          
00000669  RSLK_Reset                     
000007e5  main                           
000015ad  pow                            
000015ad  powl                           
00001f59  UART0_Init                     
00001f9f  UART0_InChar                   
00001faf  UART0_OutChar                  
00001fcb  UART0_OutString                
00001fe9  UART0_InUDec                   
0000206d  UART0_OutUDec                  
000021d9  UART0_OutUDec4                 
0000222d  UART0_OutUDec5                 
00002269  UART0_OutUFix1                 
00002291  UART0_OutUFix2                 
000022dd  UART0_InUHex                   
000023a1  UART0_OutUHex                  
000023e5  outnibble                      
0000240d  UART0_OutUHex2                 
00002429  UART0_InString                 
000024a3  fgetc                          
000024c3  ferror                         
000024d1  uart_open                      
000024e1  uart_close                     
000024f3  uart_read                      
0000251d  uart_write                     
0000255f  uart_lseek                     
0000256f  uart_unlink                    
0000257b  uart_rename                    
00002589  UART0_Initprintf               
00002615  EUSCIA0_Init                   
0000267b  EUSCIA0_InChar                 
0000268d  EUSCIA0_OutChar                
000026a7  EUSCIA0_IRQHandler             
000026a7  EUSCIA0_IRQHandler             
000026dd  EUSCIA0_OutString              
000026fb  EUSCIA0_InUDec                 
0000277f  EUSCIA0_OutUDec                
00002911  EUSCIA0_OutUDec4               
00002949  EUSCIA0_OutUDec5               
00002985  EUSCIA0_OutUFix1               
000029ad  EUSCIA0_OutUFix2               
000029f9  EUSCIA0_InUHex                 
00002ac1  EUSCIA0_OutUHex                
00002b05  EUSCIA0outnibble               
00002b27  EUSCIA0_OutUHex2               
00002b45  EUSCIA0_InString               
00002bcf  __mpu_init                     
00002bd1  minit                          
00002c51  malloc                         
00002cbb  free                           
00002d7b  realloc                        
00002e85  memalign                       
00002f71  calloc                         
00002fa1  SystemCoreClockUpdate          
00003215  SystemInit                     
000032cd  LPF_Init_old                   
00003321  LPF_Calc_old                   
00003383  LPF_Init                       
000033e1  LPF_Calc                       
00003435  LPF_Init2                      
00003489  LPF_Calc2                      
000034eb  LPF_Init3                      
0000354d  LPF_Calc3                      
000035d5  ADC0_InitSWTriggerCh6          
00003625  ADC_In6                        
00003645  ADC0_InitSWTriggerCh67         
0000369b  ADC_In67                       
000036d1  ADC0_InitSWTriggerCh12         
00003721  ADC_In12                       
00003741  ADC0_InitSWTriggerCh17_12_16   
000037b1  ADC_In17_12_16                 
00003835  PWM_Init1                      
0000389b  PWM_Init12                     
0000391f  PWM_Duty1                      
0000393f  PWM_Duty2                      
0000395f  PWM_Init34                     
000039e3  PWM_Duty3                      
00003a03  PWM_Duty4                      
00003a5d  TxFifo0_Init                   
00003a8f  TxFifo0_Put                    
00003ae9  TxFifo0_Get                    
00003b27  TxFifo0_Size                   
00003b7d  RxFifo0_Init                   
00003b89  RxFifo0_Put                    
00003bd7  RxFifo0_Get                    
00003c15  RxFifo0_Size                   
00003c6d  Reflectance_Init               
00003c79  Port5_Init                     
00003cad  Port7_Init                     
00003cd7  Port7_Output                   
00003ced  Port7_Input                    
00003cf9  Reflectance_Read               
00003d33  Reflectance_Center             
00003d6d  Reflectance_Position           
00003def  Reflectance_Start              
00003e0b  Reflectance_End                
00003e59  Clock_Init48MHz                
00003f6f  Clock_GetFreq                  
00003f75  delay                          
00003f83  Clock_Delay1us                 
00003fad  Clock_Delay1ms                 
00004101  __TI_cleanup                   
0000412d  freopen                        
00004157  fopen                          
000041fd  __aeabi_dsub                   
00004207  __aeabi_dadd                   
000043b3  _system_post_cinit             
000043b5  Motor_Init                     
0000443d  Motor_Stop                     
00004461  Motor_Forward                  
00004491  Motor_Right                    
000044cb  Motor_Left                     
00004505  Motor_Backward                 
00004565  sqrt                           
00004565  sqrtl                          
000046d5  __aeabi_ddiv                   
0000480d  BumpInt_Init                   
00004883  Bump_Read                      
00004903  PORT4_IRQHandler               
00004903  PORT4_IRQHandler               
00004941  ta3dummy                       
0000494d  TimerA3Capture_Init            
000049f1  TA3_0_IRQHandler               
000049f1  TA3_0_IRQHandler               
00004a0b  TA3_N_IRQHandler               
00004a0b  TA3_N_IRQHandler               
00004a6d  LeftConvert                    
00004ab7  CenterConvert                  
00004b01  RightConvert                   
00004b85  __aeabi_dmul                   
00004c81  ldexp                          
00004c81  ldexpl                         
00004c81  scalbn                         
00004c81  scalbnl                        
00004d7d  LaunchPad_Init                 
00004ded  LaunchPad_Input                
00004e07  LaunchPad_LED                  
00004e25  LaunchPad_Output               
00004e71  setvbuf                        
00004f4d  __TI_doflush                   
00004f99  fflush                         
00005015  open                           
000050d1  add_device                     
00005189  TimerA1_Init                   
000051e7  TimerA1_Stop                   
000051fb  TA1_0_IRQHandler               
000051fb  TA1_0_IRQHandler               
00005231  __aeabi_memcpy                 
00005231  __aeabi_memcpy4                
00005231  __aeabi_memcpy8                
00005231  memcpy                         
000052cd  __TI_closefile                 
00005333  fclose                         
00005365  __aeabi_cdcmpeq                
00005365  __aeabi_cdcmple                
000053eb  __aeabi_cdrcmple               
00005471  __aeabi_memclr                 
00005471  __aeabi_memclr4                
00005471  __aeabi_memclr8                
00005473  __aeabi_memset                 
00005473  __aeabi_memset4                
00005473  __aeabi_memset8                
00005479  memset                         
000054ed  __TI_auto_init                 
0000555d  finddevice                     
00005587  getdevice                      
000055cd  __TI_decompress_lzss           
00005635  HOSTlseek                      
0000569d  HOSTrename                     
00005705  __TI_writemsg                  
00005733  C$$IO$$                        
00005737  __TI_readmsg                   
0000576d  HOSTopen                       
000057cd  close                          
00005829  HOSTread                       
00005881  HOSTwrite                      
000058d9  _c_int00                       
0000592d  C$$EXIT                        
00005931  abort                          
00005939  exit                           
00005981  copy_in                        
000059cd  __aeabi_d2iz                   
00005a15  __aeabi_d2uiz                  
00005a59  HOSTclose                      
00005a9d  HOSTunlink                     
00005ae1  SysTick_Init                   
00005b21  strncpy                        
00005b57  __aeabi_i2d                    
00005b85  remove                         
00005b85  unlink                         
00005bb1  write                          
00005bd9  DisableInterrupts              
00005bdf  EnableInterrupts               
00005be5  StartCritical                  
00005bef  EndCritical                    
00005bf7  WaitForInterrupt               
00005bfd  _args_main                     
00005c15  strcmp                         
00005c2d  strchr                         
00005c45  _register_unlock               
00005c4b  _register_lock                 
00005c53  _nop                           
00005c59  copysign                       
00005c59  copysignl                      
00005c6d  strcpy                         
00005c81  strlen                         
00005c95  __TI_decompress_none           
00005ca3  Reset_Handler                  
00005caf  ADC14_IRQHandler               
00005caf  AES256_IRQHandler              
00005caf  BusFault_Handler               
00005caf  COMP_E0_IRQHandler             
00005caf  COMP_E1_IRQHandler             
00005caf  CS_IRQHandler                  
00005caf  DMA_ERR_IRQHandler             
00005caf  DMA_INT0_IRQHandler            
00005caf  DMA_INT1_IRQHandler            
00005caf  DMA_INT2_IRQHandler            
00005caf  DMA_INT3_IRQHandler            
00005caf  DebugMon_Handler               
00005caf  Default_Handler                
00005caf  EUSCIA1_IRQHandler             
00005caf  EUSCIA2_IRQHandler             
00005caf  EUSCIA3_IRQHandler             
00005caf  EUSCIB0_IRQHandler             
00005caf  EUSCIB1_IRQHandler             
00005caf  EUSCIB2_IRQHandler             
00005caf  EUSCIB3_IRQHandler             
00005caf  FLCTL_IRQHandler               
00005caf  FPU_IRQHandler                 
00005caf  HardFault_Handler              
00005caf  MemManage_Handler              
00005caf  NMI_Handler                    
00005caf  PCM_IRQHandler                 
00005caf  PORT1_IRQHandler               
00005caf  PORT2_IRQHandler               
00005caf  PORT3_IRQHandler               
00005caf  PORT5_IRQHandler               
00005caf  PORT6_IRQHandler               
00005caf  PSS_IRQHandler                 
00005caf  PendSV_Handler                 
00005caf  RTC_C_IRQHandler               
00005caf  SVC_Handler                    
00005caf  SysTick_Handler                
00005caf  T32_INT1_IRQHandler            
00005caf  T32_INT2_IRQHandler            
00005caf  T32_INTC_IRQHandler            
00005caf  TA0_0_IRQHandler               
00005caf  TA0_N_IRQHandler               
00005caf  TA1_N_IRQHandler               
00005caf  TA2_0_IRQHandler               
00005caf  TA2_N_IRQHandler               
00005caf  UsageFault_Handler             
00005caf  WDT_A_IRQHandler               
00005cb1  __TI_zero_init                 
00005cbd  _system_pre_init               
00005d9c  __TI_Handler_Table_Base        
00005da8  __TI_Handler_Table_Limit       
00005db0  __TI_CINIT_Base                
00005dc0  __TI_CINIT_Limit               
20000000  x                              
20001000  x2                             
20002000  x3                             
20003000  TxHistogram                    
20003200  __CIOBUF_                      
20003320  __TI_tmpnams                   
200033c0  RxFifo0                        
20003442  TxFifo0                        
200034c4  String                         
20003504  Messageb                       
2000350c  Messagec                       
20003514  ADCflag                        
20003518  averagePeriod                  
20003520  parmbuf                        
20003528  speedCMPS                      
20003530  speedRPM                       
20003538  Done0                          
2000353c  Done2                          
20003540  Elapsed                        
20003544  First                          
20003548  I1                             
2000354c  LPFSum                         
20003550  LPFSum2                        
20003554  LPFSum3                        
20003558  MaxTime                        
2000355c  Messageindexb                  
20003560  Messageindexc                  
20003564  NumErrors                      
20003568  NumSuccess                     
2000356c  Port4Task                      
20003570  Pt                             
20003574  Pt2                            
20003578  Pt3                            
2000357c  Size                           
20003580  TimerA1Task                    
20003584  centerDistance                 
20003588  leftDistance                   
2000358c  length                         
20003590  nc                             
20003594  nl                             
20003598  nr                             
2000359c  rightDistance                  
200035a0  First0                         
200035a2  First2                         
200035a4  Period0                        
200035a6  Period2                        
200035a8  Power                          
200035aa  CollisionData                  
200035ab  CollisionFlag                  
200035ac  CollisionRecord                
200035ad  Data                           
200035ae  ReadData                       
200035af  WriteData                      
200035b0  _sys_memory                    
200039b0  _ftable                        
20003aa0  _device                        
20003b18  _stream                        
20003b68  prev_x                         
20003b6c  main_count                     
20003b70  periodSum                      
20003b74  periodCount                    
20003b78  wheelCircumference             
20003b84  ClockFrequency                 
20003b88  Prewait                        
20003b8c  CPMwait                        
20003b90  Postwait                       
20003b94  IFlags                         
20003b98  Crystalstable                  
20003b9c  __TI_ft_end                    
20003ba0  __aeabi_stdin                  
20003ba4  __aeabi_stdout                 
20003ba8  __aeabi_stderr                 
20003bac  __TI_cleanup_ptr               
20003bb0  __TI_dtors_ptr                 
20003bb4  __TI_enable_exit_profile_output
20003bc4  _lock                          
20003bc8  _unlock                        
20003bcc  CaptureTask0                   
20003bd0  CaptureTask2                   
20003bd8  errno                          
20003be4  main_func_sp                   
20003be8  SystemCoreClock                
2000fe00  __stack                        
20010000  __STACK_END                    
4000480c  WDTCTL_SYM                     
ffffffff  __TI_pprof_out_hndl            
ffffffff  __TI_prof_data_size            
ffffffff  __TI_prof_data_start           
ffffffff  __binit__                      
ffffffff  __c_args__                     
ffffffff  binit                          
UNDEFED   SHT$$INIT_ARRAY$$Base          
UNDEFED   SHT$$INIT_ARRAY$$Limit         

[371 symbols]
