<?xml version="1.0"?>
<link_info>
   <banner>TI ARM Linker PC v16.9.6.LTS</banner>
   <copyright>Copyright (c) 1996-2017 Texas Instruments Incorporated</copyright>
   <link_time>0x617b8480</link_time>
   <link_errors>0x0</link_errors>
   <output_file>Lab5_UARTComms.out</output_file>
   <entry_point>
      <name>_c_int00</name>
      <address>0x58d9</address>
   </entry_point>
   <input_file_list>
      <input_file id="fl-2">
         <path>.\</path>
         <kind>object</kind>
         <file>ADC14.obj</file>
         <name>ADC14.obj</name>
      </input_file>
      <input_file id="fl-3">
         <path>.\</path>
         <kind>object</kind>
         <file>BumpInt.obj</file>
         <name>BumpInt.obj</name>
      </input_file>
      <input_file id="fl-4">
         <path>.\</path>
         <kind>object</kind>
         <file>Clock.obj</file>
         <name>Clock.obj</name>
      </input_file>
      <input_file id="fl-5">
         <path>.\</path>
         <kind>object</kind>
         <file>CortexM.obj</file>
         <name>CortexM.obj</name>
      </input_file>
      <input_file id="fl-6">
         <path>.\</path>
         <kind>object</kind>
         <file>EUSCIA0.obj</file>
         <name>EUSCIA0.obj</name>
      </input_file>
      <input_file id="fl-7">
         <path>.\</path>
         <kind>object</kind>
         <file>FIFO0.obj</file>
         <name>FIFO0.obj</name>
      </input_file>
      <input_file id="fl-8">
         <path>.\</path>
         <kind>object</kind>
         <file>IRDistance.obj</file>
         <name>IRDistance.obj</name>
      </input_file>
      <input_file id="fl-9">
         <path>.\</path>
         <kind>object</kind>
         <file>LPF.obj</file>
         <name>LPF.obj</name>
      </input_file>
      <input_file id="fl-a">
         <path>.\</path>
         <kind>object</kind>
         <file>Lab5_UARTmain.obj</file>
         <name>Lab5_UARTmain.obj</name>
      </input_file>
      <input_file id="fl-b">
         <path>.\</path>
         <kind>object</kind>
         <file>LaunchPad.obj</file>
         <name>LaunchPad.obj</name>
      </input_file>
      <input_file id="fl-c">
         <path>.\</path>
         <kind>object</kind>
         <file>Motor.obj</file>
         <name>Motor.obj</name>
      </input_file>
      <input_file id="fl-d">
         <path>.\</path>
         <kind>object</kind>
         <file>PWM.obj</file>
         <name>PWM.obj</name>
      </input_file>
      <input_file id="fl-e">
         <path>.\</path>
         <kind>object</kind>
         <file>Reflectance.obj</file>
         <name>Reflectance.obj</name>
      </input_file>
      <input_file id="fl-f">
         <path>.\</path>
         <kind>object</kind>
         <file>SysTickInts.obj</file>
         <name>SysTickInts.obj</name>
      </input_file>
      <input_file id="fl-10">
         <path>.\</path>
         <kind>object</kind>
         <file>TA3InputCapture.obj</file>
         <name>TA3InputCapture.obj</name>
      </input_file>
      <input_file id="fl-11">
         <path>.\</path>
         <kind>object</kind>
         <file>TimerA1.obj</file>
         <name>TimerA1.obj</name>
      </input_file>
      <input_file id="fl-12">
         <path>.\</path>
         <kind>object</kind>
         <file>UART0.obj</file>
         <name>UART0.obj</name>
      </input_file>
      <input_file id="fl-13">
         <path>.\</path>
         <kind>object</kind>
         <file>startup_msp432p401r_ccs.obj</file>
         <name>startup_msp432p401r_ccs.obj</name>
      </input_file>
      <input_file id="fl-14">
         <path>.\</path>
         <kind>object</kind>
         <file>system_msp432p401r.obj</file>
         <name>system_msp432p401r.obj</name>
      </input_file>
      <input_file id="fl-18">
         <kind>object</kind>
         <file>&lt;internal&gt;</file>
         <name>&lt;internal&gt;</name>
      </input_file>
      <input_file id="fl-ce">
         <path>C:\ti\ccsv7\tools\compiler\ti-cgt-arm_16.9.6.LTS\lib\</path>
         <kind>archive</kind>
         <file>rtsv7M4_T_le_v4SPD16_eabi.lib</file>
         <name>add_device.obj</name>
      </input_file>
      <input_file id="fl-cf">
         <path>C:\ti\ccsv7\tools\compiler\ti-cgt-arm_16.9.6.LTS\lib\</path>
         <kind>archive</kind>
         <file>rtsv7M4_T_le_v4SPD16_eabi.lib</file>
         <name>boot.obj</name>
      </input_file>
      <input_file id="fl-d0">
         <path>C:\ti\ccsv7\tools\compiler\ti-cgt-arm_16.9.6.LTS\lib\</path>
         <kind>archive</kind>
         <file>rtsv7M4_T_le_v4SPD16_eabi.lib</file>
         <name>copy_decompress_lzss.obj</name>
      </input_file>
      <input_file id="fl-d1">
         <path>C:\ti\ccsv7\tools\compiler\ti-cgt-arm_16.9.6.LTS\lib\</path>
         <kind>archive</kind>
         <file>rtsv7M4_T_le_v4SPD16_eabi.lib</file>
         <name>copy_decompress_none.obj</name>
      </input_file>
      <input_file id="fl-d2">
         <path>C:\ti\ccsv7\tools\compiler\ti-cgt-arm_16.9.6.LTS\lib\</path>
         <kind>archive</kind>
         <file>rtsv7M4_T_le_v4SPD16_eabi.lib</file>
         <name>copy_zero_init.obj</name>
      </input_file>
      <input_file id="fl-d3">
         <path>C:\ti\ccsv7\tools\compiler\ti-cgt-arm_16.9.6.LTS\lib\</path>
         <kind>archive</kind>
         <file>rtsv7M4_T_le_v4SPD16_eabi.lib</file>
         <name>defs.obj</name>
      </input_file>
      <input_file id="fl-d4">
         <path>C:\ti\ccsv7\tools\compiler\ti-cgt-arm_16.9.6.LTS\lib\</path>
         <kind>archive</kind>
         <file>rtsv7M4_T_le_v4SPD16_eabi.lib</file>
         <name>e_pow.obj</name>
      </input_file>
      <input_file id="fl-d5">
         <path>C:\ti\ccsv7\tools\compiler\ti-cgt-arm_16.9.6.LTS\lib\</path>
         <kind>archive</kind>
         <file>rtsv7M4_T_le_v4SPD16_eabi.lib</file>
         <name>e_sqrt.obj</name>
      </input_file>
      <input_file id="fl-d6">
         <path>C:\ti\ccsv7\tools\compiler\ti-cgt-arm_16.9.6.LTS\lib\</path>
         <kind>archive</kind>
         <file>rtsv7M4_T_le_v4SPD16_eabi.lib</file>
         <name>errno.obj</name>
      </input_file>
      <input_file id="fl-d7">
         <path>C:\ti\ccsv7\tools\compiler\ti-cgt-arm_16.9.6.LTS\lib\</path>
         <kind>archive</kind>
         <file>rtsv7M4_T_le_v4SPD16_eabi.lib</file>
         <name>exit.obj</name>
      </input_file>
      <input_file id="fl-d8">
         <path>C:\ti\ccsv7\tools\compiler\ti-cgt-arm_16.9.6.LTS\lib\</path>
         <kind>archive</kind>
         <file>rtsv7M4_T_le_v4SPD16_eabi.lib</file>
         <name>fd_add_t2.obj</name>
      </input_file>
      <input_file id="fl-d9">
         <path>C:\ti\ccsv7\tools\compiler\ti-cgt-arm_16.9.6.LTS\lib\</path>
         <kind>archive</kind>
         <file>rtsv7M4_T_le_v4SPD16_eabi.lib</file>
         <name>fd_cmp_t2.obj</name>
      </input_file>
      <input_file id="fl-da">
         <path>C:\ti\ccsv7\tools\compiler\ti-cgt-arm_16.9.6.LTS\lib\</path>
         <kind>archive</kind>
         <file>rtsv7M4_T_le_v4SPD16_eabi.lib</file>
         <name>fd_div_t2.obj</name>
      </input_file>
      <input_file id="fl-db">
         <path>C:\ti\ccsv7\tools\compiler\ti-cgt-arm_16.9.6.LTS\lib\</path>
         <kind>archive</kind>
         <file>rtsv7M4_T_le_v4SPD16_eabi.lib</file>
         <name>fd_mul_t2.obj</name>
      </input_file>
      <input_file id="fl-dc">
         <path>C:\ti\ccsv7\tools\compiler\ti-cgt-arm_16.9.6.LTS\lib\</path>
         <kind>archive</kind>
         <file>rtsv7M4_T_le_v4SPD16_eabi.lib</file>
         <name>fd_toi_t2.obj</name>
      </input_file>
      <input_file id="fl-dd">
         <path>C:\ti\ccsv7\tools\compiler\ti-cgt-arm_16.9.6.LTS\lib\</path>
         <kind>archive</kind>
         <file>rtsv7M4_T_le_v4SPD16_eabi.lib</file>
         <name>fd_tou_t2.obj</name>
      </input_file>
      <input_file id="fl-de">
         <path>C:\ti\ccsv7\tools\compiler\ti-cgt-arm_16.9.6.LTS\lib\</path>
         <kind>archive</kind>
         <file>rtsv7M4_T_le_v4SPD16_eabi.lib</file>
         <name>fopen.obj</name>
      </input_file>
      <input_file id="fl-df">
         <path>C:\ti\ccsv7\tools\compiler\ti-cgt-arm_16.9.6.LTS\lib\</path>
         <kind>archive</kind>
         <file>rtsv7M4_T_le_v4SPD16_eabi.lib</file>
         <name>getdevice.obj</name>
      </input_file>
      <input_file id="fl-e0">
         <path>C:\ti\ccsv7\tools\compiler\ti-cgt-arm_16.9.6.LTS\lib\</path>
         <kind>archive</kind>
         <file>rtsv7M4_T_le_v4SPD16_eabi.lib</file>
         <name>i_tofd_t2.obj</name>
      </input_file>
      <input_file id="fl-e1">
         <path>C:\ti\ccsv7\tools\compiler\ti-cgt-arm_16.9.6.LTS\lib\</path>
         <kind>archive</kind>
         <file>rtsv7M4_T_le_v4SPD16_eabi.lib</file>
         <name>memcpy_t2.obj</name>
      </input_file>
      <input_file id="fl-e2">
         <path>C:\ti\ccsv7\tools\compiler\ti-cgt-arm_16.9.6.LTS\lib\</path>
         <kind>archive</kind>
         <file>rtsv7M4_T_le_v4SPD16_eabi.lib</file>
         <name>memset_t2.obj</name>
      </input_file>
      <input_file id="fl-e3">
         <path>C:\ti\ccsv7\tools\compiler\ti-cgt-arm_16.9.6.LTS\lib\</path>
         <kind>archive</kind>
         <file>rtsv7M4_T_le_v4SPD16_eabi.lib</file>
         <name>mpu_init.obj</name>
      </input_file>
      <input_file id="fl-e4">
         <path>C:\ti\ccsv7\tools\compiler\ti-cgt-arm_16.9.6.LTS\lib\</path>
         <kind>archive</kind>
         <file>rtsv7M4_T_le_v4SPD16_eabi.lib</file>
         <name>open.obj</name>
      </input_file>
      <input_file id="fl-e5">
         <path>C:\ti\ccsv7\tools\compiler\ti-cgt-arm_16.9.6.LTS\lib\</path>
         <kind>archive</kind>
         <file>rtsv7M4_T_le_v4SPD16_eabi.lib</file>
         <name>pre_init.obj</name>
      </input_file>
      <input_file id="fl-e6">
         <path>C:\ti\ccsv7\tools\compiler\ti-cgt-arm_16.9.6.LTS\lib\</path>
         <kind>archive</kind>
         <file>rtsv7M4_T_le_v4SPD16_eabi.lib</file>
         <name>s_scalbn.obj</name>
      </input_file>
      <input_file id="fl-e7">
         <path>C:\ti\ccsv7\tools\compiler\ti-cgt-arm_16.9.6.LTS\lib\</path>
         <kind>archive</kind>
         <file>rtsv7M4_T_le_v4SPD16_eabi.lib</file>
         <name>setvbuf.obj</name>
      </input_file>
      <input_file id="fl-e8">
         <path>C:\ti\ccsv7\tools\compiler\ti-cgt-arm_16.9.6.LTS\lib\</path>
         <kind>archive</kind>
         <file>rtsv7M4_T_le_v4SPD16_eabi.lib</file>
         <name>stkdepth_vars.obj</name>
      </input_file>
      <input_file id="fl-e9">
         <path>C:\ti\ccsv7\tools\compiler\ti-cgt-arm_16.9.6.LTS\lib\</path>
         <kind>archive</kind>
         <file>rtsv7M4_T_le_v4SPD16_eabi.lib</file>
         <name>strchr.obj</name>
      </input_file>
      <input_file id="fl-ea">
         <path>C:\ti\ccsv7\tools\compiler\ti-cgt-arm_16.9.6.LTS\lib\</path>
         <kind>archive</kind>
         <file>rtsv7M4_T_le_v4SPD16_eabi.lib</file>
         <name>strcmp.obj</name>
      </input_file>
      <input_file id="fl-eb">
         <path>C:\ti\ccsv7\tools\compiler\ti-cgt-arm_16.9.6.LTS\lib\</path>
         <kind>archive</kind>
         <file>rtsv7M4_T_le_v4SPD16_eabi.lib</file>
         <name>strncpy.obj</name>
      </input_file>
      <input_file id="fl-ec">
         <path>C:\ti\ccsv7\tools\compiler\ti-cgt-arm_16.9.6.LTS\lib\</path>
         <kind>archive</kind>
         <file>rtsv7M4_T_le_v4SPD16_eabi.lib</file>
         <name>write.obj</name>
      </input_file>
      <input_file id="fl-ed">
         <path>C:\ti\ccsv7\tools\compiler\ti-cgt-arm_16.9.6.LTS\lib\</path>
         <kind>archive</kind>
         <file>rtsv7M4_T_le_v4SPD16_eabi.lib</file>
         <name>_lock.obj</name>
      </input_file>
      <input_file id="fl-ee">
         <path>C:\ti\ccsv7\tools\compiler\ti-cgt-arm_16.9.6.LTS\lib\</path>
         <kind>archive</kind>
         <file>rtsv7M4_T_le_v4SPD16_eabi.lib</file>
         <name>args_main.obj</name>
      </input_file>
      <input_file id="fl-ef">
         <path>C:\ti\ccsv7\tools\compiler\ti-cgt-arm_16.9.6.LTS\lib\</path>
         <kind>archive</kind>
         <file>rtsv7M4_T_le_v4SPD16_eabi.lib</file>
         <name>autoinit.obj</name>
      </input_file>
      <input_file id="fl-f0">
         <path>C:\ti\ccsv7\tools\compiler\ti-cgt-arm_16.9.6.LTS\lib\</path>
         <kind>archive</kind>
         <file>rtsv7M4_T_le_v4SPD16_eabi.lib</file>
         <name>cpy_tbl.obj</name>
      </input_file>
      <input_file id="fl-f1">
         <path>C:\ti\ccsv7\tools\compiler\ti-cgt-arm_16.9.6.LTS\lib\</path>
         <kind>archive</kind>
         <file>rtsv7M4_T_le_v4SPD16_eabi.lib</file>
         <name>fclose.obj</name>
      </input_file>
      <input_file id="fl-f2">
         <path>C:\ti\ccsv7\tools\compiler\ti-cgt-arm_16.9.6.LTS\lib\</path>
         <kind>archive</kind>
         <file>rtsv7M4_T_le_v4SPD16_eabi.lib</file>
         <name>fflush.obj</name>
      </input_file>
      <input_file id="fl-f3">
         <path>C:\ti\ccsv7\tools\compiler\ti-cgt-arm_16.9.6.LTS\lib\</path>
         <kind>archive</kind>
         <file>rtsv7M4_T_le_v4SPD16_eabi.lib</file>
         <name>hostclose.obj</name>
      </input_file>
      <input_file id="fl-f4">
         <path>C:\ti\ccsv7\tools\compiler\ti-cgt-arm_16.9.6.LTS\lib\</path>
         <kind>archive</kind>
         <file>rtsv7M4_T_le_v4SPD16_eabi.lib</file>
         <name>hostlseek.obj</name>
      </input_file>
      <input_file id="fl-f5">
         <path>C:\ti\ccsv7\tools\compiler\ti-cgt-arm_16.9.6.LTS\lib\</path>
         <kind>archive</kind>
         <file>rtsv7M4_T_le_v4SPD16_eabi.lib</file>
         <name>hostopen.obj</name>
      </input_file>
      <input_file id="fl-f6">
         <path>C:\ti\ccsv7\tools\compiler\ti-cgt-arm_16.9.6.LTS\lib\</path>
         <kind>archive</kind>
         <file>rtsv7M4_T_le_v4SPD16_eabi.lib</file>
         <name>hostread.obj</name>
      </input_file>
      <input_file id="fl-f7">
         <path>C:\ti\ccsv7\tools\compiler\ti-cgt-arm_16.9.6.LTS\lib\</path>
         <kind>archive</kind>
         <file>rtsv7M4_T_le_v4SPD16_eabi.lib</file>
         <name>hostrename.obj</name>
      </input_file>
      <input_file id="fl-f8">
         <path>C:\ti\ccsv7\tools\compiler\ti-cgt-arm_16.9.6.LTS\lib\</path>
         <kind>archive</kind>
         <file>rtsv7M4_T_le_v4SPD16_eabi.lib</file>
         <name>hostunlink.obj</name>
      </input_file>
      <input_file id="fl-f9">
         <path>C:\ti\ccsv7\tools\compiler\ti-cgt-arm_16.9.6.LTS\lib\</path>
         <kind>archive</kind>
         <file>rtsv7M4_T_le_v4SPD16_eabi.lib</file>
         <name>hostwrite.obj</name>
      </input_file>
      <input_file id="fl-fa">
         <path>C:\ti\ccsv7\tools\compiler\ti-cgt-arm_16.9.6.LTS\lib\</path>
         <kind>archive</kind>
         <file>rtsv7M4_T_le_v4SPD16_eabi.lib</file>
         <name>memory.obj</name>
      </input_file>
      <input_file id="fl-fb">
         <path>C:\ti\ccsv7\tools\compiler\ti-cgt-arm_16.9.6.LTS\lib\</path>
         <kind>archive</kind>
         <file>rtsv7M4_T_le_v4SPD16_eabi.lib</file>
         <name>remove.obj</name>
      </input_file>
      <input_file id="fl-fc">
         <path>C:\ti\ccsv7\tools\compiler\ti-cgt-arm_16.9.6.LTS\lib\</path>
         <kind>archive</kind>
         <file>rtsv7M4_T_le_v4SPD16_eabi.lib</file>
         <name>s_copysign.obj</name>
      </input_file>
      <input_file id="fl-fd">
         <path>C:\ti\ccsv7\tools\compiler\ti-cgt-arm_16.9.6.LTS\lib\</path>
         <kind>archive</kind>
         <file>rtsv7M4_T_le_v4SPD16_eabi.lib</file>
         <name>startup.obj</name>
      </input_file>
      <input_file id="fl-fe">
         <path>C:\ti\ccsv7\tools\compiler\ti-cgt-arm_16.9.6.LTS\lib\</path>
         <kind>archive</kind>
         <file>rtsv7M4_T_le_v4SPD16_eabi.lib</file>
         <name>strcpy.obj</name>
      </input_file>
      <input_file id="fl-ff">
         <path>C:\ti\ccsv7\tools\compiler\ti-cgt-arm_16.9.6.LTS\lib\</path>
         <kind>archive</kind>
         <file>rtsv7M4_T_le_v4SPD16_eabi.lib</file>
         <name>strlen.obj</name>
      </input_file>
      <input_file id="fl-100">
         <path>C:\ti\ccsv7\tools\compiler\ti-cgt-arm_16.9.6.LTS\lib\</path>
         <kind>archive</kind>
         <file>rtsv7M4_T_le_v4SPD16_eabi.lib</file>
         <name>trgmsg.obj</name>
      </input_file>
      <input_file id="fl-101">
         <path>C:\ti\ccsv7\tools\compiler\ti-cgt-arm_16.9.6.LTS\lib\</path>
         <kind>archive</kind>
         <file>rtsv7M4_T_le_v4SPD16_eabi.lib</file>
         <name>unlink.obj</name>
      </input_file>
      <input_file id="fl-102">
         <path>C:\ti\ccsv7\tools\compiler\ti-cgt-arm_16.9.6.LTS\lib\</path>
         <kind>archive</kind>
         <file>rtsv7M4_T_le_v4SPD16_eabi.lib</file>
         <name>close.obj</name>
      </input_file>
   </input_file_list>
   <object_component_list>
      <object_component id="oc-2c">
         <name>.intvecs:retain</name>
         <load_address>0x0</load_address>
         <run_address>0x0</run_address>
         <size>0xe4</size>
         <input_file_ref idref="fl-13"/>
      </object_component>
      <object_component id="oc-c3">
         <name>.text</name>
         <load_address>0xe4</load_address>
         <run_address>0xe4</run_address>
         <size>0x14c8</size>
         <input_file_ref idref="fl-a"/>
      </object_component>
      <object_component id="oc-21e">
         <name>.text</name>
         <load_address>0x15ac</load_address>
         <run_address>0x15ac</run_address>
         <size>0x9ac</size>
         <input_file_ref idref="fl-d4"/>
      </object_component>
      <object_component id="oc-125">
         <name>.text</name>
         <load_address>0x1f58</load_address>
         <run_address>0x1f58</run_address>
         <size>0x6bc</size>
         <input_file_ref idref="fl-12"/>
      </object_component>
      <object_component id="oc-8a">
         <name>.text</name>
         <load_address>0x2614</load_address>
         <run_address>0x2614</run_address>
         <size>0x5ba</size>
         <input_file_ref idref="fl-6"/>
      </object_component>
      <object_component id="oc-56">
         <name>.text</name>
         <load_address>0x2bce</load_address>
         <run_address>0x2bce</run_address>
         <size>0x2</size>
         <input_file_ref idref="fl-e3"/>
      </object_component>
      <object_component id="oc-25e">
         <name>.text</name>
         <load_address>0x2bd0</load_address>
         <run_address>0x2bd0</run_address>
         <size>0x3d0</size>
         <input_file_ref idref="fl-fa"/>
      </object_component>
      <object_component id="oc-d6">
         <name>.text</name>
         <load_address>0x2fa0</load_address>
         <run_address>0x2fa0</run_address>
         <size>0x32c</size>
         <input_file_ref idref="fl-14"/>
      </object_component>
      <object_component id="oc-145">
         <name>.text</name>
         <load_address>0x32cc</load_address>
         <run_address>0x32cc</run_address>
         <size>0x308</size>
         <input_file_ref idref="fl-9"/>
      </object_component>
      <object_component id="oc-13f">
         <name>.text</name>
         <load_address>0x35d4</load_address>
         <run_address>0x35d4</run_address>
         <size>0x260</size>
         <input_file_ref idref="fl-2"/>
      </object_component>
      <object_component id="oc-20c">
         <name>.text</name>
         <load_address>0x3834</load_address>
         <run_address>0x3834</run_address>
         <size>0x228</size>
         <input_file_ref idref="fl-d"/>
      </object_component>
      <object_component id="oc-eb">
         <name>.text</name>
         <load_address>0x3a5c</load_address>
         <run_address>0x3a5c</run_address>
         <size>0x210</size>
         <input_file_ref idref="fl-7"/>
      </object_component>
      <object_component id="oc-172">
         <name>.text</name>
         <load_address>0x3c6c</load_address>
         <run_address>0x3c6c</run_address>
         <size>0x1ec</size>
         <input_file_ref idref="fl-e"/>
      </object_component>
      <object_component id="oc-119">
         <name>.text</name>
         <load_address>0x3e58</load_address>
         <run_address>0x3e58</run_address>
         <size>0x1e0</size>
         <input_file_ref idref="fl-4"/>
      </object_component>
      <object_component id="oc-1e3">
         <name>.text</name>
         <load_address>0x4038</load_address>
         <run_address>0x4038</run_address>
         <size>0x1c4</size>
         <input_file_ref idref="fl-de"/>
      </object_component>
      <object_component id="oc-27b">
         <name>.text</name>
         <load_address>0x41fc</load_address>
         <run_address>0x41fc</run_address>
         <size>0x1b6</size>
         <input_file_ref idref="fl-d8"/>
      </object_component>
      <object_component id="oc-bb">
         <name>.text</name>
         <load_address>0x43b2</load_address>
         <run_address>0x43b2</run_address>
         <size>0x2</size>
         <input_file_ref idref="fl-fd"/>
      </object_component>
      <object_component id="oc-14d">
         <name>.text</name>
         <load_address>0x43b4</load_address>
         <run_address>0x43b4</run_address>
         <size>0x1b0</size>
         <input_file_ref idref="fl-c"/>
      </object_component>
      <object_component id="oc-280">
         <name>.text</name>
         <load_address>0x4564</load_address>
         <run_address>0x4564</run_address>
         <size>0x170</size>
         <input_file_ref idref="fl-d5"/>
      </object_component>
      <object_component id="oc-158">
         <name>.text</name>
         <load_address>0x46d4</load_address>
         <run_address>0x46d4</run_address>
         <size>0x136</size>
         <input_file_ref idref="fl-da"/>
      </object_component>
      <object_component id="oc-90">
         <name>.text</name>
         <load_address>0x480c</load_address>
         <run_address>0x480c</run_address>
         <size>0x134</size>
         <input_file_ref idref="fl-3"/>
      </object_component>
      <object_component id="oc-84">
         <name>.text</name>
         <load_address>0x4940</load_address>
         <run_address>0x4940</run_address>
         <size>0x12c</size>
         <input_file_ref idref="fl-10"/>
      </object_component>
      <object_component id="oc-187">
         <name>.text</name>
         <load_address>0x4a6c</load_address>
         <run_address>0x4a6c</run_address>
         <size>0x118</size>
         <input_file_ref idref="fl-8"/>
      </object_component>
      <object_component id="oc-15d">
         <name>.text</name>
         <load_address>0x4b84</load_address>
         <run_address>0x4b84</run_address>
         <size>0xfc</size>
         <input_file_ref idref="fl-db"/>
      </object_component>
      <object_component id="oc-296">
         <name>.text</name>
         <load_address>0x4c80</load_address>
         <run_address>0x4c80</run_address>
         <size>0xfc</size>
         <input_file_ref idref="fl-e6"/>
      </object_component>
      <object_component id="oc-16c">
         <name>.text</name>
         <load_address>0x4d7c</load_address>
         <run_address>0x4d7c</run_address>
         <size>0xf4</size>
         <input_file_ref idref="fl-b"/>
      </object_component>
      <object_component id="oc-1e9">
         <name>.text</name>
         <load_address>0x4e70</load_address>
         <run_address>0x4e70</run_address>
         <size>0xdc</size>
         <input_file_ref idref="fl-e7"/>
      </object_component>
      <object_component id="oc-2f3">
         <name>.text</name>
         <load_address>0x4f4c</load_address>
         <run_address>0x4f4c</run_address>
         <size>0xc8</size>
         <input_file_ref idref="fl-f2"/>
      </object_component>
      <object_component id="oc-24c">
         <name>.text</name>
         <load_address>0x5014</load_address>
         <run_address>0x5014</run_address>
         <size>0xbc</size>
         <input_file_ref idref="fl-e4"/>
      </object_component>
      <object_component id="oc-1dd">
         <name>.text</name>
         <load_address>0x50d0</load_address>
         <run_address>0x50d0</run_address>
         <size>0xb8</size>
         <input_file_ref idref="fl-ce"/>
      </object_component>
      <object_component id="oc-7e">
         <name>.text</name>
         <load_address>0x5188</load_address>
         <run_address>0x5188</run_address>
         <size>0xa8</size>
         <input_file_ref idref="fl-11"/>
      </object_component>
      <object_component id="oc-3e">
         <name>.text</name>
         <load_address>0x5230</load_address>
         <run_address>0x5230</run_address>
         <size>0x9c</size>
         <input_file_ref idref="fl-e1"/>
      </object_component>
      <object_component id="oc-252">
         <name>.text</name>
         <load_address>0x52cc</load_address>
         <run_address>0x52cc</run_address>
         <size>0x98</size>
         <input_file_ref idref="fl-f1"/>
      </object_component>
      <object_component id="oc-28c">
         <name>.text:__aeabi_cdcmple</name>
         <load_address>0x5364</load_address>
         <run_address>0x5364</run_address>
         <size>0x86</size>
         <input_file_ref idref="fl-d9"/>
      </object_component>
      <object_component id="oc-291">
         <name>.text:__aeabi_cdrcmple</name>
         <load_address>0x53ea</load_address>
         <run_address>0x53ea</run_address>
         <size>0x86</size>
         <input_file_ref idref="fl-d9"/>
      </object_component>
      <object_component id="oc-4a">
         <name>.text</name>
         <load_address>0x5470</load_address>
         <run_address>0x5470</run_address>
         <size>0x7a</size>
         <input_file_ref idref="fl-e2"/>
      </object_component>
      <object_component id="oc-62">
         <name>.text</name>
         <load_address>0x54ec</load_address>
         <run_address>0x54ec</run_address>
         <size>0x70</size>
         <input_file_ref idref="fl-ef"/>
      </object_component>
      <object_component id="oc-23a">
         <name>.text</name>
         <load_address>0x555c</load_address>
         <run_address>0x555c</run_address>
         <size>0x70</size>
         <input_file_ref idref="fl-df"/>
      </object_component>
      <object_component id="oc-14">
         <name>.text:decompress:lzss</name>
         <load_address>0x55cc</load_address>
         <run_address>0x55cc</run_address>
         <size>0x68</size>
         <input_file_ref idref="fl-d0"/>
      </object_component>
      <object_component id="oc-2cc">
         <name>.text</name>
         <load_address>0x5634</load_address>
         <run_address>0x5634</run_address>
         <size>0x68</size>
         <input_file_ref idref="fl-f4"/>
      </object_component>
      <object_component id="oc-2d8">
         <name>.text</name>
         <load_address>0x569c</load_address>
         <run_address>0x569c</run_address>
         <size>0x68</size>
         <input_file_ref idref="fl-f7"/>
      </object_component>
      <object_component id="oc-33f">
         <name>.text</name>
         <load_address>0x5704</load_address>
         <run_address>0x5704</run_address>
         <size>0x68</size>
         <input_file_ref idref="fl-100"/>
      </object_component>
      <object_component id="oc-2b4">
         <name>.text</name>
         <load_address>0x576c</load_address>
         <run_address>0x576c</run_address>
         <size>0x60</size>
         <input_file_ref idref="fl-f5"/>
      </object_component>
      <object_component id="oc-2f9">
         <name>.text</name>
         <load_address>0x57cc</load_address>
         <run_address>0x57cc</run_address>
         <size>0x5c</size>
         <input_file_ref idref="fl-102"/>
      </object_component>
      <object_component id="oc-2c0">
         <name>.text</name>
         <load_address>0x5828</load_address>
         <run_address>0x5828</run_address>
         <size>0x58</size>
         <input_file_ref idref="fl-f6"/>
      </object_component>
      <object_component id="oc-2c6">
         <name>.text</name>
         <load_address>0x5880</load_address>
         <run_address>0x5880</run_address>
         <size>0x58</size>
         <input_file_ref idref="fl-f9"/>
      </object_component>
      <object_component id="oc-26">
         <name>.text</name>
         <load_address>0x58d8</load_address>
         <run_address>0x58d8</run_address>
         <size>0x54</size>
         <input_file_ref idref="fl-cf"/>
      </object_component>
      <object_component id="oc-6e">
         <name>.text</name>
         <load_address>0x592c</load_address>
         <run_address>0x592c</run_address>
         <size>0x54</size>
         <input_file_ref idref="fl-d7"/>
      </object_component>
      <object_component id="oc-b5">
         <name>.text</name>
         <load_address>0x5980</load_address>
         <run_address>0x5980</run_address>
         <size>0x4c</size>
         <input_file_ref idref="fl-f0"/>
      </object_component>
      <object_component id="oc-167">
         <name>.text</name>
         <load_address>0x59cc</load_address>
         <run_address>0x59cc</run_address>
         <size>0x48</size>
         <input_file_ref idref="fl-dc"/>
      </object_component>
      <object_component id="oc-153">
         <name>.text</name>
         <load_address>0x5a14</load_address>
         <run_address>0x5a14</run_address>
         <size>0x44</size>
         <input_file_ref idref="fl-dd"/>
      </object_component>
      <object_component id="oc-2ba">
         <name>.text</name>
         <load_address>0x5a58</load_address>
         <run_address>0x5a58</run_address>
         <size>0x44</size>
         <input_file_ref idref="fl-f3"/>
      </object_component>
      <object_component id="oc-2d2">
         <name>.text</name>
         <load_address>0x5a9c</load_address>
         <run_address>0x5a9c</run_address>
         <size>0x44</size>
         <input_file_ref idref="fl-f8"/>
      </object_component>
      <object_component id="oc-12b">
         <name>.text</name>
         <load_address>0x5ae0</load_address>
         <run_address>0x5ae0</run_address>
         <size>0x40</size>
         <input_file_ref idref="fl-f"/>
      </object_component>
      <object_component id="oc-240">
         <name>.text</name>
         <load_address>0x5b20</load_address>
         <run_address>0x5b20</run_address>
         <size>0x36</size>
         <input_file_ref idref="fl-eb"/>
      </object_component>
      <object_component id="oc-162">
         <name>.text</name>
         <load_address>0x5b56</load_address>
         <run_address>0x5b56</run_address>
         <size>0x2e</size>
         <input_file_ref idref="fl-e0"/>
      </object_component>
      <object_component id="oc-2ff">
         <name>.text</name>
         <load_address>0x5b84</load_address>
         <run_address>0x5b84</run_address>
         <size>0x2c</size>
         <input_file_ref idref="fl-101"/>
      </object_component>
      <object_component id="oc-366">
         <name>.text</name>
         <load_address>0x5bb0</load_address>
         <run_address>0x5bb0</run_address>
         <size>0x28</size>
         <input_file_ref idref="fl-ec"/>
      </object_component>
      <object_component id="oc-11f">
         <name>.text</name>
         <load_address>0x5bd8</load_address>
         <run_address>0x5bd8</run_address>
         <size>0x24</size>
         <input_file_ref idref="fl-5"/>
      </object_component>
      <object_component id="oc-68">
         <name>.text</name>
         <load_address>0x5bfc</load_address>
         <run_address>0x5bfc</run_address>
         <size>0x18</size>
         <input_file_ref idref="fl-ee"/>
      </object_component>
      <object_component id="oc-2a4">
         <name>.text</name>
         <load_address>0x5c14</load_address>
         <run_address>0x5c14</run_address>
         <size>0x18</size>
         <input_file_ref idref="fl-ea"/>
      </object_component>
      <object_component id="oc-2aa">
         <name>.text</name>
         <load_address>0x5c2c</load_address>
         <run_address>0x5c2c</run_address>
         <size>0x16</size>
         <input_file_ref idref="fl-e9"/>
      </object_component>
      <object_component id="oc-19e">
         <name>.text</name>
         <load_address>0x5c44</load_address>
         <run_address>0x5c44</run_address>
         <size>0x14</size>
         <input_file_ref idref="fl-ed"/>
      </object_component>
      <object_component id="oc-322">
         <name>.text</name>
         <load_address>0x5c58</load_address>
         <run_address>0x5c58</run_address>
         <size>0x14</size>
         <input_file_ref idref="fl-fc"/>
      </object_component>
      <object_component id="oc-353">
         <name>.text</name>
         <load_address>0x5c6c</load_address>
         <run_address>0x5c6c</run_address>
         <size>0x14</size>
         <input_file_ref idref="fl-fe"/>
      </object_component>
      <object_component id="oc-339">
         <name>.text</name>
         <load_address>0x5c80</load_address>
         <run_address>0x5c80</run_address>
         <size>0x14</size>
         <input_file_ref idref="fl-ff"/>
      </object_component>
      <object_component id="oc-1a">
         <name>.text:decompress:none</name>
         <load_address>0x5c94</load_address>
         <run_address>0x5c94</run_address>
         <size>0xe</size>
         <input_file_ref idref="fl-d1"/>
      </object_component>
      <object_component id="oc-78">
         <name>.text</name>
         <load_address>0x5ca2</load_address>
         <run_address>0x5ca2</run_address>
         <size>0xe</size>
         <input_file_ref idref="fl-13"/>
      </object_component>
      <object_component id="oc-20">
         <name>.text:decompress:ZI</name>
         <load_address>0x5cb0</load_address>
         <run_address>0x5cb0</run_address>
         <size>0xc</size>
         <input_file_ref idref="fl-d2"/>
      </object_component>
      <object_component id="oc-5c">
         <name>.text</name>
         <load_address>0x5cbc</load_address>
         <run_address>0x5cbc</run_address>
         <size>0x4</size>
         <input_file_ref idref="fl-e5"/>
      </object_component>
      <object_component id="oc-289">
         <name>.const:$O1$$</name>
         <load_address>0x5cc0</load_address>
         <run_address>0x5cc0</run_address>
         <size>0x30</size>
         <input_file_ref idref="fl-d4"/>
      </object_component>
      <object_component id="oc-219">
         <name>.const:$P$T0$1</name>
         <load_address>0x5cf0</load_address>
         <run_address>0x5cf0</run_address>
         <size>0x20</size>
         <input_file_ref idref="fl-e"/>
      </object_component>
      <object_component id="oc-3cc">
         <name>.cinit..data.load</name>
         <load_address>0x5d10</load_address>
         <run_address>0x5d10</run_address>
         <size>0x8a</size>
      </object_component>
      <object_component id="oc-3ca">
         <name>__TI_handler_table</name>
         <load_address>0x5d9c</load_address>
         <run_address>0x5d9c</run_address>
         <size>0xc</size>
      </object_component>
      <object_component id="oc-3cd">
         <name>.cinit..bss.load</name>
         <load_address>0x5da8</load_address>
         <run_address>0x5da8</run_address>
         <size>0x8</size>
      </object_component>
      <object_component id="oc-3cb">
         <name>__TI_cinit_table</name>
         <load_address>0x5db0</load_address>
         <run_address>0x5db0</run_address>
         <size>0x10</size>
      </object_component>
      <object_component id="oc-3a7">
         <name>.binit</name>
         <load_address>0x0</load_address>
         <run_address>0x0</run_address>
         <size>0x0</size>
      </object_component>
      <object_component id="oc-1d4">
         <name>.data</name>
         <load_address>0x20003b84</load_address>
         <run_address>0x20003b84</run_address>
         <size>0x18</size>
         <input_file_ref idref="fl-4"/>
      </object_component>
      <object_component id="oc-131">
         <name>.data</name>
         <load_address>0x20003b68</load_address>
         <run_address>0x20003b68</run_address>
         <size>0x1c</size>
         <input_file_ref idref="fl-a"/>
      </object_component>
      <object_component id="oc-e6">
         <name>.data</name>
         <load_address>0x20003bcc</load_address>
         <run_address>0x20003bcc</run_address>
         <size>0x8</size>
         <input_file_ref idref="fl-10"/>
      </object_component>
      <object_component id="oc-1aa">
         <name>.data</name>
         <load_address>0x20003be8</load_address>
         <run_address>0x20003be8</run_address>
         <size>0x4</size>
         <input_file_ref idref="fl-14"/>
      </object_component>
      <object_component id="oc-246">
         <name>.data</name>
         <load_address>0x20003bd4</load_address>
         <run_address>0x20003bd4</run_address>
         <size>0x4</size>
         <input_file_ref idref="fl-ce"/>
      </object_component>
      <object_component id="oc-1ef">
         <name>.data:_ftable</name>
         <load_address>0x200039b0</load_address>
         <run_address>0x200039b0</run_address>
         <size>0xf0</size>
         <input_file_ref idref="fl-d3"/>
      </object_component>
      <object_component id="oc-258">
         <name>.data</name>
         <load_address>0x20003b9c</load_address>
         <run_address>0x20003b9c</run_address>
         <size>0x10</size>
         <input_file_ref idref="fl-d3"/>
      </object_component>
      <object_component id="oc-286">
         <name>.data</name>
         <load_address>0x20003bd8</load_address>
         <run_address>0x20003bd8</run_address>
         <size>0x4</size>
         <input_file_ref idref="fl-d6"/>
      </object_component>
      <object_component id="oc-cb">
         <name>.data:$O1$$</name>
         <load_address>0x20003bac</load_address>
         <run_address>0x20003bac</run_address>
         <size>0xc</size>
         <input_file_ref idref="fl-d7"/>
      </object_component>
      <object_component id="oc-25b">
         <name>.data</name>
         <load_address>0x20003bdc</load_address>
         <run_address>0x20003bdc</run_address>
         <size>0x4</size>
         <input_file_ref idref="fl-de"/>
      </object_component>
      <object_component id="oc-2ed">
         <name>.data</name>
         <load_address>0x20003be0</load_address>
         <run_address>0x20003be0</run_address>
         <size>0x4</size>
         <input_file_ref idref="fl-e4"/>
      </object_component>
      <object_component id="oc-74">
         <name>.data</name>
         <load_address>0x20003be4</load_address>
         <run_address>0x20003be4</run_address>
         <size>0x4</size>
         <input_file_ref idref="fl-e8"/>
      </object_component>
      <object_component id="oc-247">
         <name>.data:_device</name>
         <load_address>0x20003aa0</load_address>
         <run_address>0x20003aa0</run_address>
         <size>0x78</size>
         <input_file_ref idref="fl-ec"/>
      </object_component>
      <object_component id="oc-2ee">
         <name>.data:_stream</name>
         <load_address>0x20003b18</load_address>
         <run_address>0x20003b18</run_address>
         <size>0x50</size>
         <input_file_ref idref="fl-ec"/>
      </object_component>
      <object_component id="oc-ce">
         <name>.data:$O1$$</name>
         <load_address>0x20003bc4</load_address>
         <run_address>0x20003bc4</run_address>
         <size>0x8</size>
         <input_file_ref idref="fl-ed"/>
      </object_component>
      <object_component id="oc-311">
         <name>.data:$O1$$</name>
         <load_address>0x20003bb8</load_address>
         <run_address>0x20003bb8</run_address>
         <size>0xc</size>
         <input_file_ref idref="fl-fa"/>
      </object_component>
      <object_component id="oc-381">
         <name>.bss:_CIOBUF_</name>
         <uninitialized>true</uninitialized>
         <run_address>0x20003200</run_address>
         <size>0x120</size>
         <input_file_ref idref="fl-100"/>
      </object_component>
      <object_component id="oc-f6">
         <name>.common:Port4Task</name>
         <uninitialized>true</uninitialized>
         <run_address>0x2000356c</run_address>
         <size>0x4</size>
      </object_component>
      <object_component id="oc-f4">
         <name>.common:Messageindexc</name>
         <uninitialized>true</uninitialized>
         <run_address>0x20003560</run_address>
         <size>0x4</size>
      </object_component>
      <object_component id="oc-f1">
         <name>.common:Messagec</name>
         <uninitialized>true</uninitialized>
         <run_address>0x2000350c</run_address>
         <size>0x8</size>
      </object_component>
      <object_component id="oc-1be">
         <name>.common:TxFifo0</name>
         <uninitialized>true</uninitialized>
         <run_address>0x20003442</run_address>
         <size>0x82</size>
      </object_component>
      <object_component id="oc-1c2">
         <name>.common:RxFifo0</name>
         <uninitialized>true</uninitialized>
         <run_address>0x200033c0</run_address>
         <size>0x82</size>
      </object_component>
      <object_component id="oc-1c1">
         <name>.common:TxHistogram</name>
         <uninitialized>true</uninitialized>
         <run_address>0x20003000</run_address>
         <size>0x200</size>
      </object_component>
      <object_component id="oc-13a">
         <name>.common:Size</name>
         <uninitialized>true</uninitialized>
         <run_address>0x2000357c</run_address>
         <size>0x4</size>
      </object_component>
      <object_component id="oc-202">
         <name>.common:x</name>
         <uninitialized>true</uninitialized>
         <run_address>0x20000000</run_address>
         <size>0x1000</size>
      </object_component>
      <object_component id="oc-201">
         <name>.common:Pt</name>
         <uninitialized>true</uninitialized>
         <run_address>0x20003570</run_address>
         <size>0x4</size>
      </object_component>
      <object_component id="oc-204">
         <name>.common:I1</name>
         <uninitialized>true</uninitialized>
         <run_address>0x20003548</run_address>
         <size>0x4</size>
      </object_component>
      <object_component id="oc-203">
         <name>.common:LPFSum</name>
         <uninitialized>true</uninitialized>
         <run_address>0x2000354c</run_address>
         <size>0x4</size>
      </object_component>
      <object_component id="oc-206">
         <name>.common:x2</name>
         <uninitialized>true</uninitialized>
         <run_address>0x20001000</run_address>
         <size>0x1000</size>
      </object_component>
      <object_component id="oc-205">
         <name>.common:Pt2</name>
         <uninitialized>true</uninitialized>
         <run_address>0x20003574</run_address>
         <size>0x4</size>
      </object_component>
      <object_component id="oc-207">
         <name>.common:LPFSum2</name>
         <uninitialized>true</uninitialized>
         <run_address>0x20003550</run_address>
         <size>0x4</size>
      </object_component>
      <object_component id="oc-209">
         <name>.common:x3</name>
         <uninitialized>true</uninitialized>
         <run_address>0x20002000</run_address>
         <size>0x1000</size>
      </object_component>
      <object_component id="oc-208">
         <name>.common:Pt3</name>
         <uninitialized>true</uninitialized>
         <run_address>0x20003578</run_address>
         <size>0x4</size>
      </object_component>
      <object_component id="oc-20a">
         <name>.common:LPFSum3</name>
         <uninitialized>true</uninitialized>
         <run_address>0x20003554</run_address>
         <size>0x4</size>
      </object_component>
      <object_component id="oc-139">
         <name>.common:WriteData</name>
         <uninitialized>true</uninitialized>
         <run_address>0x200035af</run_address>
         <size>0x1</size>
      </object_component>
      <object_component id="oc-134">
         <name>.common:ReadData</name>
         <uninitialized>true</uninitialized>
         <run_address>0x200035ae</run_address>
         <size>0x1</size>
      </object_component>
      <object_component id="oc-137">
         <name>.common:NumSuccess</name>
         <uninitialized>true</uninitialized>
         <run_address>0x20003568</run_address>
         <size>0x4</size>
      </object_component>
      <object_component id="oc-138">
         <name>.common:NumErrors</name>
         <uninitialized>true</uninitialized>
         <run_address>0x20003564</run_address>
         <size>0x4</size>
      </object_component>
      <object_component id="oc-13e">
         <name>.common:String</name>
         <uninitialized>true</uninitialized>
         <run_address>0x200034c4</run_address>
         <size>0x40</size>
      </object_component>
      <object_component id="oc-13d">
         <name>.common:MaxTime</name>
         <uninitialized>true</uninitialized>
         <run_address>0x20003558</run_address>
         <size>0x4</size>
      </object_component>
      <object_component id="oc-14b">
         <name>.common:First</name>
         <uninitialized>true</uninitialized>
         <run_address>0x20003544</run_address>
         <size>0x4</size>
      </object_component>
      <object_component id="oc-14c">
         <name>.common:Elapsed</name>
         <uninitialized>true</uninitialized>
         <run_address>0x20003540</run_address>
         <size>0x4</size>
      </object_component>
      <object_component id="oc-17b">
         <name>.common:ADCflag</name>
         <uninitialized>true</uninitialized>
         <run_address>0x20003514</run_address>
         <size>0x4</size>
      </object_component>
      <object_component id="oc-178">
         <name>.common:nr</name>
         <uninitialized>true</uninitialized>
         <run_address>0x20003598</run_address>
         <size>0x4</size>
      </object_component>
      <object_component id="oc-179">
         <name>.common:nc</name>
         <uninitialized>true</uninitialized>
         <run_address>0x20003590</run_address>
         <size>0x4</size>
      </object_component>
      <object_component id="oc-17a">
         <name>.common:nl</name>
         <uninitialized>true</uninitialized>
         <run_address>0x20003594</run_address>
         <size>0x4</size>
      </object_component>
      <object_component id="oc-17c">
         <name>.common:CollisionData</name>
         <uninitialized>true</uninitialized>
         <run_address>0x200035aa</run_address>
         <size>0x1</size>
      </object_component>
      <object_component id="oc-17d">
         <name>.common:CollisionFlag</name>
         <uninitialized>true</uninitialized>
         <run_address>0x200035ab</run_address>
         <size>0x1</size>
      </object_component>
      <object_component id="oc-18d">
         <name>.common:CollisionRecord</name>
         <uninitialized>true</uninitialized>
         <run_address>0x200035ac</run_address>
         <size>0x1</size>
      </object_component>
      <object_component id="oc-18e">
         <name>.common:Data</name>
         <uninitialized>true</uninitialized>
         <run_address>0x200035ad</run_address>
         <size>0x1</size>
      </object_component>
      <object_component id="oc-18f">
         <name>.common:Power</name>
         <uninitialized>true</uninitialized>
         <run_address>0x200035a8</run_address>
         <size>0x2</size>
      </object_component>
      <object_component id="oc-17e">
         <name>.common:Period0</name>
         <uninitialized>true</uninitialized>
         <run_address>0x200035a4</run_address>
         <size>0x2</size>
      </object_component>
      <object_component id="oc-181">
         <name>.common:Period2</name>
         <uninitialized>true</uninitialized>
         <run_address>0x200035a6</run_address>
         <size>0x2</size>
      </object_component>
      <object_component id="oc-17f">
         <name>.common:First0</name>
         <uninitialized>true</uninitialized>
         <run_address>0x200035a0</run_address>
         <size>0x2</size>
      </object_component>
      <object_component id="oc-182">
         <name>.common:First2</name>
         <uninitialized>true</uninitialized>
         <run_address>0x200035a2</run_address>
         <size>0x2</size>
      </object_component>
      <object_component id="oc-180">
         <name>.common:Done0</name>
         <uninitialized>true</uninitialized>
         <run_address>0x20003538</run_address>
         <size>0x4</size>
      </object_component>
      <object_component id="oc-183">
         <name>.common:Done2</name>
         <uninitialized>true</uninitialized>
         <run_address>0x2000353c</run_address>
         <size>0x4</size>
      </object_component>
      <object_component id="oc-190">
         <name>.common:averagePeriod</name>
         <uninitialized>true</uninitialized>
         <run_address>0x20003518</run_address>
         <size>0x8</size>
      </object_component>
      <object_component id="oc-184">
         <name>.common:length</name>
         <uninitialized>true</uninitialized>
         <run_address>0x2000358c</run_address>
         <size>0x4</size>
      </object_component>
      <object_component id="oc-185">
         <name>.common:speedRPM</name>
         <uninitialized>true</uninitialized>
         <run_address>0x20003530</run_address>
         <size>0x8</size>
      </object_component>
      <object_component id="oc-186">
         <name>.common:speedCMPS</name>
         <uninitialized>true</uninitialized>
         <run_address>0x20003528</run_address>
         <size>0x8</size>
      </object_component>
      <object_component id="oc-191">
         <name>.common:leftDistance</name>
         <uninitialized>true</uninitialized>
         <run_address>0x20003588</run_address>
         <size>0x4</size>
      </object_component>
      <object_component id="oc-192">
         <name>.common:centerDistance</name>
         <uninitialized>true</uninitialized>
         <run_address>0x20003584</run_address>
         <size>0x4</size>
      </object_component>
      <object_component id="oc-193">
         <name>.common:rightDistance</name>
         <uninitialized>true</uninitialized>
         <run_address>0x2000359c</run_address>
         <size>0x4</size>
      </object_component>
      <object_component id="oc-dd">
         <name>.common:TimerA1Task</name>
         <uninitialized>true</uninitialized>
         <run_address>0x20003580</run_address>
         <size>0x4</size>
      </object_component>
      <object_component id="oc-1dc">
         <name>.common:Messageindexb</name>
         <uninitialized>true</uninitialized>
         <run_address>0x2000355c</run_address>
         <size>0x4</size>
      </object_component>
      <object_component id="oc-1d9">
         <name>.common:Messageb</name>
         <uninitialized>true</uninitialized>
         <run_address>0x20003504</run_address>
         <size>0x8</size>
      </object_component>
      <object_component id="oc-305">
         <name>.common:__TI_tmpnams</name>
         <uninitialized>true</uninitialized>
         <run_address>0x20003320</run_address>
         <size>0xa0</size>
      </object_component>
      <object_component id="oc-345">
         <name>.common:parmbuf</name>
         <uninitialized>true</uninitialized>
         <run_address>0x20003520</run_address>
         <size>0x8</size>
      </object_component>
      <object_component id="oc-30">
         <name>.sysmem</name>
         <uninitialized>true</uninitialized>
         <run_address>0x200035b0</run_address>
         <size>0x8</size>
         <input_file_ref idref="fl-fa"/>
      </object_component>
      <object_component id="oc-3cf">
         <name>.sysmem</name>
         <uninitialized>true</uninitialized>
         <run_address>0x200035b0</run_address>
         <size>0x0</size>
      </object_component>
      <object_component id="oc-2f">
         <name>.stack</name>
         <uninitialized>true</uninitialized>
         <run_address>0x2000fe00</run_address>
         <size>0x0</size>
         <input_file_ref idref="fl-cf"/>
      </object_component>
      <object_component id="oc-3ce">
         <name>.stack</name>
         <uninitialized>true</uninitialized>
         <run_address>0x2000fe00</run_address>
         <size>0x0</size>
      </object_component>
      <object_component id="oc-200">
         <name>.debug_info</name>
         <load_address>0x0</load_address>
         <run_address>0x0</run_address>
         <size>0x524</size>
         <input_file_ref idref="fl-2"/>
      </object_component>
      <object_component id="oc-140">
         <name>.debug_info</name>
         <load_address>0x524</load_address>
         <run_address>0x524</run_address>
         <size>0x55f</size>
         <input_file_ref idref="fl-2"/>
      </object_component>
      <object_component id="oc-1b0">
         <name>.debug_info</name>
         <load_address>0xa83</load_address>
         <run_address>0xa83</run_address>
         <size>0x37e2</size>
         <input_file_ref idref="fl-2"/>
      </object_component>
      <object_component id="oc-1b5">
         <name>.debug_info</name>
         <load_address>0x4265</load_address>
         <run_address>0x4265</run_address>
         <size>0x1055</size>
         <input_file_ref idref="fl-2"/>
      </object_component>
      <object_component id="oc-39">
         <name>.debug_info</name>
         <load_address>0x52ba</load_address>
         <run_address>0x52ba</run_address>
         <size>0x84</size>
         <input_file_ref idref="fl-2"/>
      </object_component>
      <object_component id="oc-e1">
         <name>.debug_info</name>
         <load_address>0x533e</load_address>
         <run_address>0x533e</run_address>
         <size>0x18b</size>
         <input_file_ref idref="fl-2"/>
      </object_component>
      <object_component id="oc-f7">
         <name>.debug_info</name>
         <load_address>0x54c9</load_address>
         <run_address>0x54c9</run_address>
         <size>0x555</size>
         <input_file_ref idref="fl-3"/>
      </object_component>
      <object_component id="oc-93">
         <name>.debug_info</name>
         <load_address>0x5a1e</load_address>
         <run_address>0x5a1e</run_address>
         <size>0x2fb</size>
         <input_file_ref idref="fl-3"/>
      </object_component>
      <object_component id="oc-1d5">
         <name>.debug_info</name>
         <load_address>0x5d19</load_address>
         <run_address>0x5d19</run_address>
         <size>0x18c</size>
         <input_file_ref idref="fl-4"/>
      </object_component>
      <object_component id="oc-11c">
         <name>.debug_info</name>
         <load_address>0x5ea5</load_address>
         <run_address>0x5ea5</run_address>
         <size>0x378</size>
         <input_file_ref idref="fl-4"/>
      </object_component>
      <object_component id="oc-122">
         <name>.debug_info</name>
         <load_address>0x621d</load_address>
         <run_address>0x621d</run_address>
         <size>0x339</size>
         <input_file_ref idref="fl-5"/>
      </object_component>
      <object_component id="oc-f2">
         <name>.debug_info</name>
         <load_address>0x6556</load_address>
         <run_address>0x6556</run_address>
         <size>0x670</size>
         <input_file_ref idref="fl-6"/>
      </object_component>
      <object_component id="oc-8c">
         <name>.debug_info</name>
         <load_address>0x6bc6</load_address>
         <run_address>0x6bc6</run_address>
         <size>0x10b5</size>
         <input_file_ref idref="fl-6"/>
      </object_component>
      <object_component id="oc-1bf">
         <name>.debug_info</name>
         <load_address>0x7c7b</load_address>
         <run_address>0x7c7b</run_address>
         <size>0x2da</size>
         <input_file_ref idref="fl-7"/>
      </object_component>
      <object_component id="oc-ec">
         <name>.debug_info</name>
         <load_address>0x7f55</load_address>
         <run_address>0x7f55</run_address>
         <size>0x567</size>
         <input_file_ref idref="fl-7"/>
      </object_component>
      <object_component id="oc-22c">
         <name>.debug_info</name>
         <load_address>0x84bc</load_address>
         <run_address>0x84bc</run_address>
         <size>0x76</size>
         <input_file_ref idref="fl-7"/>
      </object_component>
      <object_component id="oc-189">
         <name>.debug_info</name>
         <load_address>0x8532</load_address>
         <run_address>0x8532</run_address>
         <size>0x416</size>
         <input_file_ref idref="fl-8"/>
      </object_component>
      <object_component id="oc-13b">
         <name>.debug_info</name>
         <load_address>0x8948</load_address>
         <run_address>0x8948</run_address>
         <size>0x63b</size>
         <input_file_ref idref="fl-9"/>
      </object_component>
      <object_component id="oc-149">
         <name>.debug_info</name>
         <load_address>0x8f83</load_address>
         <run_address>0x8f83</run_address>
         <size>0x662</size>
         <input_file_ref idref="fl-9"/>
      </object_component>
      <object_component id="oc-135">
         <name>.debug_info</name>
         <load_address>0x95e5</load_address>
         <run_address>0x95e5</run_address>
         <size>0x11cf</size>
         <input_file_ref idref="fl-a"/>
      </object_component>
      <object_component id="oc-132">
         <name>.debug_info</name>
         <load_address>0xa7b4</load_address>
         <run_address>0xa7b4</run_address>
         <size>0x171</size>
         <input_file_ref idref="fl-a"/>
      </object_component>
      <object_component id="oc-c4">
         <name>.debug_info</name>
         <load_address>0xa925</load_address>
         <run_address>0xa925</run_address>
         <size>0x282a</size>
         <input_file_ref idref="fl-a"/>
      </object_component>
      <object_component id="oc-ac">
         <name>.debug_info</name>
         <load_address>0xd14f</load_address>
         <run_address>0xd14f</run_address>
         <size>0x2c</size>
         <input_file_ref idref="fl-a"/>
      </object_component>
      <object_component id="oc-16e">
         <name>.debug_info</name>
         <load_address>0xd17b</load_address>
         <run_address>0xd17b</run_address>
         <size>0x316</size>
         <input_file_ref idref="fl-b"/>
      </object_component>
      <object_component id="oc-14e">
         <name>.debug_info</name>
         <load_address>0xd491</load_address>
         <run_address>0xd491</run_address>
         <size>0x5cf</size>
         <input_file_ref idref="fl-c"/>
      </object_component>
      <object_component id="oc-20e">
         <name>.debug_info</name>
         <load_address>0xda60</load_address>
         <run_address>0xda60</run_address>
         <size>0x58b</size>
         <input_file_ref idref="fl-d"/>
      </object_component>
      <object_component id="oc-21d">
         <name>.debug_info</name>
         <load_address>0xdfeb</load_address>
         <run_address>0xdfeb</run_address>
         <size>0x573</size>
         <input_file_ref idref="fl-e"/>
      </object_component>
      <object_component id="oc-21a">
         <name>.debug_info</name>
         <load_address>0xe55e</load_address>
         <run_address>0xe55e</run_address>
         <size>0xdc</size>
         <input_file_ref idref="fl-e"/>
      </object_component>
      <object_component id="oc-175">
         <name>.debug_info</name>
         <load_address>0xe63a</load_address>
         <run_address>0xe63a</run_address>
         <size>0x823</size>
         <input_file_ref idref="fl-e"/>
      </object_component>
      <object_component id="oc-276">
         <name>.debug_info</name>
         <load_address>0xee5d</load_address>
         <run_address>0xee5d</run_address>
         <size>0x37e2</size>
         <input_file_ref idref="fl-e"/>
      </object_component>
      <object_component id="oc-12f">
         <name>.debug_info</name>
         <load_address>0x1263f</load_address>
         <run_address>0x1263f</run_address>
         <size>0x1a5</size>
         <input_file_ref idref="fl-f"/>
      </object_component>
      <object_component id="oc-ea">
         <name>.debug_info</name>
         <load_address>0x127e4</load_address>
         <run_address>0x127e4</run_address>
         <size>0x53a</size>
         <input_file_ref idref="fl-10"/>
      </object_component>
      <object_component id="oc-e7">
         <name>.debug_info</name>
         <load_address>0x12d1e</load_address>
         <run_address>0x12d1e</run_address>
         <size>0x114</size>
         <input_file_ref idref="fl-10"/>
      </object_component>
      <object_component id="oc-87">
         <name>.debug_info</name>
         <load_address>0x12e32</load_address>
         <run_address>0x12e32</run_address>
         <size>0x377</size>
         <input_file_ref idref="fl-10"/>
      </object_component>
      <object_component id="oc-de">
         <name>.debug_info</name>
         <load_address>0x131a9</load_address>
         <run_address>0x131a9</run_address>
         <size>0x54f</size>
         <input_file_ref idref="fl-11"/>
      </object_component>
      <object_component id="oc-7f">
         <name>.debug_info</name>
         <load_address>0x136f8</load_address>
         <run_address>0x136f8</run_address>
         <size>0x28a</size>
         <input_file_ref idref="fl-11"/>
      </object_component>
      <object_component id="oc-1da">
         <name>.debug_info</name>
         <load_address>0x13982</load_address>
         <run_address>0x13982</run_address>
         <size>0x762</size>
         <input_file_ref idref="fl-12"/>
      </object_component>
      <object_component id="oc-126">
         <name>.debug_info</name>
         <load_address>0x140e4</load_address>
         <run_address>0x140e4</run_address>
         <size>0x1748</size>
         <input_file_ref idref="fl-12"/>
      </object_component>
      <object_component id="oc-235">
         <name>.debug_info</name>
         <load_address>0x1582c</load_address>
         <run_address>0x1582c</run_address>
         <size>0xc8</size>
         <input_file_ref idref="fl-12"/>
      </object_component>
      <object_component id="oc-1f3">
         <name>.debug_info</name>
         <load_address>0x158f4</load_address>
         <run_address>0x158f4</run_address>
         <size>0x2c</size>
         <input_file_ref idref="fl-12"/>
      </object_component>
      <object_component id="oc-98">
         <name>.debug_info</name>
         <load_address>0x15920</load_address>
         <run_address>0x15920</run_address>
         <size>0x2a9</size>
         <input_file_ref idref="fl-13"/>
      </object_component>
      <object_component id="oc-2d">
         <name>.debug_info</name>
         <load_address>0x15bc9</load_address>
         <run_address>0x15bc9</run_address>
         <size>0xe7</size>
         <input_file_ref idref="fl-13"/>
      </object_component>
      <object_component id="oc-79">
         <name>.debug_info</name>
         <load_address>0x15cb0</load_address>
         <run_address>0x15cb0</run_address>
         <size>0x1ae</size>
         <input_file_ref idref="fl-13"/>
      </object_component>
      <object_component id="oc-1ab">
         <name>.debug_info</name>
         <load_address>0x15e5e</load_address>
         <run_address>0x15e5e</run_address>
         <size>0xe0</size>
         <input_file_ref idref="fl-14"/>
      </object_component>
      <object_component id="oc-d8">
         <name>.debug_info</name>
         <load_address>0x15f3e</load_address>
         <run_address>0x15f3e</run_address>
         <size>0x252</size>
         <input_file_ref idref="fl-14"/>
      </object_component>
      <object_component id="oc-24b">
         <name>.debug_info</name>
         <load_address>0x16190</load_address>
         <run_address>0x16190</run_address>
         <size>0x430</size>
         <input_file_ref idref="fl-ce"/>
      </object_component>
      <object_component id="oc-1de">
         <name>.debug_info</name>
         <load_address>0x165c0</load_address>
         <run_address>0x165c0</run_address>
         <size>0x2d0</size>
         <input_file_ref idref="fl-ce"/>
      </object_component>
      <object_component id="oc-2e8">
         <name>.debug_info</name>
         <load_address>0x16890</load_address>
         <run_address>0x16890</run_address>
         <size>0xea</size>
         <input_file_ref idref="fl-ce"/>
      </object_component>
      <object_component id="oc-2e3">
         <name>.debug_info</name>
         <load_address>0x1697a</load_address>
         <run_address>0x1697a</run_address>
         <size>0x2c</size>
         <input_file_ref idref="fl-ce"/>
      </object_component>
      <object_component id="oc-28">
         <name>.debug_info</name>
         <load_address>0x169a6</load_address>
         <run_address>0x169a6</run_address>
         <size>0x160</size>
         <input_file_ref idref="fl-cf"/>
      </object_component>
      <object_component id="oc-a2">
         <name>.debug_info</name>
         <load_address>0x16b06</load_address>
         <run_address>0x16b06</run_address>
         <size>0x293</size>
         <input_file_ref idref="fl-d0"/>
      </object_component>
      <object_component id="oc-15">
         <name>.debug_info</name>
         <load_address>0x16d99</load_address>
         <run_address>0x16d99</run_address>
         <size>0x245</size>
         <input_file_ref idref="fl-d0"/>
      </object_component>
      <object_component id="oc-34">
         <name>.debug_info</name>
         <load_address>0x16fde</load_address>
         <run_address>0x16fde</run_address>
         <size>0x60</size>
         <input_file_ref idref="fl-d0"/>
      </object_component>
      <object_component id="oc-9d">
         <name>.debug_info</name>
         <load_address>0x1703e</load_address>
         <run_address>0x1703e</run_address>
         <size>0x46</size>
         <input_file_ref idref="fl-d0"/>
      </object_component>
      <object_component id="oc-49">
         <name>.debug_info</name>
         <load_address>0x17084</load_address>
         <run_address>0x17084</run_address>
         <size>0x2da</size>
         <input_file_ref idref="fl-d1"/>
      </object_component>
      <object_component id="oc-1c">
         <name>.debug_info</name>
         <load_address>0x1735e</load_address>
         <run_address>0x1735e</run_address>
         <size>0x1df</size>
         <input_file_ref idref="fl-d1"/>
      </object_component>
      <object_component id="oc-44">
         <name>.debug_info</name>
         <load_address>0x1753d</load_address>
         <run_address>0x1753d</run_address>
         <size>0x46</size>
         <input_file_ref idref="fl-d1"/>
      </object_component>
      <object_component id="oc-a4">
         <name>.debug_info</name>
         <load_address>0x17583</load_address>
         <run_address>0x17583</run_address>
         <size>0x2c</size>
         <input_file_ref idref="fl-d1"/>
      </object_component>
      <object_component id="oc-55">
         <name>.debug_info</name>
         <load_address>0x175af</load_address>
         <run_address>0x175af</run_address>
         <size>0x2c9</size>
         <input_file_ref idref="fl-d2"/>
      </object_component>
      <object_component id="oc-21">
         <name>.debug_info</name>
         <load_address>0x17878</load_address>
         <run_address>0x17878</run_address>
         <size>0x1aa</size>
         <input_file_ref idref="fl-d2"/>
      </object_component>
      <object_component id="oc-50">
         <name>.debug_info</name>
         <load_address>0x17a22</load_address>
         <run_address>0x17a22</run_address>
         <size>0x46</size>
         <input_file_ref idref="fl-d2"/>
      </object_component>
      <object_component id="oc-26d">
         <name>.debug_info</name>
         <load_address>0x17a68</load_address>
         <run_address>0x17a68</run_address>
         <size>0x139</size>
         <input_file_ref idref="fl-d3"/>
      </object_component>
      <object_component id="oc-1f0">
         <name>.debug_info</name>
         <load_address>0x17ba1</load_address>
         <run_address>0x17ba1</run_address>
         <size>0xf7</size>
         <input_file_ref idref="fl-d3"/>
      </object_component>
      <object_component id="oc-259">
         <name>.debug_info</name>
         <load_address>0x17c98</load_address>
         <run_address>0x17c98</run_address>
         <size>0x184</size>
         <input_file_ref idref="fl-d3"/>
      </object_component>
      <object_component id="oc-30c">
         <name>.debug_info</name>
         <load_address>0x17e1c</load_address>
         <run_address>0x17e1c</run_address>
         <size>0xae</size>
         <input_file_ref idref="fl-d3"/>
      </object_component>
      <object_component id="oc-2a2">
         <name>.debug_info</name>
         <load_address>0x17eca</load_address>
         <run_address>0x17eca</run_address>
         <size>0x39b</size>
         <input_file_ref idref="fl-d4"/>
      </object_component>
      <object_component id="oc-28a">
         <name>.debug_info</name>
         <load_address>0x18265</load_address>
         <run_address>0x18265</run_address>
         <size>0x11d</size>
         <input_file_ref idref="fl-d4"/>
      </object_component>
      <object_component id="oc-21f">
         <name>.debug_info</name>
         <load_address>0x18382</load_address>
         <run_address>0x18382</run_address>
         <size>0xb75</size>
         <input_file_ref idref="fl-d4"/>
      </object_component>
      <object_component id="oc-29d">
         <name>.debug_info</name>
         <load_address>0x18ef7</load_address>
         <run_address>0x18ef7</run_address>
         <size>0x39</size>
         <input_file_ref idref="fl-d4"/>
      </object_component>
      <object_component id="oc-31b">
         <name>.debug_info</name>
         <load_address>0x18f30</load_address>
         <run_address>0x18f30</run_address>
         <size>0x2e3</size>
         <input_file_ref idref="fl-d5"/>
      </object_component>
      <object_component id="oc-282">
         <name>.debug_info</name>
         <load_address>0x19213</load_address>
         <run_address>0x19213</run_address>
         <size>0x240</size>
         <input_file_ref idref="fl-d5"/>
      </object_component>
      <object_component id="oc-287">
         <name>.debug_info</name>
         <load_address>0x19453</load_address>
         <run_address>0x19453</run_address>
         <size>0xf3</size>
         <input_file_ref idref="fl-d6"/>
      </object_component>
      <object_component id="oc-d2">
         <name>.debug_info</name>
         <load_address>0x19546</load_address>
         <run_address>0x19546</run_address>
         <size>0x3ce</size>
         <input_file_ref idref="fl-d7"/>
      </object_component>
      <object_component id="oc-cc">
         <name>.debug_info</name>
         <load_address>0x19914</load_address>
         <run_address>0x19914</run_address>
         <size>0x185</size>
         <input_file_ref idref="fl-d7"/>
      </object_component>
      <object_component id="oc-6f">
         <name>.debug_info</name>
         <load_address>0x19a99</load_address>
         <run_address>0x19a99</run_address>
         <size>0x214</size>
         <input_file_ref idref="fl-d7"/>
      </object_component>
      <object_component id="oc-27e">
         <name>.debug_info</name>
         <load_address>0x19cad</load_address>
         <run_address>0x19cad</run_address>
         <size>0x144</size>
         <input_file_ref idref="fl-d8"/>
      </object_component>
      <object_component id="oc-28f">
         <name>.debug_info</name>
         <load_address>0x19df1</load_address>
         <run_address>0x19df1</run_address>
         <size>0x120</size>
         <input_file_ref idref="fl-d9"/>
      </object_component>
      <object_component id="oc-292">
         <name>.debug_info</name>
         <load_address>0x19f11</load_address>
         <run_address>0x19f11</run_address>
         <size>0x122</size>
         <input_file_ref idref="fl-d9"/>
      </object_component>
      <object_component id="oc-15b">
         <name>.debug_info</name>
         <load_address>0x1a033</load_address>
         <run_address>0x1a033</run_address>
         <size>0x132</size>
         <input_file_ref idref="fl-da"/>
      </object_component>
      <object_component id="oc-160">
         <name>.debug_info</name>
         <load_address>0x1a165</load_address>
         <run_address>0x1a165</run_address>
         <size>0x132</size>
         <input_file_ref idref="fl-db"/>
      </object_component>
      <object_component id="oc-168">
         <name>.debug_info</name>
         <load_address>0x1a297</load_address>
         <run_address>0x1a297</run_address>
         <size>0x126</size>
         <input_file_ref idref="fl-dc"/>
      </object_component>
      <object_component id="oc-156">
         <name>.debug_info</name>
         <load_address>0x1a3bd</load_address>
         <run_address>0x1a3bd</run_address>
         <size>0x131</size>
         <input_file_ref idref="fl-dd"/>
      </object_component>
      <object_component id="oc-25d">
         <name>.debug_info</name>
         <load_address>0x1a4ee</load_address>
         <run_address>0x1a4ee</run_address>
         <size>0x3d6</size>
         <input_file_ref idref="fl-de"/>
      </object_component>
      <object_component id="oc-1e5">
         <name>.debug_info</name>
         <load_address>0x1a8c4</load_address>
         <run_address>0x1a8c4</run_address>
         <size>0x455</size>
         <input_file_ref idref="fl-de"/>
      </object_component>
      <object_component id="oc-fe">
         <name>.debug_info</name>
         <load_address>0x1ad19</load_address>
         <run_address>0x1ad19</run_address>
         <size>0x2c</size>
         <input_file_ref idref="fl-de"/>
      </object_component>
      <object_component id="oc-2b1">
         <name>.debug_info</name>
         <load_address>0x1ad45</load_address>
         <run_address>0x1ad45</run_address>
         <size>0x417</size>
         <input_file_ref idref="fl-df"/>
      </object_component>
      <object_component id="oc-23d">
         <name>.debug_info</name>
         <load_address>0x1b15c</load_address>
         <run_address>0x1b15c</run_address>
         <size>0x282</size>
         <input_file_ref idref="fl-df"/>
      </object_component>
      <object_component id="oc-163">
         <name>.debug_info</name>
         <load_address>0x1b3de</load_address>
         <run_address>0x1b3de</run_address>
         <size>0x124</size>
         <input_file_ref idref="fl-e0"/>
      </object_component>
      <object_component id="oc-40">
         <name>.debug_info</name>
         <load_address>0x1b502</load_address>
         <run_address>0x1b502</run_address>
         <size>0x111</size>
         <input_file_ref idref="fl-e1"/>
      </object_component>
      <object_component id="oc-4d">
         <name>.debug_info</name>
         <load_address>0x1b613</load_address>
         <run_address>0x1b613</run_address>
         <size>0x13f</size>
         <input_file_ref idref="fl-e2"/>
      </object_component>
      <object_component id="oc-57">
         <name>.debug_info</name>
         <load_address>0x1b752</load_address>
         <run_address>0x1b752</run_address>
         <size>0x138</size>
         <input_file_ref idref="fl-e3"/>
      </object_component>
      <object_component id="oc-2f2">
         <name>.debug_info</name>
         <load_address>0x1b88a</load_address>
         <run_address>0x1b88a</run_address>
         <size>0x3f7</size>
         <input_file_ref idref="fl-e4"/>
      </object_component>
      <object_component id="oc-24e">
         <name>.debug_info</name>
         <load_address>0x1bc81</load_address>
         <run_address>0x1bc81</run_address>
         <size>0x23a</size>
         <input_file_ref idref="fl-e4"/>
      </object_component>
      <object_component id="oc-35d">
         <name>.debug_info</name>
         <load_address>0x1bebb</load_address>
         <run_address>0x1bebb</run_address>
         <size>0x120</size>
         <input_file_ref idref="fl-e4"/>
      </object_component>
      <object_component id="oc-5e">
         <name>.debug_info</name>
         <load_address>0x1bfdb</load_address>
         <run_address>0x1bfdb</run_address>
         <size>0x148</size>
         <input_file_ref idref="fl-e5"/>
      </object_component>
      <object_component id="oc-329">
         <name>.debug_info</name>
         <load_address>0x1c123</load_address>
         <run_address>0x1c123</run_address>
         <size>0x316</size>
         <input_file_ref idref="fl-e6"/>
      </object_component>
      <object_component id="oc-298">
         <name>.debug_info</name>
         <load_address>0x1c439</load_address>
         <run_address>0x1c439</run_address>
         <size>0x1d5</size>
         <input_file_ref idref="fl-e6"/>
      </object_component>
      <object_component id="oc-32a">
         <name>.debug_info</name>
         <load_address>0x1c60e</load_address>
         <run_address>0x1c60e</run_address>
         <size>0x2c</size>
         <input_file_ref idref="fl-e6"/>
      </object_component>
      <object_component id="oc-265">
         <name>.debug_info</name>
         <load_address>0x1c63a</load_address>
         <run_address>0x1c63a</run_address>
         <size>0x35a</size>
         <input_file_ref idref="fl-e7"/>
      </object_component>
      <object_component id="oc-1ec">
         <name>.debug_info</name>
         <load_address>0x1c994</load_address>
         <run_address>0x1c994</run_address>
         <size>0x200</size>
         <input_file_ref idref="fl-e7"/>
      </object_component>
      <object_component id="oc-266">
         <name>.debug_info</name>
         <load_address>0x1cb94</load_address>
         <run_address>0x1cb94</run_address>
         <size>0xbb</size>
         <input_file_ref idref="fl-e7"/>
      </object_component>
      <object_component id="oc-75">
         <name>.debug_info</name>
         <load_address>0x1cc4f</load_address>
         <run_address>0x1cc4f</run_address>
         <size>0x109</size>
         <input_file_ref idref="fl-e8"/>
      </object_component>
      <object_component id="oc-334">
         <name>.debug_info</name>
         <load_address>0x1cd58</load_address>
         <run_address>0x1cd58</run_address>
         <size>0x28f</size>
         <input_file_ref idref="fl-e9"/>
      </object_component>
      <object_component id="oc-2ab">
         <name>.debug_info</name>
         <load_address>0x1cfe7</load_address>
         <run_address>0x1cfe7</run_address>
         <size>0x244</size>
         <input_file_ref idref="fl-e9"/>
      </object_component>
      <object_component id="oc-332">
         <name>.debug_info</name>
         <load_address>0x1d22b</load_address>
         <run_address>0x1d22b</run_address>
         <size>0x27f</size>
         <input_file_ref idref="fl-ea"/>
      </object_component>
      <object_component id="oc-2a6">
         <name>.debug_info</name>
         <load_address>0x1d4aa</load_address>
         <run_address>0x1d4aa</run_address>
         <size>0x258</size>
         <input_file_ref idref="fl-ea"/>
      </object_component>
      <object_component id="oc-2b3">
         <name>.debug_info</name>
         <load_address>0x1d702</load_address>
         <run_address>0x1d702</run_address>
         <size>0x290</size>
         <input_file_ref idref="fl-eb"/>
      </object_component>
      <object_component id="oc-243">
         <name>.debug_info</name>
         <load_address>0x1d992</load_address>
         <run_address>0x1d992</run_address>
         <size>0x259</size>
         <input_file_ref idref="fl-eb"/>
      </object_component>
      <object_component id="oc-2e0">
[...]
         <object_component_ref idref="oc-21e"/>
      </symbol>
      <symbol id="sm-6a9">
         <name>powl</name>
         <value>0x15ad</value>
         <object_component_ref idref="oc-21e"/>
      </symbol>
      <symbol id="sm-6cd">
         <name>sqrtl</name>
         <value>0x4565</value>
         <object_component_ref idref="oc-280"/>
      </symbol>
      <symbol id="sm-6ce">
         <name>sqrt</name>
         <value>0x4565</value>
         <object_component_ref idref="oc-280"/>
      </symbol>
      <symbol id="sm-6d6">
         <name>errno</name>
         <value>0x20003bd8</value>
         <object_component_ref idref="oc-286"/>
      </symbol>
      <symbol id="sm-6f7">
         <name>C$$EXIT</name>
         <value>0x592d</value>
         <object_component_ref idref="oc-6e"/>
      </symbol>
      <symbol id="sm-6f8">
         <name>abort</name>
         <value>0x5931</value>
         <object_component_ref idref="oc-6e"/>
      </symbol>
      <symbol id="sm-6f9">
         <name>exit</name>
         <value>0x5939</value>
         <object_component_ref idref="oc-6e"/>
      </symbol>
      <symbol id="sm-6fa">
         <name>__TI_dtors_ptr</name>
         <value>0x20003bb0</value>
         <object_component_ref idref="oc-cb"/>
      </symbol>
      <symbol id="sm-6fb">
         <name>__TI_cleanup_ptr</name>
         <value>0x20003bac</value>
         <object_component_ref idref="oc-cb"/>
      </symbol>
      <symbol id="sm-6fc">
         <name>__TI_enable_exit_profile_output</name>
         <value>0x20003bb4</value>
         <object_component_ref idref="oc-cb"/>
      </symbol>
      <symbol id="sm-713">
         <name>__aeabi_dsub</name>
         <value>0x41fd</value>
         <object_component_ref idref="oc-27b"/>
      </symbol>
      <symbol id="sm-714">
         <name>__aeabi_dadd</name>
         <value>0x4207</value>
         <object_component_ref idref="oc-27b"/>
      </symbol>
      <symbol id="sm-736">
         <name>__aeabi_cdcmpeq</name>
         <value>0x5365</value>
         <object_component_ref idref="oc-28c"/>
      </symbol>
      <symbol id="sm-737">
         <name>__aeabi_cdcmple</name>
         <value>0x5365</value>
         <object_component_ref idref="oc-28c"/>
      </symbol>
      <symbol id="sm-738">
         <name>__aeabi_cdrcmple</name>
         <value>0x53eb</value>
         <object_component_ref idref="oc-291"/>
      </symbol>
      <symbol id="sm-74c">
         <name>__aeabi_ddiv</name>
         <value>0x46d5</value>
         <object_component_ref idref="oc-158"/>
      </symbol>
      <symbol id="sm-757">
         <name>__aeabi_dmul</name>
         <value>0x4b85</value>
         <object_component_ref idref="oc-15d"/>
      </symbol>
      <symbol id="sm-761">
         <name>__aeabi_d2iz</name>
         <value>0x59cd</value>
         <object_component_ref idref="oc-167"/>
      </symbol>
      <symbol id="sm-76b">
         <name>__aeabi_d2uiz</name>
         <value>0x5a15</value>
         <object_component_ref idref="oc-153"/>
      </symbol>
      <symbol id="sm-7a2">
         <name>__TI_cleanup</name>
         <value>0x4101</value>
         <object_component_ref idref="oc-1e3"/>
      </symbol>
      <symbol id="sm-7a3">
         <name>freopen</name>
         <value>0x412d</value>
         <object_component_ref idref="oc-1e3"/>
      </symbol>
      <symbol id="sm-7a4">
         <name>fopen</name>
         <value>0x4157</value>
         <object_component_ref idref="oc-1e3"/>
      </symbol>
      <symbol id="sm-7b9">
         <name>finddevice</name>
         <value>0x555d</value>
         <object_component_ref idref="oc-23a"/>
      </symbol>
      <symbol id="sm-7ba">
         <name>getdevice</name>
         <value>0x5587</value>
         <object_component_ref idref="oc-23a"/>
      </symbol>
      <symbol id="sm-7c4">
         <name>__aeabi_i2d</name>
         <value>0x5b57</value>
         <object_component_ref idref="oc-162"/>
      </symbol>
      <symbol id="sm-7df">
         <name>memcpy</name>
         <value>0x5231</value>
         <object_component_ref idref="oc-3e"/>
      </symbol>
      <symbol id="sm-7e0">
         <name>__aeabi_memcpy</name>
         <value>0x5231</value>
         <object_component_ref idref="oc-3e"/>
      </symbol>
      <symbol id="sm-7e1">
         <name>__aeabi_memcpy8</name>
         <value>0x5231</value>
         <object_component_ref idref="oc-3e"/>
      </symbol>
      <symbol id="sm-7e2">
         <name>__aeabi_memcpy4</name>
         <value>0x5231</value>
         <object_component_ref idref="oc-3e"/>
      </symbol>
      <symbol id="sm-7f1">
         <name>__aeabi_memset</name>
         <value>0x5473</value>
         <object_component_ref idref="oc-4a"/>
      </symbol>
      <symbol id="sm-7f2">
         <name>memset</name>
         <value>0x5479</value>
         <object_component_ref idref="oc-4a"/>
      </symbol>
      <symbol id="sm-7f3">
         <name>__aeabi_memset8</name>
         <value>0x5473</value>
         <object_component_ref idref="oc-4a"/>
      </symbol>
      <symbol id="sm-7f4">
         <name>__aeabi_memset4</name>
         <value>0x5473</value>
         <object_component_ref idref="oc-4a"/>
      </symbol>
      <symbol id="sm-7f5">
         <name>__aeabi_memclr8</name>
         <value>0x5471</value>
         <object_component_ref idref="oc-4a"/>
      </symbol>
      <symbol id="sm-7f6">
         <name>__aeabi_memclr4</name>
         <value>0x5471</value>
         <object_component_ref idref="oc-4a"/>
      </symbol>
      <symbol id="sm-7f7">
         <name>__aeabi_memclr</name>
         <value>0x5471</value>
         <object_component_ref idref="oc-4a"/>
      </symbol>
      <symbol id="sm-801">
         <name>__mpu_init</name>
         <value>0x2bcf</value>
         <object_component_ref idref="oc-56"/>
      </symbol>
      <symbol id="sm-823">
         <name>open</name>
         <value>0x5015</value>
         <object_component_ref idref="oc-24c"/>
      </symbol>
      <symbol id="sm-82d">
         <name>_system_pre_init</name>
         <value>0x5cbd</value>
         <object_component_ref idref="oc-5c"/>
      </symbol>
      <symbol id="sm-84f">
         <name>scalbn</name>
         <value>0x4c81</value>
         <object_component_ref idref="oc-296"/>
      </symbol>
      <symbol id="sm-850">
         <name>scalbnl</name>
         <value>0x4c81</value>
         <object_component_ref idref="oc-296"/>
      </symbol>
      <symbol id="sm-851">
         <name>ldexpl</name>
         <value>0x4c81</value>
         <object_component_ref idref="oc-296"/>
      </symbol>
      <symbol id="sm-852">
         <name>ldexp</name>
         <value>0x4c81</value>
         <object_component_ref idref="oc-296"/>
      </symbol>
      <symbol id="sm-873">
         <name>setvbuf</name>
         <value>0x4e71</value>
         <object_component_ref idref="oc-1e9"/>
      </symbol>
      <symbol id="sm-87b">
         <name>main_func_sp</name>
         <value>0x20003be4</value>
         <object_component_ref idref="oc-74"/>
      </symbol>
      <symbol id="sm-88b">
         <name>strchr</name>
         <value>0x5c2d</value>
         <object_component_ref idref="oc-2aa"/>
      </symbol>
      <symbol id="sm-89a">
         <name>strcmp</name>
         <value>0x5c15</value>
         <object_component_ref idref="oc-2a4"/>
      </symbol>
      <symbol id="sm-8aa">
         <name>strncpy</name>
         <value>0x5b21</value>
         <object_component_ref idref="oc-240"/>
      </symbol>
      <symbol id="sm-8c6">
         <name>_stream</name>
         <value>0x20003b18</value>
         <object_component_ref idref="oc-2ee"/>
      </symbol>
      <symbol id="sm-8c7">
         <name>_device</name>
         <value>0x20003aa0</value>
         <object_component_ref idref="oc-247"/>
      </symbol>
      <symbol id="sm-8c8">
         <name>write</name>
         <value>0x5bb1</value>
         <object_component_ref idref="oc-366"/>
      </symbol>
      <symbol id="sm-8e1">
         <name>_nop</name>
         <value>0x5c53</value>
         <object_component_ref idref="oc-19e"/>
      </symbol>
      <symbol id="sm-8e2">
         <name>_lock</name>
         <value>0x20003bc4</value>
         <object_component_ref idref="oc-ce"/>
      </symbol>
      <symbol id="sm-8e3">
         <name>_unlock</name>
         <value>0x20003bc8</value>
         <object_component_ref idref="oc-ce"/>
      </symbol>
      <symbol id="sm-8e4">
         <name>_register_lock</name>
         <value>0x5c4b</value>
         <object_component_ref idref="oc-19e"/>
      </symbol>
      <symbol id="sm-8e5">
         <name>_register_unlock</name>
         <value>0x5c45</value>
         <object_component_ref idref="oc-19e"/>
      </symbol>
      <symbol id="sm-8f9">
         <name>_args_main</name>
         <value>0x5bfd</value>
         <object_component_ref idref="oc-68"/>
      </symbol>
      <symbol id="sm-923">
         <name>__TI_auto_init</name>
         <value>0x54ed</value>
         <object_component_ref idref="oc-62"/>
      </symbol>
      <symbol id="sm-93d">
         <name>copy_in</name>
         <value>0x5981</value>
         <object_component_ref idref="oc-b5"/>
      </symbol>
      <symbol id="sm-953">
         <name>__TI_closefile</name>
         <value>0x52cd</value>
         <object_component_ref idref="oc-252"/>
      </symbol>
      <symbol id="sm-954">
         <name>fclose</name>
         <value>0x5333</value>
         <object_component_ref idref="oc-252"/>
      </symbol>
      <symbol id="sm-96e">
         <name>__TI_doflush</name>
         <value>0x4f4d</value>
         <object_component_ref idref="oc-2f3"/>
      </symbol>
      <symbol id="sm-96f">
         <name>fflush</name>
         <value>0x4f99</value>
         <object_component_ref idref="oc-2f3"/>
      </symbol>
      <symbol id="sm-980">
         <name>HOSTclose</name>
         <value>0x5a59</value>
         <object_component_ref idref="oc-2ba"/>
      </symbol>
      <symbol id="sm-991">
         <name>HOSTlseek</name>
         <value>0x5635</value>
         <object_component_ref idref="oc-2cc"/>
      </symbol>
      <symbol id="sm-9a3">
         <name>parmbuf</name>
         <value>0x20003520</value>
      </symbol>
      <symbol id="sm-9a4">
         <name>HOSTopen</name>
         <value>0x576d</value>
         <object_component_ref idref="oc-2b4"/>
      </symbol>
      <symbol id="sm-9b5">
         <name>HOSTread</name>
         <value>0x5829</value>
         <object_component_ref idref="oc-2c0"/>
      </symbol>
      <symbol id="sm-9c6">
         <name>HOSTrename</name>
         <value>0x569d</value>
         <object_component_ref idref="oc-2d8"/>
      </symbol>
      <symbol id="sm-9d7">
         <name>HOSTunlink</name>
         <value>0x5a9d</value>
         <object_component_ref idref="oc-2d2"/>
      </symbol>
      <symbol id="sm-9e8">
         <name>HOSTwrite</name>
         <value>0x5881</value>
         <object_component_ref idref="oc-2c6"/>
      </symbol>
      <symbol id="sm-a5a">
         <name>_sys_memory</name>
         <value>0x200035b0</value>
         <object_component_ref idref="oc-30"/>
      </symbol>
      <symbol id="sm-a5b">
         <name>free</name>
         <value>0x2cbb</value>
         <object_component_ref idref="oc-25e"/>
      </symbol>
      <symbol id="sm-a5c">
         <name>realloc</name>
         <value>0x2d7b</value>
         <object_component_ref idref="oc-25e"/>
      </symbol>
      <symbol id="sm-a5d">
         <name>memalign</name>
         <value>0x2e85</value>
         <object_component_ref idref="oc-25e"/>
      </symbol>
      <symbol id="sm-a5e">
         <name>calloc</name>
         <value>0x2f71</value>
         <object_component_ref idref="oc-25e"/>
      </symbol>
      <symbol id="sm-a5f">
         <name>malloc</name>
         <value>0x2c51</value>
         <object_component_ref idref="oc-25e"/>
      </symbol>
      <symbol id="sm-a60">
         <name>minit</name>
         <value>0x2bd1</value>
         <object_component_ref idref="oc-25e"/>
      </symbol>
      <symbol id="sm-a6b">
         <name>copysign</name>
         <value>0x5c59</value>
         <object_component_ref idref="oc-322"/>
      </symbol>
      <symbol id="sm-a6c">
         <name>copysignl</name>
         <value>0x5c59</value>
         <object_component_ref idref="oc-322"/>
      </symbol>
      <symbol id="sm-a76">
         <name>_system_post_cinit</name>
         <value>0x43b3</value>
         <object_component_ref idref="oc-bb"/>
      </symbol>
      <symbol id="sm-a84">
         <name>strcpy</name>
         <value>0x5c6d</value>
         <object_component_ref idref="oc-353"/>
      </symbol>
      <symbol id="sm-a92">
         <name>strlen</name>
         <value>0x5c81</value>
         <object_component_ref idref="oc-339"/>
      </symbol>
      <symbol id="sm-aad">
         <name>__TI_readmsg</name>
         <value>0x5737</value>
         <object_component_ref idref="oc-33f"/>
      </symbol>
      <symbol id="sm-aae">
         <name>C$$IO$$</name>
         <value>0x5733</value>
         <object_component_ref idref="oc-33f"/>
      </symbol>
      <symbol id="sm-aaf">
         <name>__CIOBUF_</name>
         <value>0x20003200</value>
         <object_component_ref idref="oc-381"/>
      </symbol>
      <symbol id="sm-ab0">
         <name>__TI_writemsg</name>
         <value>0x5705</value>
         <object_component_ref idref="oc-33f"/>
      </symbol>
      <symbol id="sm-ac0">
         <name>unlink</name>
         <value>0x5b85</value>
         <object_component_ref idref="oc-2ff"/>
      </symbol>
      <symbol id="sm-ad4">
         <name>close</name>
         <value>0x57cd</value>
         <object_component_ref idref="oc-2f9"/>
      </symbol>
      <symbol id="sm-ad5">
         <name>__TI_static_base__</name>
         <value>0x0</value>
      </symbol>
      <symbol id="sm-ad8">
         <name>SHT$$INIT_ARRAY$$Limit</name>
         <value>0x0</value>
      </symbol>
      <symbol id="sm-ad9">
         <name>SHT$$INIT_ARRAY$$Base</name>
         <value>0x0</value>
      </symbol>
      <symbol id="sm-ada">
         <name>NMI_Handler</name>
         <value>0x5caf</value>
      </symbol>
      <symbol id="sm-adb">
         <name>HardFault_Handler</name>
         <value>0x5caf</value>
      </symbol>
      <symbol id="sm-adc">
         <name>MemManage_Handler</name>
         <value>0x5caf</value>
      </symbol>
      <symbol id="sm-add">
         <name>BusFault_Handler</name>
         <value>0x5caf</value>
      </symbol>
      <symbol id="sm-ade">
         <name>UsageFault_Handler</name>
         <value>0x5caf</value>
      </symbol>
      <symbol id="sm-adf">
         <name>SVC_Handler</name>
         <value>0x5caf</value>
      </symbol>
      <symbol id="sm-ae0">
         <name>DebugMon_Handler</name>
         <value>0x5caf</value>
      </symbol>
      <symbol id="sm-ae1">
         <name>PendSV_Handler</name>
         <value>0x5caf</value>
      </symbol>
      <symbol id="sm-ae2">
         <name>SysTick_Handler</name>
         <value>0x5caf</value>
      </symbol>
      <symbol id="sm-ae3">
         <name>PSS_IRQHandler</name>
         <value>0x5caf</value>
      </symbol>
      <symbol id="sm-ae4">
         <name>CS_IRQHandler</name>
         <value>0x5caf</value>
      </symbol>
      <symbol id="sm-ae5">
         <name>PCM_IRQHandler</name>
         <value>0x5caf</value>
      </symbol>
      <symbol id="sm-ae6">
         <name>WDT_A_IRQHandler</name>
         <value>0x5caf</value>
      </symbol>
      <symbol id="sm-ae7">
         <name>FPU_IRQHandler</name>
         <value>0x5caf</value>
      </symbol>
      <symbol id="sm-ae8">
         <name>FLCTL_IRQHandler</name>
         <value>0x5caf</value>
      </symbol>
      <symbol id="sm-ae9">
         <name>COMP_E0_IRQHandler</name>
         <value>0x5caf</value>
      </symbol>
      <symbol id="sm-aea">
         <name>COMP_E1_IRQHandler</name>
         <value>0x5caf</value>
      </symbol>
      <symbol id="sm-aeb">
         <name>TA0_0_IRQHandler</name>
         <value>0x5caf</value>
      </symbol>
      <symbol id="sm-aec">
         <name>TA0_N_IRQHandler</name>
         <value>0x5caf</value>
      </symbol>
      <symbol id="sm-aed">
         <name>TA1_0_IRQHandler</name>
         <value>0x51fb</value>
      </symbol>
      <symbol id="sm-aee">
         <name>TA1_N_IRQHandler</name>
         <value>0x5caf</value>
      </symbol>
      <symbol id="sm-aef">
         <name>TA2_0_IRQHandler</name>
         <value>0x5caf</value>
      </symbol>
      <symbol id="sm-af0">
         <name>TA2_N_IRQHandler</name>
         <value>0x5caf</value>
      </symbol>
      <symbol id="sm-af1">
         <name>TA3_0_IRQHandler</name>
         <value>0x49f1</value>
      </symbol>
      <symbol id="sm-af2">
         <name>TA3_N_IRQHandler</name>
         <value>0x4a0b</value>
      </symbol>
      <symbol id="sm-af3">
         <name>EUSCIA0_IRQHandler</name>
         <value>0x26a7</value>
      </symbol>
      <symbol id="sm-af4">
         <name>EUSCIA1_IRQHandler</name>
         <value>0x5caf</value>
      </symbol>
      <symbol id="sm-af5">
         <name>EUSCIA2_IRQHandler</name>
         <value>0x5caf</value>
      </symbol>
      <symbol id="sm-af6">
         <name>EUSCIA3_IRQHandler</name>
         <value>0x5caf</value>
      </symbol>
      <symbol id="sm-af7">
         <name>EUSCIB0_IRQHandler</name>
         <value>0x5caf</value>
      </symbol>
      <symbol id="sm-af8">
         <name>EUSCIB1_IRQHandler</name>
         <value>0x5caf</value>
      </symbol>
      <symbol id="sm-af9">
         <name>EUSCIB2_IRQHandler</name>
         <value>0x5caf</value>
      </symbol>
      <symbol id="sm-afa">
         <name>EUSCIB3_IRQHandler</name>
         <value>0x5caf</value>
      </symbol>
      <symbol id="sm-afb">
         <name>ADC14_IRQHandler</name>
         <value>0x5caf</value>
      </symbol>
      <symbol id="sm-afc">
         <name>T32_INT1_IRQHandler</name>
         <value>0x5caf</value>
      </symbol>
      <symbol id="sm-afd">
         <name>T32_INT2_IRQHandler</name>
         <value>0x5caf</value>
      </symbol>
      <symbol id="sm-afe">
         <name>T32_INTC_IRQHandler</name>
         <value>0x5caf</value>
      </symbol>
      <symbol id="sm-aff">
         <name>AES256_IRQHandler</name>
         <value>0x5caf</value>
      </symbol>
      <symbol id="sm-b00">
         <name>RTC_C_IRQHandler</name>
         <value>0x5caf</value>
      </symbol>
      <symbol id="sm-b01">
         <name>DMA_ERR_IRQHandler</name>
         <value>0x5caf</value>
      </symbol>
      <symbol id="sm-b02">
         <name>DMA_INT3_IRQHandler</name>
         <value>0x5caf</value>
      </symbol>
      <symbol id="sm-b03">
         <name>DMA_INT2_IRQHandler</name>
         <value>0x5caf</value>
      </symbol>
      <symbol id="sm-b04">
         <name>DMA_INT1_IRQHandler</name>
         <value>0x5caf</value>
      </symbol>
      <symbol id="sm-b05">
         <name>DMA_INT0_IRQHandler</name>
         <value>0x5caf</value>
      </symbol>
      <symbol id="sm-b06">
         <name>PORT1_IRQHandler</name>
         <value>0x5caf</value>
      </symbol>
      <symbol id="sm-b07">
         <name>PORT2_IRQHandler</name>
         <value>0x5caf</value>
      </symbol>
      <symbol id="sm-b08">
         <name>PORT3_IRQHandler</name>
         <value>0x5caf</value>
      </symbol>
      <symbol id="sm-b09">
         <name>PORT4_IRQHandler</name>
         <value>0x4903</value>
      </symbol>
      <symbol id="sm-b0a">
         <name>PORT5_IRQHandler</name>
         <value>0x5caf</value>
      </symbol>
      <symbol id="sm-b0b">
         <name>PORT6_IRQHandler</name>
         <value>0x5caf</value>
      </symbol>
      <symbol id="sm-b0c">
         <name>remove</name>
         <value>0x5b85</value>
      </symbol>
   </symbol_table>
   <title>Link successful</title>
</link_info>
